[Licensing::Module] Trying to connect to existing licensing client channel...
Built from '6000.3/staging' branch; Version is '6000.3.8f1 (1c7db571dde0) revision 1867189'; Using compiler version '194234433'; Build Type 'Release'
[Licensing::IpcConnector] Successfully connected to: "LicenseClient-nigel.morris" at "2026-06-29T14:01:39.8302127Z"
OS: 'Windows 11  (10.0.26200) Education' Language: 'en' Physical Memory: 65129 MB
BatchMode: 1, IsHumanControllingUs: 0, StartBugReporterOnCrash: 0, Is64bit: 1
System  architecture: x64
Process architecture: x64
Date: 2026-06-29T14:01:39Z

COMMAND LINE ARGUMENTS:
C:\Program Files\Unity\Hub\Editor\6000.3.8f1\Editor\Unity.exe
-adb2
-batchMode
-noUpm
-name
AssetImportWorker4
-projectPath
C:/Users/nigel.morris/OneDrive - eastsussexcollegegroup/Documents/GitHub/FPS-Microgame-2025
-logFile
Logs/AssetImportWorker4.log
-srvPort
49947
-licensingIpc
LicenseClient-nigel.morris
-job-worker-count
11
-background-job-worker-count
8
-gc-helper-count
1
-name
AssetImport
Successfully changed project path to: C:/Users/nigel.morris/OneDrive - eastsussexcollegegroup/Documents/GitHub/FPS-Microgame-2025
C:/Users/nigel.morris/OneDrive - eastsussexcollegegroup/Documents/GitHub/FPS-Microgame-2025
[UnityMemory] Configuration Parameters - Can be set up in boot.config
    "memorysetup-temp-allocator-size-nav-mesh-worker=65536"
    "memorysetup-temp-allocator-size-audio-worker=65536"
    "memorysetup-temp-allocator-size-gfx=262144"
    "memorysetup-allocator-temp-initial-block-size-main=262144"
    "memorysetup-allocator-temp-initial-block-size-worker=262144"
    "memorysetup-temp-allocator-size-background-worker=32768"
    "memorysetup-temp-allocator-size-job-worker=262144"
    "memorysetup-temp-allocator-size-preload-manager=33554432"
    "memorysetup-temp-allocator-size-gi-baking-worker=262144"
    "memorysetup-temp-allocator-size-gi-baking-worker=262144"
    "memorysetup-temp-allocator-size-gi-baking-worker=262144"
    "memorysetup-temp-allocator-size-gi-baking-worker=262144"
    "memorysetup-temp-allocator-size-gi-baking-worker=262144"
    "memorysetup-bucket-allocator-granularity=16"
    "memorysetup-bucket-allocator-bucket-count=8"
    "memorysetup-bucket-allocator-block-size=33554432"
    "memorysetup-bucket-allocator-block-count=8"
    "memorysetup-main-allocator-block-size=16777216"
    "memorysetup-thread-allocator-block-size=16777216"
    "memorysetup-gfx-main-allocator-block-size=16777216"
    "memorysetup-gfx-thread-allocator-block-size=16777216"
    "memorysetup-cache-allocator-block-size=4194304"
    "memorysetup-typetree-allocator-block-size=2097152"
    "memorysetup-profiler-bucket-allocator-granularity=16"
    "memorysetup-profiler-bucket-allocator-bucket-count=8"
    "memorysetup-profiler-bucket-allocator-block-size=33554432"
    "memorysetup-profiler-bucket-allocator-block-count=8"
    "memorysetup-profiler-allocator-block-size=16777216"
    "memorysetup-profiler-editor-allocator-block-size=1048576"
    "memorysetup-temp-allocator-size-main=16777216"
    "memorysetup-job-temp-allocator-block-size=2097152"
    "memorysetup-job-temp-allocator-block-size-background=1048576"
    "memorysetup-job-temp-allocator-reduction-small-platforms=262144"
    "memorysetup-temp-allocator-size-cloud-worker=32768"
Player connection [31404]  Target information:

Player connection [31404]  * "[IP] 172.27.185.99 [Port] 0 [Flags] 2 [Guid] 249993539 [EditorId] 249993539 [Version] 1048832 [Id] WindowsEditor(7,L-CB346-16422T) [Debug] 1 [PackageName] WindowsEditor [ProjectName] Editor" 

Player connection [31404] Host joined multi-casting on [225.0.0.222:54997]...
Player connection [31404] Host joined alternative multi-casting on [225.0.0.222:34997]...
JobSystem: Creating JobQueue using job-worker-count value 11
Input System module state changed to: Initialized.
[Physics::Module] Initialized fallback backend.
[Physics::Module] Id: 0xdecafbad
Library Redirect Path: Library/
[Physics::Module] Selected backend.
[Physics::Module] Name: PhysX
[Physics::Module] Id: 0xf2b8ea05
[Physics::Module] SDK Version: 4.1.2
[Physics::Module] Integration Version: 1.0.0
[Physics::Module] Threading Mode: Multi-Threaded
Refreshing native plugins compatible for Editor in 1.73 ms, found 2 plugins.
Preloading 0 native plugins for Editor in 0.00 ms.
Initialize engine version: 6000.3.8f1 (1c7db571dde0)
[Subsystems] Discovering subsystems at path C:/Program Files/Unity/Hub/Editor/6000.3.8f1/Editor/Data/Resources/UnitySubsystems
[Subsystems] Discovering subsystems at path C:/Users/nigel.morris/OneDrive - eastsussexcollegegroup/Documents/GitHub/FPS-Microgame-2025/Assets
GfxDevice: creating device client; kGfxThreadingModeNonThreaded
Direct3D:
    Version:  Direct3D 11.0 [level 11.1]
    Renderer: NVIDIA GeForce RTX 4090 (ID=0x2684)
    Vendor:   NVIDIA
    VRAM:     24138 MB
    Driver:   32.0.15.9597
Initialize mono
Mono path[0] = 'C:/Program Files/Unity/Hub/Editor/6000.3.8f1/Editor/Data/Managed'
Mono path[1] = 'C:/Program Files/Unity/Hub/Editor/6000.3.8f1/Editor/Data/MonoBleedingEdge/lib/mono/unityjit-win32'
Mono config path = 'C:/Program Files/Unity/Hub/Editor/6000.3.8f1/Editor/Data/MonoBleedingEdge/etc'
Using monoOptions --debugger-agent=transport=dt_socket,embedding=1,server=y,suspend=n,address=127.0.0.1:56864
Begin MonoManager ReloadAssembly
Registering precompiled unity dll's ...
Register platform support module: C:/Program Files/Unity/Hub/Editor/6000.3.8f1/Editor/Data/PlaybackEngines/WebGLSupport/UnityEditor.WebGL.Extensions.dll
Register platform support module: C:/Program Files/Unity/Hub/Editor/6000.3.8f1/Editor/Data/PlaybackEngines/MacStandaloneSupport/UnityEditor.OSXStandalone.Extensions.dll
Register platform support module: C:/Program Files/Unity/Hub/Editor/6000.3.8f1/Editor/Data/PlaybackEngines/WindowsStandaloneSupport/UnityEditor.WindowsStandalone.Extensions.dll
[Licensing::Module] Licensing is not yet initialized.
[Licensing::Client] Handshaking with LicensingClient:
  Version:                 1.17.4+4293ba1
  Session Id:              f88e7a6cee2e4d8aba97928313a78308
  Correlation Id:          76bf0c0386612ddf2043f5e2de490992
  External correlation Id: 3722509937946122752
  Machine Id:              MDg+barcQ7c7z6KV2Ua+xBe39l8=
[Licensing::Module] Successfully connected to LicensingClient on channel: "LicenseClient-nigel.morris" (connect: 0.00s, validation: 0.00s, handshake: 1.19s)
[Licensing::IpcConnector] Successfully connected to: "LicenseClient-nigel.morris-notifications" at "2026-06-29T14:01:41.0271429Z"
[Licensing::Module] Licensing Background thread has ended after 1.20s
[Licensing::Module] Licensing is initialized (took 0.24s).
[Licensing::Client] Successfully resolved entitlement details
[Licensing::Module] License group:
  Id: E4-5EVD-TUDB-EX42-UW92-XXXX
  Product: Unity Education
  Type: ULF
  Expiration: 2026-11-08T22:20:47Z
Register platform support module: C:/Program Files/Unity/Hub/Editor/6000.3.8f1/Editor/Data/PlaybackEngines/MetroSupport/UnityEditor.UWP.Extensions.dll
[Licensing::Client] Successfully resolved entitlement details
Register platform support module: C:/Program Files/Unity/Hub/Editor/6000.3.8f1/Editor/Data/PlaybackEngines/AndroidPlayer/UnityEditor.Android.Extensions.dll
[Licensing::Client] Successfully resolved entitlement details
Register platform support module: C:/Program Files/Unity/Hub/Editor/6000.3.8f1/Editor/Data/PlaybackEngines/iOSSupport/UnityEditor.iOS.Extensions.dll
Register platform support module: C:/Program Files/Unity/Hub/Editor/6000.3.8f1/Editor/Data/PlaybackEngines/AppleTVSupport/UnityEditor.AppleTV.Extensions.dll
Register platform support module: C:/Program Files/Unity/Hub/Editor/6000.3.8f1/Editor/Data/PlaybackEngines/LinuxStandaloneSupport/UnityEditor.LinuxStandalone.Extensions.dll
Registered in 0.252105 seconds.
- Loaded All Assemblies, in  0.625 seconds
Native extension for LinuxStandalone target not found
[usbmuxd] Start listen thread
[usbmuxd] Listen thread started
Native extension for AppleTV target not found
[usbmuxd] Start listen thread
[usbmuxd] Listen thread started
Native extension for iOS target not found
Native extension for Android target not found
Android Extension - Scanning For ADB Devices 2330 ms
Native extension for UWP target not found
Native extension for WindowsStandalone target not found
Native extension for OSXStandalone target not found
Native extension for WebGL target not found
Package Manager log level set to [2]
[Package Manager] Failed to launch server process. Reason: Unity was launched with the -noUpm command-line argument
[Package Manager] Unable to send message (not connected to server process).
[Package Manager] Cannot connect to Unity Package Manager local server
ScheduleIndexationOnStartup MainProcess:False IndexOnStartup:True
Mono: successfully reloaded assembly
- Finished resetting the current domain, in  2.714 seconds
Domain Reload Profiling: 3334ms
	BeginReloadAssembly (142ms)
		ExecutionOrderSort (0ms)
		DisableScriptedObjects (0ms)
		BackupInstance (0ms)
		ReleaseScriptingObjects (0ms)
		CreateAndSetChildDomain (1ms)
	RebuildCommonClasses (35ms)
	RebuildNativeTypeToScriptingClass (13ms)
	initialDomainReloadingComplete (289ms)
	LoadAllAssembliesAndSetupDomain (143ms)
		LoadAssemblies (138ms)
		RebuildTransferFunctionScriptingTraits (0ms)
		AnalyzeDomain (137ms)
			TypeCache.Refresh (135ms)
				TypeCache.ScanAssembly (125ms)
			BuildScriptInfoCaches (0ms)
			ResolveRequiredComponents (0ms)
	FinalizeReload (2714ms)
		ReleaseScriptCaches (0ms)
		RebuildScriptCaches (0ms)
		SetupLoadedEditorAssemblies (2682ms)
			LogAssemblyErrors (0ms)
			InitializePlatformSupportModulesInManaged (2441ms)
			SetLoadedEditorAssemblies (3ms)
			BeforeProcessingInitializeOnLoad (75ms)
			ProcessInitializeOnLoadAttributes (123ms)
			ProcessInitializeOnLoadMethodAttributes (39ms)
			AfterProcessingInitializeOnLoad (0ms)
			EditorAssembliesLoaded (0ms)
		ExecutionOrderSort2 (0ms)
		AwakeInstancesAfterBackupRestoration (0ms)
========================================================================
Worker process is ready to serve import requests
Import Worker Mode flag is 0x00
Begin MonoManager ReloadAssembly
[Licensing::Client] Successfully resolved entitlement details
- Loaded All Assemblies, in  0.746 seconds
Refreshing native plugins compatible for Editor in 0.86 ms, found 2 plugins.
Native extension for LinuxStandalone target not found
Native extension for AppleTV target not found
Native extension for iOS target not found
Native extension for Android target not found
Native extension for UWP target not found
Native extension for WindowsStandalone target not found
Native extension for OSXStandalone target not found
Native extension for WebGL target not found
[Package Manager] Failed to launch server process. Reason: Unity was launched with the -noUpm command-line argument
[Package Manager] Unable to send message (not connected to server process).
[Package Manager] Cannot connect to Unity Package Manager local server
[MODES] ModeService[none].Initialize
[MODES] ModeService[none].LoadModes
[MODES] Loading mode Default (0) for mode-current-id-fps
ScheduleIndexationOnStartup MainProcess:False IndexOnStartup:True
Mono: successfully reloaded assembly
- Finished resetting the current domain, in  0.627 seconds
Domain Reload Profiling: 1364ms
	BeginReloadAssembly (163ms)
		ExecutionOrderSort (0ms)
		DisableScriptedObjects (4ms)
		BackupInstance (0ms)
		ReleaseScriptingObjects (0ms)
		CreateAndSetChildDomain (33ms)
	RebuildCommonClasses (28ms)
	RebuildNativeTypeToScriptingClass (9ms)
	initialDomainReloadingComplete (33ms)
	LoadAllAssembliesAndSetupDomain (504ms)
		LoadAssemblies (393ms)
		RebuildTransferFunctionScriptingTraits (0ms)
		AnalyzeDomain (199ms)
			TypeCache.Refresh (141ms)
				TypeCache.ScanAssembly (129ms)
			BuildScriptInfoCaches (48ms)
			ResolveRequiredComponents (7ms)
	FinalizeReload (627ms)
		ReleaseScriptCaches (0ms)
		RebuildScriptCaches (0ms)
		SetupLoadedEditorAssemblies (468ms)
			LogAssemblyErrors (0ms)
			InitializePlatformSupportModulesInManaged (22ms)
			SetLoadedEditorAssemblies (3ms)
			BeforeProcessingInitializeOnLoad (121ms)
			ProcessInitializeOnLoadAttributes (245ms)
			ProcessInitializeOnLoadMethodAttributes (70ms)
			AfterProcessingInitializeOnLoad (5ms)
			EditorAssembliesLoaded (0ms)
		ExecutionOrderSort2 (0ms)
		AwakeInstancesAfterBackupRestoration (5ms)
Launched and connected shader compiler UnityShaderCompiler.exe after 0.01 seconds
Refreshing native plugins compatible for Editor in 1.17 ms, found 2 plugins.
Preloading 0 native plugins for Editor in 0.00 ms.
Unloading 17 Unused Serialized files (Serialized files now loaded: 0)
Unloading 5375 unused Assets / (4.0 MB). Loaded Objects now: 6220.
Memory consumption went from 147.7 MB to 143.7 MB.
Total: 8.484100 ms (FindLiveObjects: 0.643400 ms CreateObjectMapping: 0.283600 ms MarkObjects: 5.788300 ms  DeleteObjects: 1.768000 ms)

========================================================================
Received Import Request.
  Time since last request: 421531.128004 seconds.
  path: Assets/TextMesh Pro/Resources/Fonts & Materials/LiberationSans SDF.asset
  artifactKey: Guid(8f586378b4e144a9851e7b34d9b748ee) Importer(2089858483,d624ce77472d68a35037170ec1d2d27e)
Start importing Assets/TextMesh Pro/Resources/Fonts & Materials/LiberationSans SDF.asset using Guid(8f586378b4e144a9851e7b34d9b748ee) Importer(2089858483,d624ce77472d68a35037170ec1d2d27e) (ScriptedImporter) -> (artifact id: '410c3c4b12c8e3e98a907b6b2c6e3513') in 0.1058501 seconds
Number of updated asset objects reloaded before import = 0Number of asset objects unloaded after import = 9

========================================================================
Received Import Request.
  Time since last request: 0.000021 seconds.
  path: Assets/FPS/Prefabs/Level/BaseObjects/Wall_Door_Mesh.prefab
  artifactKey: Guid(81f93335543589a4f91b584e567ac59e) Importer(2089858483,6ccb1906827d78b5adc64f8648ee0e84)
Start importing Assets/FPS/Prefabs/Level/BaseObjects/Wall_Door_Mesh.prefab using Guid(81f93335543589a4f91b584e567ac59e) Importer(2089858483,6ccb1906827d78b5adc64f8648ee0e84) (ScriptedImporter) -> (artifact id: '8bd81623301b2dcdd2ff52b067bdc067') in 0.0375321 seconds
Number of updated asset objects reloaded before import = 0Number of asset objects unloaded after import = 9

========================================================================
Received Import Request.
  Time since last request: 0.000025 seconds.
  path: Assets/AddOns/MgFPS_Vaporizer/Pickup_Vaporizer.prefab
  artifactKey: Guid(60bc7ea05d84dd04f9bee83b769e4bec) Importer(2089858483,6ccb1906827d78b5adc64f8648ee0e84)
Start importing Assets/AddOns/MgFPS_Vaporizer/Pickup_Vaporizer.prefab using Guid(60bc7ea05d84dd04f9bee83b769e4bec) Importer(2089858483,6ccb1906827d78b5adc64f8648ee0e84) (ScriptedImporter) -> (artifact id: '03e5c8518af5cf7dc120df5b481056e7') in 0.2592306 seconds
Number of updated asset objects reloaded before import = 0Number of asset objects unloaded after import = 171

========================================================================
Received Import Request.
  Time since last request: 0.000018 seconds.
  path: Assets/FPS/Prefabs/Level/Dungeon/Dun_Tower_Open.prefab
  artifactKey: Guid(1d5f7af86369d6d49be1dc50227c3be5) Importer(2089858483,6ccb1906827d78b5adc64f8648ee0e84)
Start importing Assets/FPS/Prefabs/Level/Dungeon/Dun_Tower_Open.prefab using Guid(1d5f7af86369d6d49be1dc50227c3be5) Importer(2089858483,6ccb1906827d78b5adc64f8648ee0e84) (ScriptedImporter) -> (artifact id: 'df727ee81959028257343ee923316203') in 0.0697627 seconds
Number of updated asset objects reloaded before import = 0Number of asset objects unloaded after import = 306

========================================================================
Received Import Request.
  Time since last request: 0.000024 seconds.
  path: Assets/FPS/Prefabs/Level/Rooms/Room_Medium.prefab
  artifactKey: Guid(35af8bf2573f2d9458eb42510e2d6006) Importer(2089858483,6ccb1906827d78b5adc64f8648ee0e84)
Start importing Assets/FPS/Prefabs/Level/Rooms/Room_Medium.prefab using Guid(35af8bf2573f2d9458eb42510e2d6006) Importer(2089858483,6ccb1906827d78b5adc64f8648ee0e84) (ScriptedImporter) -> (artifact id: '54caf94841e28652a52877130494c931') in 0.1330298 seconds
Number of updated asset objects reloaded before import = 0Number of asset objects unloaded after import = 644

========================================================================
Received Import Request.
  Time since last request: 0.000019 seconds.
  path: Assets/AddOns/MgFPS_Aurous/Projectile_Aurous.prefab
  artifactKey: Guid(582a0eeafb6643d4fa34892d7c7befd2) Importer(2089858483,6ccb1906827d78b5adc64f8648ee0e84)
Start importing Assets/AddOns/MgFPS_Aurous/Projectile_Aurous.prefab using Guid(582a0eeafb6643d4fa34892d7c7befd2) Importer(2089858483,6ccb1906827d78b5adc64f8648ee0e84) (ScriptedImporter) -> (artifact id: '7fc3dd95b772cb95d6a1e0006be2cb63') in 0.0533474 seconds
Number of updated asset objects reloaded before import = 0Number of asset objects unloaded after import = 38

========================================================================
Received Import Request.
  Time since last request: 0.000017 seconds.
  path: Assets/FPS/Prefabs/Level/BaseObjects/Wall_1m_Mesh.prefab
  artifactKey: Guid(22ee8966e4c728a418415db5731c87ae) Importer(2089858483,6ccb1906827d78b5adc64f8648ee0e84)
Start importing Assets/FPS/Prefabs/Level/BaseObjects/Wall_1m_Mesh.prefab using Guid(22ee8966e4c728a418415db5731c87ae) Importer(2089858483,6ccb1906827d78b5adc64f8648ee0e84) (ScriptedImporter) -> (artifact id: '9870d9c770e303f64fba3b8a44d25551') in 0.0132169 seconds
Number of updated asset objects reloaded before import = 0Number of asset objects unloaded after import = 10

========================================================================
Received Import Request.
  Time since last request: 0.000023 seconds.
  path: Assets/ModAssets/Prefabs/Totems/Statue_Big.prefab
  artifactKey: Guid(04df6363b21362a46bcfbb6b371a8671) Importer(2089858483,6ccb1906827d78b5adc64f8648ee0e84)
Start importing Assets/ModAssets/Prefabs/Totems/Statue_Big.prefab using Guid(04df6363b21362a46bcfbb6b371a8671) Importer(2089858483,6ccb1906827d78b5adc64f8648ee0e84) (ScriptedImporter) -> (artifact id: 'afbb111c45bffd4b58652e478a50feb9') in 0.0266787 seconds
Number of updated asset objects reloaded before import = 0Number of asset objects unloaded after import = 9

========================================================================
Received Import Request.
  Time since last request: 0.000018 seconds.
  path: Assets/AddOns/MgFPS_Quasar/Quasar_VFX/Quasar_CanisterParticle.prefab
  artifactKey: Guid(67207f585b1ba5c4bbbe44f9c4afd084) Importer(2089858483,6ccb1906827d78b5adc64f8648ee0e84)
Start importing Assets/AddOns/MgFPS_Quasar/Quasar_VFX/Quasar_CanisterParticle.prefab using Guid(67207f585b1ba5c4bbbe44f9c4afd084) Importer(2089858483,6ccb1906827d78b5adc64f8648ee0e84) (ScriptedImporter) -> (artifact id: 'eab177575a9bcc37f53d59cf3a2e0a7c') in 0.0335338 seconds
Number of updated asset objects reloaded before import = 0Number of asset objects unloaded after import = 12

========================================================================
Received Import Request.
  Time since last request: 0.000016 seconds.
  path: Assets/TextMesh Pro/Shaders/TMP_Bitmap-Mobile.shader
  artifactKey: Guid(1e3b057af24249748ff873be7fafee47) Importer(2089858483,d624ce77472d68a35037170ec1d2d27e)
Start importing Assets/TextMesh Pro/Shaders/TMP_Bitmap-Mobile.shader using Guid(1e3b057af24249748ff873be7fafee47) Importer(2089858483,d624ce77472d68a35037170ec1d2d27e) (ScriptedImporter) -> (artifact id: '184a920d61d0b2b2715cf5945a5595f3') in 0.013061 seconds
Number of updated asset objects reloaded before import = 0Number of asset objects unloaded after import = 1

========================================================================
Received Import Request.
  Time since last request: 0.000017 seconds.
  path: Assets/AddOns/MgFPS_Thunderlight/Projectile_Thunderlight.prefab
  artifactKey: Guid(3759afd112119c742952e4870f6a5dcf) Importer(2089858483,6ccb1906827d78b5adc64f8648ee0e84)
Start importing Assets/AddOns/MgFPS_Thunderlight/Projectile_Thunderlight.prefab using Guid(3759afd112119c742952e4870f6a5dcf) Importer(2089858483,6ccb1906827d78b5adc64f8648ee0e84) (ScriptedImporter) -> (artifact id: 'f83d81ad9d067907847f0f69dab0c33d') in 0.083338 seconds
Number of updated asset objects reloaded before import = 0Number of asset objects unloaded after import = 51

========================================================================
Received Import Request.
  Time since last request: 0.000027 seconds.
  path: Assets/CodeMonkey/KeyDoorSystem/Objects/DoorKeyUISingle.prefab
  artifactKey: Guid(345158a61f7bd59439499b771dd9ee0a) Importer(2089858483,6ccb1906827d78b5adc64f8648ee0e84)
Start importing Assets/CodeMonkey/KeyDoorSystem/Objects/DoorKeyUISingle.prefab using Guid(345158a61f7bd59439499b771dd9ee0a) Importer(2089858483,6ccb1906827d78b5adc64f8648ee0e84) (ScriptedImporter) -> (artifact id: '7718410b6647b93e9bfcd85d54d6743e') in 0.0465703 seconds
Number of updated asset objects reloaded before import = 0Number of asset objects unloaded after import = 7

========================================================================
Received Import Request.
  Time since last request: 0.000015 seconds.
  path: Assets/ModAssets/Prefabs/Totems/Altar.prefab
  artifactKey: Guid(9fdc68ab5a8b18c4a80ce37254a88b2d) Importer(2089858483,6ccb1906827d78b5adc64f8648ee0e84)
Start importing Assets/ModAssets/Prefabs/Totems/Altar.prefab using Guid(9fdc68ab5a8b18c4a80ce37254a88b2d) Importer(2089858483,6ccb1906827d78b5adc64f8648ee0e84) (ScriptedImporter) -> (artifact id: '166155b4a7311950fec40ebe97e4a65a') in 0.0162714 seconds
Number of updated asset objects reloaded before import = 0Number of asset objects unloaded after import = 23

========================================================================
Received Import Request.
  Time since last request: 0.000017 seconds.
  path: Assets/FPS/Prefabs/ObjectivePickupItem.prefab
  artifactKey: Guid(a5e57422b1d4cd7418d7bd6037f5a604) Importer(2089858483,6ccb1906827d78b5adc64f8648ee0e84)
Start importing Assets/FPS/Prefabs/ObjectivePickupItem.prefab using Guid(a5e57422b1d4cd7418d7bd6037f5a604) Importer(2089858483,6ccb1906827d78b5adc64f8648ee0e84) (ScriptedImporter) -> (artifact id: '7c9cb455e72db31533955e98bf3221fb') in 0.0220035 seconds
Number of updated asset objects reloaded before import = 0Number of asset objects unloaded after import = 8

========================================================================
Received Import Request.
  Time since last request: 0.000016 seconds.
  path: Assets/AddOns/MgFPS_Fireballer/Fireballer_VFX/VFX_MuzzleFlashOrange.prefab
  artifactKey: Guid(7d68a310567b0ab41b0f0ba94f4ae677) Importer(2089858483,6ccb1906827d78b5adc64f8648ee0e84)
Start importing Assets/AddOns/MgFPS_Fireballer/Fireballer_VFX/VFX_MuzzleFlashOrange.prefab using Guid(7d68a310567b0ab41b0f0ba94f4ae677) Importer(2089858483,6ccb1906827d78b5adc64f8648ee0e84) (ScriptedImporter) -> (artifact id: 'd61eae83ccaad8b5071b6a5853907d17') in 0.0206878 seconds
Number of updated asset objects reloaded before import = 0Number of asset objects unloaded after import = 6

========================================================================
Received Import Request.
  Time since last request: 0.000022 seconds.
  path: Assets/ModAssets/Prefabs/BillboardPrefabs/BillboardBasic.prefab
  artifactKey: Guid(441945e8a4aa644b3ac6600c6712f79c) Importer(2089858483,6ccb1906827d78b5adc64f8648ee0e84)
Start importing Assets/ModAssets/Prefabs/BillboardPrefabs/BillboardBasic.prefab using Guid(441945e8a4aa644b3ac6600c6712f79c) Importer(2089858483,6ccb1906827d78b5adc64f8648ee0e84) (ScriptedImporter) -> (artifact id: '0d77cce90aa2402691505af68804ae41') in 0.0411252 seconds
Number of updated asset objects reloaded before import = 0Number of asset objects unloaded after import = 72

========================================================================
Received Import Request.
  Time since last request: 0.000014 seconds.
  path: Assets/FPS/Prefabs/Weapons/Weapon_Shotgun.prefab
  artifactKey: Guid(31d97e822763d1f4cb769f7e3f7f7333) Importer(2089858483,6ccb1906827d78b5adc64f8648ee0e84)
Start importing Assets/FPS/Prefabs/Weapons/Weapon_Shotgun.prefab using Guid(31d97e822763d1f4cb769f7e3f7f7333) Importer(2089858483,6ccb1906827d78b5adc64f8648ee0e84) (ScriptedImporter) -> (artifact id: '4e691cfd8059b62c0e32fcbddfb41b19') in 0.0368871 seconds
Number of updated asset objects reloaded before import = 0Number of asset objects unloaded after import = 99

========================================================================
Received Import Request.
  Time since last request: 0.000015 seconds.
  path: Assets/AddOns/MgFPS_Boomshot/Weapon_Boomshot.prefab
  artifactKey: Guid(f9e6f47202077c64dba51eef4eda7fd4) Importer(2089858483,6ccb1906827d78b5adc64f8648ee0e84)
Start importing Assets/AddOns/MgFPS_Boomshot/Weapon_Boomshot.prefab using Guid(f9e6f47202077c64dba51eef4eda7fd4) Importer(2089858483,6ccb1906827d78b5adc64f8648ee0e84) (ScriptedImporter) -> (artifact id: 'd56d6f53f5c367feab459b29dfc79abd') in 0.1794553 seconds
Number of updated asset objects reloaded before import = 0Number of asset objects unloaded after import = 143

========================================================================
Received Import Request.
  Time since last request: 0.000020 seconds.
  path: Assets/AddOns/MgFPS_Enemy_Boss/Prefabs/Projectile_PhotonCannon.prefab
  artifactKey: Guid(c2339b04091b5d34da658efb68e9ca48) Importer(2089858483,6ccb1906827d78b5adc64f8648ee0e84)
Start importing Assets/AddOns/MgFPS_Enemy_Boss/Prefabs/Projectile_PhotonCannon.prefab using Guid(c2339b04091b5d34da658efb68e9ca48) Importer(2089858483,6ccb1906827d78b5adc64f8648ee0e84) (ScriptedImporter) -> (artifact id: '07b347a0461e8e618b5f479692e14019') in 0.0336147 seconds
Number of updated asset objects reloaded before import = 0Number of asset objects unloaded after import = 16

========================================================================
Received Import Request.
  Time since last request: 0.000028 seconds.
  path: Assets/AddOns/MgFPS_Vaporizer/Vaporizer_VFX/Vaporizer_GunCylinder.prefab
  artifactKey: Guid(4d1868953ab920e4b9010c3d5aeeb221) Importer(2089858483,6ccb1906827d78b5adc64f8648ee0e84)
Start importing Assets/AddOns/MgFPS_Vaporizer/Vaporizer_VFX/Vaporizer_GunCylinder.prefab using Guid(4d1868953ab920e4b9010c3d5aeeb221) Importer(2089858483,6ccb1906827d78b5adc64f8648ee0e84) (ScriptedImporter) -> (artifact id: 'b6b7e04eb5f60e53251f50f9b79f85ce') in 0.0203154 seconds
Number of updated asset objects reloaded before import = 0Number of asset objects unloaded after import = 6

========================================================================
Received Import Request.
  Time since last request: 0.000015 seconds.
  path: Assets/AddOns/MgFPS_Enemy_Boss/Prefabs/Detection_Module_SpinningRadar_L.prefab
  artifactKey: Guid(280633f5eb2f59f41b7c33c6e2fd79f9) Importer(2089858483,6ccb1906827d78b5adc64f8648ee0e84)
Start importing Assets/AddOns/MgFPS_Enemy_Boss/Prefabs/Detection_Module_SpinningRadar_L.prefab using Guid(280633f5eb2f59f41b7c33c6e2fd79f9) Importer(2089858483,6ccb1906827d78b5adc64f8648ee0e84) (ScriptedImporter) -> (artifact id: 'f7ad9cf093e78265d52ce87c93910286') in 0.042406 seconds
Number of updated asset objects reloaded before import = 0Number of asset objects unloaded after import = 52

========================================================================
Received Import Request.
  Time since last request: 0.000018 seconds.
  path: Assets/CodeMonkey/KeyDoorSystem/_Demo/KeyDoorSystem_Demo.unity
  artifactKey: Guid(24b064e9c97e407458519d71cea5038b) Importer(2089858483,6ccb1906827d78b5adc64f8648ee0e84)
Start importing Assets/CodeMonkey/KeyDoorSystem/_Demo/KeyDoorSystem_Demo.unity using Guid(24b064e9c97e407458519d71cea5038b) Importer(2089858483,6ccb1906827d78b5adc64f8648ee0e84) (ScriptedImporter)Opening scene 'Assets/CodeMonkey/KeyDoorSystem/_Demo/KeyDoorSystem_Demo.unity additively'
LightingSettings: switching bake backend from 2 to 1.
Loaded scene 'Assets/CodeMonkey/KeyDoorSystem/_Demo/KeyDoorSystem_Demo.unity'
	Deserialize:            25.652 ms
	Integration:            93.210 ms
	Integration of assets:  0.589 ms
	Thread Wait Time:       0.082 ms
	Total Operation Time:   119.532 ms
 -> (artifact id: 'f124d105df4f2ddfe6c51956692ac414') in 0.2057563 seconds
Number of updated asset objects reloaded before import = 0Number of asset objects unloaded after import = 222

========================================================================
Received Import Request.
  Time since last request: 0.000016 seconds.
  path: Assets/FPS/Prefabs/Level/Signs/Sign_Pyramid_Orange.prefab
  artifactKey: Guid(aa08b41b35f44f14b88700116e6ecff3) Importer(2089858483,6ccb1906827d78b5adc64f8648ee0e84)
Start importing Assets/FPS/Prefabs/Level/Signs/Sign_Pyramid_Orange.prefab using Guid(aa08b41b35f44f14b88700116e6ecff3) Importer(2089858483,6ccb1906827d78b5adc64f8648ee0e84) (ScriptedImporter) -> (artifact id: '57b526dd59e2b156d9ac802f8e9f964e') in 0.0204324 seconds
Number of updated asset objects reloaded before import = 0Number of asset objects unloaded after import = 9

========================================================================
Received Import Request.
  Time since last request: 0.000022 seconds.
  path: Assets/FPS/Prefabs/UI/NotificationToast.prefab
  artifactKey: Guid(791e30b832d8b814c82d519317a16e6d) Importer(2089858483,6ccb1906827d78b5adc64f8648ee0e84)
Start importing Assets/FPS/Prefabs/UI/NotificationToast.prefab using Guid(791e30b832d8b814c82d519317a16e6d) Importer(2089858483,6ccb1906827d78b5adc64f8648ee0e84) (ScriptedImporter) -> (artifact id: 'df415d94f5ecc0be4e7ec9094d394b4b') in 0.0544232 seconds
Number of updated asset objects reloaded before import = 0Number of asset objects unloaded after import = 21

========================================================================
Received Import Request.
  Time since last request: 0.000017 seconds.
  path: Assets/TextMesh Pro/Shaders/TMPro_Mobile.cginc
  artifactKey: Guid(c334973cef89a9840b0b0c507e0377ab) Importer(2089858483,d624ce77472d68a35037170ec1d2d27e)
Start importing Assets/TextMesh Pro/Shaders/TMPro_Mobile.cginc using Guid(c334973cef89a9840b0b0c507e0377ab) Importer(2089858483,d624ce77472d68a35037170ec1d2d27e) (ScriptedImporter) -> (artifact id: '9105dba65f5d138fb2570cbdb21c09f2') in 0.0162163 seconds
Number of updated asset objects reloaded before import = 0Number of asset objects unloaded after import = 1

========================================================================
Received Import Request.
  Time since last request: 0.000013 seconds.
  path: Assets/FPS/Prefabs/Level/Floors/Floor_18x18.prefab
  artifactKey: Guid(7042f8fe21debc944b5bdc894f478d63) Importer(2089858483,6ccb1906827d78b5adc64f8648ee0e84)
Start importing Assets/FPS/Prefabs/Level/Floors/Floor_18x18.prefab using Guid(7042f8fe21debc944b5bdc894f478d63) Importer(2089858483,6ccb1906827d78b5adc64f8648ee0e84) (ScriptedImporter) -> (artifact id: '928ddce2ed9f51d466dbabe5855df7f3') in 0.5508738 seconds
Number of updated asset objects reloaded before import = 0Number of asset objects unloaded after import = 3300

========================================================================
Received Import Request.
  Time since last request: 0.000019 seconds.
  path: Assets/FPS/Prefabs/Level/Floors/Floor_Small.prefab
  artifactKey: Guid(0ffe003860209834b850f3d6e951af2e) Importer(2089858483,6ccb1906827d78b5adc64f8648ee0e84)
Start importing Assets/FPS/Prefabs/Level/Floors/Floor_Small.prefab using Guid(0ffe003860209834b850f3d6e951af2e) Importer(2089858483,6ccb1906827d78b5adc64f8648ee0e84) (ScriptedImporter) -> (artifact id: 'eca7dbb07f953da88ba0cb7d2a47c37c') in 0.1088773 seconds
Number of updated asset objects reloaded before import = 0Number of asset objects unloaded after import = 745

========================================================================
Received Import Request.
  Time since last request: 0.000022 seconds.
  path: Assets/FPS/Prefabs/Level/Steps/ShortSteps_Corner.prefab
  artifactKey: Guid(5e8e145d9b9fbd94da86fdb8ed2c0cb1) Importer(2089858483,6ccb1906827d78b5adc64f8648ee0e84)
Start importing Assets/FPS/Prefabs/Level/Steps/ShortSteps_Corner.prefab using Guid(5e8e145d9b9fbd94da86fdb8ed2c0cb1) Importer(2089858483,6ccb1906827d78b5adc64f8648ee0e84) (ScriptedImporter) -> (artifact id: '022417714b2c921c6928243736025a78') in 0.0486184 seconds
Number of updated asset objects reloaded before import = 0Number of asset objects unloaded after import = 210

========================================================================
Received Import Request.
  Time since last request: 0.000013 seconds.
  path: Assets/FPS/Prefabs/PBObjects/Walls/PBWall_Window.prefab
  artifactKey: Guid(1f81e25ff05c9e043bba6b808c8a25ab) Importer(2089858483,6ccb1906827d78b5adc64f8648ee0e84)
Start importing Assets/FPS/Prefabs/PBObjects/Walls/PBWall_Window.prefab using Guid(1f81e25ff05c9e043bba6b808c8a25ab) Importer(2089858483,6ccb1906827d78b5adc64f8648ee0e84) (ScriptedImporter) -> (artifact id: '73b78f47b2cbcff930e14035797ec533') in 0.0247747 seconds
Number of updated asset objects reloaded before import = 0Number of asset objects unloaded after import = 11

========================================================================
Received Import Request.
  Time since last request: 0.000014 seconds.
  path: Assets/AddOns/MgFPS_Haku/Haku_Projectile.prefab
  artifactKey: Guid(7477f4a55b713404babac205850c0328) Importer(2089858483,6ccb1906827d78b5adc64f8648ee0e84)
Start importing Assets/AddOns/MgFPS_Haku/Haku_Projectile.prefab using Guid(7477f4a55b713404babac205850c0328) Importer(2089858483,6ccb1906827d78b5adc64f8648ee0e84) (ScriptedImporter) -> (artifact id: '6b269c4d9acd64d616c1057882ab973a') in 0.0151934 seconds
Number of updated asset objects reloaded before import = 0Number of asset objects unloaded after import = 20

========================================================================
Received Import Request.
  Time since last request: 0.000015 seconds.
  path: Assets/AddOns/MgFPS_SniperRifle/Projectile_SniperRifle.prefab
  artifactKey: Guid(6bcd9b6efe0196243acd73cafc63f5ef) Importer(2089858483,6ccb1906827d78b5adc64f8648ee0e84)
Start importing Assets/AddOns/MgFPS_SniperRifle/Projectile_SniperRifle.prefab using Guid(6bcd9b6efe0196243acd73cafc63f5ef) Importer(2089858483,6ccb1906827d78b5adc64f8648ee0e84) (ScriptedImporter) -> (artifact id: '0f846209dafee39ba594a10196c7ed1d') in 0.0268087 seconds
Number of updated asset objects reloaded before import = 0Number of asset objects unloaded after import = 18

========================================================================
Received Import Request.
  Time since last request: 0.000030 seconds.
  path: Assets/FPS/Prefabs/VFX/VFX_Explosion.prefab
  artifactKey: Guid(45ce85b82008be84287f2c7e5bf07647) Importer(2089858483,6ccb1906827d78b5adc64f8648ee0e84)
Start importing Assets/FPS/Prefabs/VFX/VFX_Explosion.prefab using Guid(45ce85b82008be84287f2c7e5bf07647) Importer(2089858483,6ccb1906827d78b5adc64f8648ee0e84) (ScriptedImporter) -> (artifact id: '18fc20f39c224624421eeeaa137b007e') in 0.0547371 seconds
Number of updated asset objects reloaded before import = 0Number of asset objects unloaded after import = 22

========================================================================
Received Import Request.
  Time since last request: 0.000015 seconds.
  path: Assets/AddOns/MgFPS_Aurous/Weapon_Aurous.prefab
  artifactKey: Guid(0e63a311efeefbb4991b28176a94463f) Importer(2089858483,6ccb1906827d78b5adc64f8648ee0e84)
Start importing Assets/AddOns/MgFPS_Aurous/Weapon_Aurous.prefab using Guid(0e63a311efeefbb4991b28176a94463f) Importer(2089858483,6ccb1906827d78b5adc64f8648ee0e84) (ScriptedImporter) -> (artifact id: '57181ac163ac3a5de164ee7dfd44a6f9') in 0.1048292 seconds
Number of updated asset objects reloaded before import = 0Number of asset objects unloaded after import = 101

========================================================================
Received Import Request.
  Time since last request: 0.000017 seconds.
  path: Assets/FPS/Prefabs/Level/Stairwell/Stairs_Small.prefab
  artifactKey: Guid(7108e150085af0d4fb586ff1f856a7f2) Importer(2089858483,6ccb1906827d78b5adc64f8648ee0e84)
Start importing Assets/FPS/Prefabs/Level/Stairwell/Stairs_Small.prefab using Guid(7108e150085af0d4fb586ff1f856a7f2) Importer(2089858483,6ccb1906827d78b5adc64f8648ee0e84) (ScriptedImporter) -> (artifact id: 'c3eef698ce53af2e4dbea946ae65f317') in 0.036799 seconds
Number of updated asset objects reloaded before import = 0Number of asset objects unloaded after import = 109

========================================================================
Received Import Request.
  Time since last request: 0.000020 seconds.
  path: Assets/FPS/Prefabs/Level/Catwalk/Cat_Hall_Wall.prefab
  artifactKey: Guid(b77f5c4eeade4314eba8af8750deeb16) Importer(2089858483,6ccb1906827d78b5adc64f8648ee0e84)
Start importing Assets/FPS/Prefabs/Level/Catwalk/Cat_Hall_Wall.prefab using Guid(b77f5c4eeade4314eba8af8750deeb16) Importer(2089858483,6ccb1906827d78b5adc64f8648ee0e84) (ScriptedImporter) -> (artifact id: 'c3d3c7962d01c8c6c665a5c7cf86b7fc') in 0.0287807 seconds
Number of updated asset objects reloaded before import = 0Number of asset objects unloaded after import = 70

========================================================================
Received Import Request.
  Time since last request: 0.000015 seconds.
  path: Assets/FPS/Prefabs/VFX/VFX_MuzzleFlashBlue.prefab
  artifactKey: Guid(4f5d4e5eaa0e5104791549cea3dc3f23) Importer(2089858483,6ccb1906827d78b5adc64f8648ee0e84)
Start importing Assets/FPS/Prefabs/VFX/VFX_MuzzleFlashBlue.prefab using Guid(4f5d4e5eaa0e5104791549cea3dc3f23) Importer(2089858483,6ccb1906827d78b5adc64f8648ee0e84) (ScriptedImporter) -> (artifact id: '8fdd1bf06ee135db91765c2cea7dbbff') in 0.0215903 seconds
Number of updated asset objects reloaded before import = 0Number of asset objects unloaded after import = 6

========================================================================
Received Import Request.
  Time since last request: 0.000015 seconds.
  path: Assets/TextMesh Pro/Shaders/TMP_SDF-Surface-Mobile.shader
  artifactKey: Guid(85187c2149c549c5b33f0cdb02836b17) Importer(2089858483,d624ce77472d68a35037170ec1d2d27e)
Start importing Assets/TextMesh Pro/Shaders/TMP_SDF-Surface-Mobile.shader using Guid(85187c2149c549c5b33f0cdb02836b17) Importer(2089858483,d624ce77472d68a35037170ec1d2d27e) (ScriptedImporter) -> (artifact id: '275377475e3a8e7eb53ca73c232826f9') in 0.011033 seconds
Number of updated asset objects reloaded before import = 0Number of asset objects unloaded after import = 1

========================================================================
Received Import Request.
  Time since last request: 0.000016 seconds.
  path: Assets/TextMesh Pro/Shaders/TMPro_Properties.cginc
  artifactKey: Guid(3997e2241185407d80309a82f9148466) Importer(2089858483,d624ce77472d68a35037170ec1d2d27e)
Start importing Assets/TextMesh Pro/Shaders/TMPro_Properties.cginc using Guid(3997e2241185407d80309a82f9148466) Importer(2089858483,d624ce77472d68a35037170ec1d2d27e) (ScriptedImporter) -> (artifact id: '76b93b2202e768f7f4ab34c9ecdd5e0f') in 0.0172707 seconds
Number of updated asset objects reloaded before import = 0Number of asset objects unloaded after import = 1

========================================================================
Received Import Request.
  Time since last request: 0.000023 seconds.
  path: Assets/FPS/Prefabs/Level/BaseObjects/Wall_Window_Mesh.prefab
  artifactKey: Guid(f40315d44d0aa1744adca0bd971f7293) Importer(2089858483,6ccb1906827d78b5adc64f8648ee0e84)
Start importing Assets/FPS/Prefabs/Level/BaseObjects/Wall_Window_Mesh.prefab using Guid(f40315d44d0aa1744adca0bd971f7293) Importer(2089858483,6ccb1906827d78b5adc64f8648ee0e84) (ScriptedImporter) -> (artifact id: 'ec341ccf6609598713e57319d802d0f9') in 0.0118954 seconds
Number of updated asset objects reloaded before import = 0Number of asset objects unloaded after import = 9

========================================================================
Received Import Request.
  Time since last request: 0.000015 seconds.
  path: Assets/FPS/Prefabs/Level/Stairwell/Stairs_Large.prefab
  artifactKey: Guid(757acbc2a10061e448acfff833eae77b) Importer(2089858483,6ccb1906827d78b5adc64f8648ee0e84)
Start importing Assets/FPS/Prefabs/Level/Stairwell/Stairs_Large.prefab using Guid(757acbc2a10061e448acfff833eae77b) Importer(2089858483,6ccb1906827d78b5adc64f8648ee0e84) (ScriptedImporter) -> (artifact id: '252342777da0eced79430a797bc90435') in 0.044301 seconds
Number of updated asset objects reloaded before import = 0Number of asset objects unloaded after import = 141

========================================================================
Received Import Request.
  Time since last request: 0.000014 seconds.
  path: Assets/AddOns/MgFPS_Enemy_Boss/Prefabs/Enemy_Boss_Variant01.prefab
  artifactKey: Guid(39ef422616f16334f8d6423075cf10c1) Importer(2089858483,6ccb1906827d78b5adc64f8648ee0e84)
Start importing Assets/AddOns/MgFPS_Enemy_Boss/Prefabs/Enemy_Boss_Variant01.prefab using Guid(39ef422616f16334f8d6423075cf10c1) Importer(2089858483,6ccb1906827d78b5adc64f8648ee0e84) (ScriptedImporter) -> (artifact id: '000546e3ceda7b0b5e2b6347626f3fdc') in 0.1249579 seconds
Number of updated asset objects reloaded before import = 0Number of asset objects unloaded after import = 632

========================================================================
Received Import Request.
  Time since last request: 0.000016 seconds.
  path: Assets/FPS/Prefabs/VFX/Directional Light.prefab
  artifactKey: Guid(c1f95b2a073069e4091731002c38a3df) Importer(2089858483,6ccb1906827d78b5adc64f8648ee0e84)
Start importing Assets/FPS/Prefabs/VFX/Directional Light.prefab using Guid(c1f95b2a073069e4091731002c38a3df) Importer(2089858483,6ccb1906827d78b5adc64f8648ee0e84) (ScriptedImporter) -> (artifact id: '360f3aacb86ba0266bb9e4828387d051') in 0.0136147 seconds
Number of updated asset objects reloaded before import = 0Number of asset objects unloaded after import = 19

========================================================================
Received Import Request.
  Time since last request: 0.000027 seconds.
  path: Assets/AddOns/MgFPS_Boomshot/BoomShot_VFX/Boomshot_GunCylinder_Large.prefab
  artifactKey: Guid(b57125eec73ff284a8fde6997a491e52) Importer(2089858483,6ccb1906827d78b5adc64f8648ee0e84)
Start importing Assets/AddOns/MgFPS_Boomshot/BoomShot_VFX/Boomshot_GunCylinder_Large.prefab using Guid(b57125eec73ff284a8fde6997a491e52) Importer(2089858483,6ccb1906827d78b5adc64f8648ee0e84) (ScriptedImporter) -> (artifact id: '680d95283d62a602f28d405e76dac620') in 0.0200021 seconds
Number of updated asset objects reloaded before import = 0Number of asset objects unloaded after import = 6

========================================================================
Received Import Request.
  Time since last request: 0.000014 seconds.
  path: Assets/FPS/Prefabs/Level/Ramps/Ramp_3m.prefab
  artifactKey: Guid(37ff5dafe824cb045a19f983787808dd) Importer(2089858483,6ccb1906827d78b5adc64f8648ee0e84)
Start importing Assets/FPS/Prefabs/Level/Ramps/Ramp_3m.prefab using Guid(37ff5dafe824cb045a19f983787808dd) Importer(2089858483,6ccb1906827d78b5adc64f8648ee0e84) (ScriptedImporter) -> (artifact id: '06b4563c500a4157b19ff15322b319c9') in 0.014527 seconds
Number of updated asset objects reloaded before import = 0Number of asset objects unloaded after import = 18

========================================================================
Received Import Request.
  Time since last request: 0.000016 seconds.
  path: Assets/FPS/Prefabs/Projectiles/Projectile_Blaster.prefab
  artifactKey: Guid(3c6b27d949cdda749892906e1f1d1b27) Importer(2089858483,6ccb1906827d78b5adc64f8648ee0e84)
Start importing Assets/FPS/Prefabs/Projectiles/Projectile_Blaster.prefab using Guid(3c6b27d949cdda749892906e1f1d1b27) Importer(2089858483,6ccb1906827d78b5adc64f8648ee0e84) (ScriptedImporter) -> (artifact id: 'b28e29901d849e256d1ea06e170dbed7') in 0.0142618 seconds
Number of updated asset objects reloaded before import = 0Number of asset objects unloaded after import = 18

========================================================================
Received Import Request.
  Time since last request: 0.000016 seconds.
  path: Assets/FPS/Prefabs/Pickups/Loot_Health.prefab
  artifactKey: Guid(9973c412032becb4ca116ca08be62edf) Importer(2089858483,6ccb1906827d78b5adc64f8648ee0e84)
Start importing Assets/FPS/Prefabs/Pickups/Loot_Health.prefab using Guid(9973c412032becb4ca116ca08be62edf) Importer(2089858483,6ccb1906827d78b5adc64f8648ee0e84) (ScriptedImporter) -> (artifact id: 'cc5456072b5efe1efdfdb54828ec4e03') in 0.0505627 seconds
Number of updated asset objects reloaded before import = 0Number of asset objects unloaded after import = 64

========================================================================
Received Import Request.
  Time since last request: 0.000026 seconds.
  path: Assets/FPS/Prefabs/PBObjects/Walls/PBWall_DoorLarge.prefab
  artifactKey: Guid(e37874e73755d3a4bac708180c83c7eb) Importer(2089858483,6ccb1906827d78b5adc64f8648ee0e84)
Start importing Assets/FPS/Prefabs/PBObjects/Walls/PBWall_DoorLarge.prefab using Guid(e37874e73755d3a4bac708180c83c7eb) Importer(2089858483,6ccb1906827d78b5adc64f8648ee0e84) (ScriptedImporter) -> (artifact id: '51870fc49ad6a36a8472992aba30ed14') in 0.0238441 seconds
Number of updated asset objects reloaded before import = 0Number of asset objects unloaded after import = 11

========================================================================
Received Import Request.
  Time since last request: 0.000015 seconds.
  path: Assets/AddOns/MgFPS_Molt/Molt_VFX/VFX_MagicImpact_Molt.prefab
  artifactKey: Guid(7a7ca62a76a20fc40bb8d6d6d4d91edb) Importer(2089858483,6ccb1906827d78b5adc64f8648ee0e84)
Start importing Assets/AddOns/MgFPS_Molt/Molt_VFX/VFX_MagicImpact_Molt.prefab using Guid(7a7ca62a76a20fc40bb8d6d6d4d91edb) Importer(2089858483,6ccb1906827d78b5adc64f8648ee0e84) (ScriptedImporter) -> (artifact id: 'e0435894585e39475d1fa23d0b389f2e') in 0.0641708 seconds
Number of updated asset objects reloaded before import = 0Number of asset objects unloaded after import = 24

========================================================================
Received Import Request.
  Time since last request: 0.000014 seconds.
  path: Assets/AddOns/MgFPS_SniperRifle/Weapon_SniperRifle.prefab
  artifactKey: Guid(a3d20718f5f4f9147b1a38a1d1821ad2) Importer(2089858483,6ccb1906827d78b5adc64f8648ee0e84)
Start importing Assets/AddOns/MgFPS_SniperRifle/Weapon_SniperRifle.prefab using Guid(a3d20718f5f4f9147b1a38a1d1821ad2) Importer(2089858483,6ccb1906827d78b5adc64f8648ee0e84) (ScriptedImporter) -> (artifact id: '8d00e1d28e3e8b0b2efb37c5f68a9068') in 0.0542417 seconds
Number of updated asset objects reloaded before import = 0Number of asset objects unloaded after import = 128

========================================================================
Received Import Request.
  Time since last request: 0.000020 seconds.
  path: Assets/FPS/Prefabs/VFX/VFX_PickupSparkles.prefab
  artifactKey: Guid(4d1efaa062e333f4cbc4c3564702d135) Importer(2089858483,6ccb1906827d78b5adc64f8648ee0e84)
Start importing Assets/FPS/Prefabs/VFX/VFX_PickupSparkles.prefab using Guid(4d1efaa062e333f4cbc4c3564702d135) Importer(2089858483,6ccb1906827d78b5adc64f8648ee0e84) (ScriptedImporter) -> (artifact id: 'd27406fd4a44c5de89a05f85ff47bb73') in 0.0208765 seconds
Number of updated asset objects reloaded before import = 0Number of asset objects unloaded after import = 6

========================================================================
Received Import Request.
  Time since last request: 0.000021 seconds.
  path: Assets/FPS/Scenes/IntroMenu.unity
  artifactKey: Guid(56e3faabc5bb30f49a68bb8f1292f988) Importer(2089858483,6ccb1906827d78b5adc64f8648ee0e84)
Start importing Assets/FPS/Scenes/IntroMenu.unity using Guid(56e3faabc5bb30f49a68bb8f1292f988) Importer(2089858483,6ccb1906827d78b5adc64f8648ee0e84) (ScriptedImporter)Opening scene 'Assets/FPS/Scenes/IntroMenu.unity additively'
Loaded scene 'Assets/FPS/Scenes/IntroMenu.unity'
	Deserialize:            8.498 ms
	Integration:            37.824 ms
	Integration of assets:  0.397 ms
	Thread Wait Time:       0.010 ms
	Total Operation Time:   46.729 ms
 -> (artifact id: '9402af0e67bad0c666be0bd534d8ef03') in 0.0883845 seconds
Number of updated asset objects reloaded before import = 0Number of asset objects unloaded after import = 26

========================================================================
Received Import Request.
  Time since last request: 0.000015 seconds.
  path: Assets/AddOns/MgFPS_Boomshot/Pickup_Boomshot.prefab
  artifactKey: Guid(5ddffcce15cd25040a328fd2463d95b0) Importer(2089858483,6ccb1906827d78b5adc64f8648ee0e84)
Start importing Assets/AddOns/MgFPS_Boomshot/Pickup_Boomshot.prefab using Guid(5ddffcce15cd25040a328fd2463d95b0) Importer(2089858483,6ccb1906827d78b5adc64f8648ee0e84) (ScriptedImporter) -> (artifact id: '63fe8ffa6f17e00c0346da271a7bb9bd') in 0.1274616 seconds
Number of updated asset objects reloaded before import = 0Number of asset objects unloaded after import = 225

========================================================================
Received Import Request.
  Time since last request: 0.000018 seconds.
  path: Assets/FPS/Prefabs/Level/Crawl/Crawl_Hall.prefab
  artifactKey: Guid(af7e40baf6cbccc4eb3f8a7831226b96) Importer(2089858483,6ccb1906827d78b5adc64f8648ee0e84)
Start importing Assets/FPS/Prefabs/Level/Crawl/Crawl_Hall.prefab using Guid(af7e40baf6cbccc4eb3f8a7831226b96) Importer(2089858483,6ccb1906827d78b5adc64f8648ee0e84) (ScriptedImporter) -> (artifact id: '1da6da2976f49f6f121acd1684b4500c') in 0.0697422 seconds
Number of updated asset objects reloaded before import = 0Number of asset objects unloaded after import = 277

========================================================================
Received Import Request.
  Time since last request: 0.000026 seconds.
  path: Assets/FPS/Prefabs/Level/MainLvl/Section2/Floors_Entry.prefab
  artifactKey: Guid(bd9186550cf002443b7b6c64c4f7a0b2) Importer(2089858483,6ccb1906827d78b5adc64f8648ee0e84)
Start importing Assets/FPS/Prefabs/Level/MainLvl/Section2/Floors_Entry.prefab using Guid(bd9186550cf002443b7b6c64c4f7a0b2) Importer(2089858483,6ccb1906827d78b5adc64f8648ee0e84) (ScriptedImporter) -> (artifact id: '0a28646efb76e4b3512a4d4ce969acdb') in 0.072795 seconds
Number of updated asset objects reloaded before import = 0Number of asset objects unloaded after import = 341

========================================================================
Received Import Request.
  Time since last request: 0.000015 seconds.
  path: Assets/FPS/Prefabs/Level/Signs/Sign_Pyramid_Green.prefab
  artifactKey: Guid(bee7071e13881aa42803589be7b78c73) Importer(2089858483,6ccb1906827d78b5adc64f8648ee0e84)
Start importing Assets/FPS/Prefabs/Level/Signs/Sign_Pyramid_Green.prefab using Guid(bee7071e13881aa42803589be7b78c73) Importer(2089858483,6ccb1906827d78b5adc64f8648ee0e84) (ScriptedImporter) -> (artifact id: '7d56bc3752d03b48b13b8e87e3b81251') in 0.0228875 seconds
Number of updated asset objects reloaded before import = 0Number of asset objects unloaded after import = 8

========================================================================
Received Import Request.
  Time since last request: 0.000016 seconds.
  path: Assets/ModAssets/Prefabs/Trail Prefabs/RainbowTrail.prefab
  artifactKey: Guid(d3ccf67055b3341468030d0fffd8d16f) Importer(2089858483,6ccb1906827d78b5adc64f8648ee0e84)
Start importing Assets/ModAssets/Prefabs/Trail Prefabs/RainbowTrail.prefab using Guid(d3ccf67055b3341468030d0fffd8d16f) Importer(2089858483,6ccb1906827d78b5adc64f8648ee0e84) (ScriptedImporter) -> (artifact id: 'c8c8881b152f4963cfe977aed3a6d414') in 0.02164 seconds
Number of updated asset objects reloaded before import = 0Number of asset objects unloaded after import = 7

========================================================================
Received Import Request.
  Time since last request: 0.000017 seconds.
  path: Assets/FPS/Prefabs/Pickups/Pickup_Launcher.prefab
  artifactKey: Guid(a7fa348d53593bb42922672c6cf40651) Importer(2089858483,6ccb1906827d78b5adc64f8648ee0e84)
Start importing Assets/FPS/Prefabs/Pickups/Pickup_Launcher.prefab using Guid(a7fa348d53593bb42922672c6cf40651) Importer(2089858483,6ccb1906827d78b5adc64f8648ee0e84) (ScriptedImporter) -> (artifact id: '984598f7bc5cb90fbaf236d90d372fcf') in 0.0768661 seconds
Number of updated asset objects reloaded before import = 0Number of asset objects unloaded after import = 178

========================================================================
Received Import Request.
  Time since last request: 0.000024 seconds.
  path: Assets/AddOns/MgFPS_Thunderlight/Thunderlight_VFX/Thunderlight_SparkWink.prefab
  artifactKey: Guid(4d3fc51ce768b2f48ae88feaeb8e868b) Importer(2089858483,6ccb1906827d78b5adc64f8648ee0e84)
Start importing Assets/AddOns/MgFPS_Thunderlight/Thunderlight_VFX/Thunderlight_SparkWink.prefab using Guid(4d3fc51ce768b2f48ae88feaeb8e868b) Importer(2089858483,6ccb1906827d78b5adc64f8648ee0e84) (ScriptedImporter) -> (artifact id: '73f7e6838b658388d81aa5773da3a275') in 0.020461 seconds
Number of updated asset objects reloaded before import = 0Number of asset objects unloaded after import = 6

========================================================================
Received Import Request.
  Time since last request: 0.000016 seconds.
  path: Assets/FPS/Prefabs/Cube.prefab
  artifactKey: Guid(cf7e257d2b255a84499370f200689835) Importer(2089858483,6ccb1906827d78b5adc64f8648ee0e84)
Start importing Assets/FPS/Prefabs/Cube.prefab using Guid(cf7e257d2b255a84499370f200689835) Importer(2089858483,6ccb1906827d78b5adc64f8648ee0e84) (ScriptedImporter) -> (artifact id: '9a838e4ff23682723935f146f9638d6a') in 0.0227494 seconds
Number of updated asset objects reloaded before import = 0Number of asset objects unloaded after import = 10

========================================================================
Received Import Request.
  Time since last request: 0.000015 seconds.
  path: Assets/FPS/Prefabs/Level/BaseObjects/Ramp_4m_Mesh.prefab
  artifactKey: Guid(f82ad03af081ae7449925e80f34dbe6c) Importer(2089858483,6ccb1906827d78b5adc64f8648ee0e84)
Start importing Assets/FPS/Prefabs/Level/BaseObjects/Ramp_4m_Mesh.prefab using Guid(f82ad03af081ae7449925e80f34dbe6c) Importer(2089858483,6ccb1906827d78b5adc64f8648ee0e84) (ScriptedImporter) -> (artifact id: '56ff58bace224c353e19105404dddccb') in 0.0132148 seconds
Number of updated asset objects reloaded before import = 0Number of asset objects unloaded after import = 9

========================================================================
Received Import Request.
  Time since last request: 0.000017 seconds.
  path: Assets/FPS/Prefabs/Level/Catwalk/Cat_Corner.prefab
  artifactKey: Guid(6ee78a789f6c76e4283d0503654c2859) Importer(2089858483,6ccb1906827d78b5adc64f8648ee0e84)
Start importing Assets/FPS/Prefabs/Level/Catwalk/Cat_Corner.prefab using Guid(6ee78a789f6c76e4283d0503654c2859) Importer(2089858483,6ccb1906827d78b5adc64f8648ee0e84) (ScriptedImporter) -> (artifact id: 'b6592f4ce311e1f59da093263307e084') in 0.0215345 seconds
Number of updated asset objects reloaded before import = 0Number of asset objects unloaded after import = 70

========================================================================
Received Import Request.
  Time since last request: 0.000027 seconds.
  path: Assets/FPS/Prefabs/Level/Ramps/Ramp_4m.prefab
  artifactKey: Guid(f70093c75e32a264898e984f4ba60c5a) Importer(2089858483,6ccb1906827d78b5adc64f8648ee0e84)
Start importing Assets/FPS/Prefabs/Level/Ramps/Ramp_4m.prefab using Guid(f70093c75e32a264898e984f4ba60c5a) Importer(2089858483,6ccb1906827d78b5adc64f8648ee0e84) (ScriptedImporter) -> (artifact id: '3476db7c7166464520eee692a0bdf069') in 0.013267 seconds
Number of updated asset objects reloaded before import = 0Number of asset objects unloaded after import = 18

========================================================================
Received Import Request.
  Time since last request: 0.000015 seconds.
  path: Assets/FPS/Prefabs/VFX/VFX_GunCylinder.prefab
  artifactKey: Guid(fa498bfcbbc9707458a2c75334b150c8) Importer(2089858483,6ccb1906827d78b5adc64f8648ee0e84)
Start importing Assets/FPS/Prefabs/VFX/VFX_GunCylinder.prefab using Guid(fa498bfcbbc9707458a2c75334b150c8) Importer(2089858483,6ccb1906827d78b5adc64f8648ee0e84) (ScriptedImporter) -> (artifact id: 'ed2d0752c212271261a1196cc57c50fb') in 0.020437 seconds
Number of updated asset objects reloaded before import = 0Number of asset objects unloaded after import = 6

========================================================================
Received Import Request.
  Time since last request: 0.000014 seconds.
  path: Assets/AddOns/Mg3D_Animated_Sci-fi/Prefabs/Artillery_01_Animated.prefab
  artifactKey: Guid(55883033d5eca3d4787e61230ae1fca8) Importer(2089858483,6ccb1906827d78b5adc64f8648ee0e84)
Start importing Assets/AddOns/Mg3D_Animated_Sci-fi/Prefabs/Artillery_01_Animated.prefab using Guid(55883033d5eca3d4787e61230ae1fca8) Importer(2089858483,6ccb1906827d78b5adc64f8648ee0e84) (ScriptedImporter) -> (artifact id: '3b9ddf118779dc051ae063ddaf19370c') in 0.058604 seconds
Number of updated asset objects reloaded before import = 0Number of asset objects unloaded after import = 25

========================================================================
Received Import Request.
  Time since last request: 0.000019 seconds.
  path: Assets/FPS/Prefabs/Player.prefab
  artifactKey: Guid(761cdc9e4e883334cbdcea062d0befa7) Importer(2089858483,6ccb1906827d78b5adc64f8648ee0e84)
Start importing Assets/FPS/Prefabs/Player.prefab using Guid(761cdc9e4e883334cbdcea062d0befa7) Importer(2089858483,6ccb1906827d78b5adc64f8648ee0e84) (ScriptedImporter) -> (artifact id: '2b9da03c8b57a1ecbaa39192494bda7e') in 0.0691255 seconds
Number of updated asset objects reloaded before import = 0Number of asset objects unloaded after import = 177

========================================================================
Received Import Request.
  Time since last request: 0.000026 seconds.
  path: Assets/FPS/Prefabs/Level/Dungeon/Dun_Corner.prefab
  artifactKey: Guid(1357d534d67e44349a4b7c67840165c7) Importer(2089858483,6ccb1906827d78b5adc64f8648ee0e84)
Start importing Assets/FPS/Prefabs/Level/Dungeon/Dun_Corner.prefab using Guid(1357d534d67e44349a4b7c67840165c7) Importer(2089858483,6ccb1906827d78b5adc64f8648ee0e84) (ScriptedImporter) -> (artifact id: 'e43875ac28117c5b29f1e70abc71da84') in 0.0346593 seconds
Number of updated asset objects reloaded before import = 0Number of asset objects unloaded after import = 156

========================================================================
Received Import Request.
  Time since last request: 0.000015 seconds.
  path: Assets/FPS/Prefabs/Level/MainLvl/Section3/Base_Floor.prefab
  artifactKey: Guid(bc3389451d2e87348833196bc5921074) Importer(2089858483,6ccb1906827d78b5adc64f8648ee0e84)
Start importing Assets/FPS/Prefabs/Level/MainLvl/Section3/Base_Floor.prefab using Guid(bc3389451d2e87348833196bc5921074) Importer(2089858483,6ccb1906827d78b5adc64f8648ee0e84) (ScriptedImporter) -> (artifact id: 'a680766b21f7003585bbb31c8824780a') in 0.3909132 seconds
Number of updated asset objects reloaded before import = 0Number of asset objects unloaded after import = 4732

========================================================================
Received Import Request.
  Time since last request: 0.000019 seconds.
  path: Assets/AddOns/MgFPS_Haku/Haku_Magazine.prefab
  artifactKey: Guid(8983b94a3dd543a488a996972fc3683b) Importer(2089858483,6ccb1906827d78b5adc64f8648ee0e84)
Start importing Assets/AddOns/MgFPS_Haku/Haku_Magazine.prefab using Guid(8983b94a3dd543a488a996972fc3683b) Importer(2089858483,6ccb1906827d78b5adc64f8648ee0e84) (ScriptedImporter) -> (artifact id: 'c37533a6bd64af76feb007461d0deee0') in 0.0114291 seconds
Number of updated asset objects reloaded before import = 0Number of asset objects unloaded after import = 8

========================================================================
Received Import Request.
  Time since last request: 0.000025 seconds.
  path: Assets/AddOns/MgFPS_Boomshot/Projectile_Boomshot.prefab
  artifactKey: Guid(f378fccd6b559de4c8846f44bb191d43) Importer(2089858483,6ccb1906827d78b5adc64f8648ee0e84)
Start importing Assets/AddOns/MgFPS_Boomshot/Projectile_Boomshot.prefab using Guid(f378fccd6b559de4c8846f44bb191d43) Importer(2089858483,6ccb1906827d78b5adc64f8648ee0e84) (ScriptedImporter) -> (artifact id: 'b64613ed121519daf5788f58d755d1fb') in 0.015535 seconds
Number of updated asset objects reloaded before import = 0Number of asset objects unloaded after import = 16

========================================================================
Received Import Request.
  Time since last request: 0.000016 seconds.
  path: Assets/CodeMonkey/KeyDoorSystem/Objects/KeyPrefab.prefab
  artifactKey: Guid(17208059c6f92e14ca2094a52b5f5089) Importer(2089858483,6ccb1906827d78b5adc64f8648ee0e84)
Start importing Assets/CodeMonkey/KeyDoorSystem/Objects/KeyPrefab.prefab using Guid(17208059c6f92e14ca2094a52b5f5089) Importer(2089858483,6ccb1906827d78b5adc64f8648ee0e84) (ScriptedImporter) -> (artifact id: 'c610530039e8ae4031f8f9a8402a63a1') in 0.0167093 seconds
Number of updated asset objects reloaded before import = 0Number of asset objects unloaded after import = 17

========================================================================
Received Import Request.
  Time since last request: 0.000016 seconds.
  path: Assets/FPS/Prefabs/VFX/VFX_DiskRange.prefab
  artifactKey: Guid(bbe6bdea7cd168e428a309e9eb2e728b) Importer(2089858483,6ccb1906827d78b5adc64f8648ee0e84)
Start importing Assets/FPS/Prefabs/VFX/VFX_DiskRange.prefab using Guid(bbe6bdea7cd168e428a309e9eb2e728b) Importer(2089858483,6ccb1906827d78b5adc64f8648ee0e84) (ScriptedImporter) -> (artifact id: '51583381ca54bf8a4cf0af7ceb887178') in 0.0487731 seconds
Number of updated asset objects reloaded before import = 0Number of asset objects unloaded after import = 22

========================================================================
Received Import Request.
  Time since last request: 0.000017 seconds.
  path: Assets/FPS/Scenes/LoseScene.unity
  artifactKey: Guid(72e5c65a45893714484002914e3fd521) Importer(2089858483,6ccb1906827d78b5adc64f8648ee0e84)
Start importing Assets/FPS/Scenes/LoseScene.unity using Guid(72e5c65a45893714484002914e3fd521) Importer(2089858483,6ccb1906827d78b5adc64f8648ee0e84) (ScriptedImporter)Opening scene 'Assets/FPS/Scenes/LoseScene.unity additively'
Loaded scene 'Assets/FPS/Scenes/LoseScene.unity'
	Deserialize:            13.105 ms
	Integration:            11.884 ms
	Integration of assets:  0.141 ms
	Thread Wait Time:       0.009 ms
	Total Operation Time:   25.139 ms
 -> (artifact id: '1f1b8114c6312b6e0903798e11fa2f5e') in 0.0548349 seconds
Number of updated asset objects reloaded before import = 0Number of asset objects unloaded after import = 24

========================================================================
Received Import Request.
  Time since last request: 0.000024 seconds.
  path: Assets/FPS/Prefabs/Level/Walls/Wall_Door.prefab
  artifactKey: Guid(6a26c84054df0e641b1d0f7c96d366e4) Importer(2089858483,6ccb1906827d78b5adc64f8648ee0e84)
Start importing Assets/FPS/Prefabs/Level/Walls/Wall_Door.prefab using Guid(6a26c84054df0e641b1d0f7c96d366e4) Importer(2089858483,6ccb1906827d78b5adc64f8648ee0e84) (ScriptedImporter) -> (artifact id: '6d1f651be334ef5909a4ec70aadbbdca') in 0.0144518 seconds
Number of updated asset objects reloaded before import = 0Number of asset objects unloaded after import = 18

========================================================================
Received Import Request.
  Time since last request: 0.000016 seconds.
  path: Assets/AddOns/MgFPS_Enemy_Boss/Prefabs/VFX_Railgun_Charge.prefab
  artifactKey: Guid(f57683642da875844a7a88e93c2dc673) Importer(2089858483,6ccb1906827d78b5adc64f8648ee0e84)
Start importing Assets/AddOns/MgFPS_Enemy_Boss/Prefabs/VFX_Railgun_Charge.prefab using Guid(f57683642da875844a7a88e93c2dc673) Importer(2089858483,6ccb1906827d78b5adc64f8648ee0e84) (ScriptedImporter) -> (artifact id: '4601d4c8502c6272b081f76c0dd5ce53') in 0.0218636 seconds
Number of updated asset objects reloaded before import = 0Number of asset objects unloaded after import = 6

========================================================================
Received Import Request.
  Time since last request: 0.000013 seconds.
  path: Assets/FPS/Prefabs/Level/BaseObjects/Dun_BigDoor_Mesh.prefab
  artifactKey: Guid(7bc503aa9132b4e47a448315b66731b4) Importer(2089858483,6ccb1906827d78b5adc64f8648ee0e84)
Start importing Assets/FPS/Prefabs/Level/BaseObjects/Dun_BigDoor_Mesh.prefab using Guid(7bc503aa9132b4e47a448315b66731b4) Importer(2089858483,6ccb1906827d78b5adc64f8648ee0e84) (ScriptedImporter) -> (artifact id: '7f8edc9d493f0d153fcb90c2d541ffcd') in 0.0115165 seconds
Number of updated asset objects reloaded before import = 0Number of asset objects unloaded after import = 9

========================================================================
Received Import Request.
  Time since last request: 29.867046 seconds.
  path: Assets/Settings/High_PipelineAsset.asset
  artifactKey: Guid(7e5e15554e4ff47a8adeb6752f406c63) Importer(2089858483,d624ce77472d68a35037170ec1d2d27e)
Start importing Assets/Settings/High_PipelineAsset.asset using Guid(7e5e15554e4ff47a8adeb6752f406c63) Importer(2089858483,d624ce77472d68a35037170ec1d2d27e) (ScriptedImporter) -> (artifact id: 'e4214c7445f85c052d05397878d2a909') in 0.0343002 seconds
Number of updated asset objects reloaded before import = 0Number of asset objects unloaded after import = 2

========================================================================
Received Prepare
Begin MonoManager ReloadAssembly
[Licensing::Client] Successfully resolved entitlement details
ADTM: Control thread waiting for realtime thread timed out, have to lock...
- Loaded All Assemblies, in  1.768 seconds
Refreshing native plugins compatible for Editor in 0.96 ms, found 2 plugins.
Native extension for LinuxStandalone target not found
Native extension for AppleTV target not found
Native extension for iOS target not found
Native extension for Android target not found
Native extension for UWP target not found
Native extension for WindowsStandalone target not found
Native extension for OSXStandalone target not found
Native extension for WebGL target not found
[Package Manager] Failed to launch server process. Reason: Unity was launched with the -noUpm command-line argument
[Package Manager] Unable to send message (not connected to server process).
[Package Manager] Cannot connect to Unity Package Manager local server
[MODES] ModeService[none].Initialize
[MODES] ModeService[none].LoadModes
ScheduleIndexationOnStartup MainProcess:False IndexOnStartup:True
Mono: successfully reloaded assembly
- Finished resetting the current domain, in  0.674 seconds
Domain Reload Profiling: 2435ms
	BeginReloadAssembly (1225ms)
		ExecutionOrderSort (0ms)
		DisableScriptedObjects (4ms)
		BackupInstance (0ms)
		ReleaseScriptingObjects (0ms)
		CreateAndSetChildDomain (1072ms)
	RebuildCommonClasses (27ms)
	RebuildNativeTypeToScriptingClass (10ms)
	initialDomainReloadingComplete (31ms)
	LoadAllAssembliesAndSetupDomain (469ms)
		LoadAssemblies (407ms)
		RebuildTransferFunctionScriptingTraits (0ms)
		AnalyzeDomain (155ms)
			TypeCache.Refresh (5ms)
				TypeCache.ScanAssembly (0ms)
			BuildScriptInfoCaches (138ms)
			ResolveRequiredComponents (8ms)
	FinalizeReload (674ms)
		ReleaseScriptCaches (0ms)
		RebuildScriptCaches (0ms)
		SetupLoadedEditorAssemblies (530ms)
			LogAssemblyErrors (0ms)
			InitializePlatformSupportModulesInManaged (24ms)
			SetLoadedEditorAssemblies (5ms)
			BeforeProcessingInitializeOnLoad (144ms)
			ProcessInitializeOnLoadAttributes (270ms)
			ProcessInitializeOnLoadMethodAttributes (81ms)
			AfterProcessingInitializeOnLoad (6ms)
			EditorAssembliesLoaded (0ms)
		ExecutionOrderSort2 (0ms)
		AwakeInstancesAfterBackupRestoration (12ms)
Refreshing native plugins compatible for Editor in 1.30 ms, found 2 plugins.
Preloading 0 native plugins for Editor in 0.00 ms.
Unloading 18 Unused Serialized files (Serialized files now loaded: 0)
Unloading 5374 unused Assets / (4.7 MB). Loaded Objects now: 6279.
Memory consumption went from 155.0 MB to 150.3 MB.
Total: 9.857500 ms (FindLiveObjects: 0.739300 ms CreateObjectMapping: 0.467800 ms MarkObjects: 5.916600 ms  DeleteObjects: 2.732400 ms)

Prepare: number of updated asset objects reloaded= 0
========================================================================
Received Import Request.
  Time since last request: 49.915233 seconds.
  path: Assets/FPS/Art/Fonts/Roboto-Black.ttf
  artifactKey: Guid(43631e0e91b686e4fbffb897db7ca8f5) Importer(815301076,1909f56bfc062723c751e8b465ee728b)
Start importing Assets/FPS/Art/Fonts/Roboto-Black.ttf using Guid(43631e0e91b686e4fbffb897db7ca8f5) Importer(815301076,1909f56bfc062723c751e8b465ee728b) (PreviewImporter) -> (artifact id: 'a1b5e8fd66234c08bd581ed84cc99074') in 0.3194484 seconds
Number of updated asset objects reloaded before import = 0Number of asset objects unloaded after import = 4

========================================================================
Received Import Request.
  Time since last request: 0.434302 seconds.
  path: Assets/FPS/Art/Fonts/Roboto-Black SDF.asset
  artifactKey: Guid(75063828274bdb145a55f6dd2f22e8b2) Importer(815301076,1909f56bfc062723c751e8b465ee728b)
Start importing Assets/FPS/Art/Fonts/Roboto-Black SDF.asset using Guid(75063828274bdb145a55f6dd2f22e8b2) Importer(815301076,1909f56bfc062723c751e8b465ee728b) (PreviewImporter) -> (artifact id: 'e0b3bef99154b87cf570813c4a0d193d') in 0.0225352 seconds
Number of updated asset objects reloaded before import = 0Number of asset objects unloaded after import = 4

========================================================================
Received Import Request.
  Time since last request: 40.605649 seconds.
  path: Assets/FPS/Art/Fonts/Roboto-Regular.ttf
  artifactKey: Guid(681f12e2c56b60e49b3456fe3dd4320e) Importer(815301076,1909f56bfc062723c751e8b465ee728b)
Start importing Assets/FPS/Art/Fonts/Roboto-Regular.ttf using Guid(681f12e2c56b60e49b3456fe3dd4320e) Importer(815301076,1909f56bfc062723c751e8b465ee728b) (PreviewImporter) -> (artifact id: '1c56c209484aa6c4858414ba7ed9bc4c') in 0.007966 seconds
Number of updated asset objects reloaded before import = 0Number of asset objects unloaded after import = 4

========================================================================
Received Import Request.
  Time since last request: 3.009745 seconds.
  path: Assets/FPS/Art/Fonts/Roboto-Regular SDF.asset
  artifactKey: Guid(106dddce1f2404b45bbfa40eab1b84ea) Importer(815301076,1909f56bfc062723c751e8b465ee728b)
Start importing Assets/FPS/Art/Fonts/Roboto-Regular SDF.asset using Guid(106dddce1f2404b45bbfa40eab1b84ea) Importer(815301076,1909f56bfc062723c751e8b465ee728b) (PreviewImporter) -> (artifact id: 'e655111f11da8741ddcf616c1af0a7ed') in 0.0175367 seconds
Number of updated asset objects reloaded before import = 0Number of asset objects unloaded after import = 4

========================================================================
Received Import Request.
  Time since last request: 134.297398 seconds.
  path: Assets/FPS/Art/Fonts/Audiowide-Regular.ttf
  artifactKey: Guid(642e0565645163649b93c260797289fd) Importer(815301076,1909f56bfc062723c751e8b465ee728b)
Start importing Assets/FPS/Art/Fonts/Audiowide-Regular.ttf using Guid(642e0565645163649b93c260797289fd) Importer(815301076,1909f56bfc062723c751e8b465ee728b) (PreviewImporter) -> (artifact id: '0d6e1329dbb987e3469d96f078cb29e9') in 0.0078277 seconds
Number of updated asset objects reloaded before import = 0Number of asset objects unloaded after import = 4

========================================================================
Received Import Request.
  Time since last request: 35.568066 seconds.
  path: Assets/FPS/Art/Fonts/Audiowide-Regular SDF.asset
  artifactKey: Guid(bde20dfd2d24cef46a3879f3e9e8147f) Importer(2089858483,d624ce77472d68a35037170ec1d2d27e)
Start importing Assets/FPS/Art/Fonts/Audiowide-Regular SDF.asset using Guid(bde20dfd2d24cef46a3879f3e9e8147f) Importer(2089858483,d624ce77472d68a35037170ec1d2d27e) (ScriptedImporter) -> (artifact id: 'd50cd4cfbf3b74011a1fd7ccc101786c') in 0.0748775 seconds
Number of updated asset objects reloaded before import = 0Number of asset objects unloaded after import = 3

========================================================================
Received Import Request.
  Time since last request: 0.000018 seconds.
  path: Assets/FPS/Art/Fonts/Roboto-Black SDF.asset
  artifactKey: Guid(75063828274bdb145a55f6dd2f22e8b2) Importer(2089858483,d624ce77472d68a35037170ec1d2d27e)
Start importing Assets/FPS/Art/Fonts/Roboto-Black SDF.asset using Guid(75063828274bdb145a55f6dd2f22e8b2) Importer(2089858483,d624ce77472d68a35037170ec1d2d27e) (ScriptedImporter) -> (artifact id: '58a85e07ffcd6eea1c37b08234132767') in 0.0168256 seconds
Number of updated asset objects reloaded before import = 0Number of asset objects unloaded after import = 3

========================================================================
Received Import Request.
  Time since last request: 33.742548 seconds.
  path: Assets/FPS/Art/Fonts/Roboto-Black SDF.asset
  artifactKey: Guid(75063828274bdb145a55f6dd2f22e8b2) Importer(815301076,1909f56bfc062723c751e8b465ee728b)
Start importing Assets/FPS/Art/Fonts/Roboto-Black SDF.asset using Guid(75063828274bdb145a55f6dd2f22e8b2) Importer(815301076,1909f56bfc062723c751e8b465ee728b) (PreviewImporter) -> (artifact id: '084f1a10f15b1c717f065a583c7985c7') in 0.0198442 seconds
Number of updated asset objects reloaded before import = 0Number of asset objects unloaded after import = 4

========================================================================
Received Prepare
Begin MonoManager ReloadAssembly
[Licensing::Client] Successfully resolved entitlement details
ADTM: Control thread waiting for realtime thread timed out, have to lock...
- Loaded All Assemblies, in  1.654 seconds
Refreshing native plugins compatible for Editor in 0.86 ms, found 2 plugins.
Native extension for LinuxStandalone target not found
Native extension for AppleTV target not found
Native extension for iOS target not found
Native extension for Android target not found
Native extension for UWP target not found
Native extension for WindowsStandalone target not found
Native extension for OSXStandalone target not found
Native extension for WebGL target not found
[Package Manager] Failed to launch server process. Reason: Unity was launched with the -noUpm command-line argument
[Package Manager] Unable to send message (not connected to server process).
[Package Manager] Cannot connect to Unity Package Manager local server
[MODES] ModeService[none].Initialize
[MODES] ModeService[none].LoadModes
ScheduleIndexationOnStartup MainProcess:False IndexOnStartup:True
Mono: successfully reloaded assembly
- Finished resetting the current domain, in  0.559 seconds
Domain Reload Profiling: 2210ms
	BeginReloadAssembly (1206ms)
		ExecutionOrderSort (0ms)
		DisableScriptedObjects (14ms)
		BackupInstance (0ms)
		ReleaseScriptingObjects (0ms)
		CreateAndSetChildDomain (1064ms)
	RebuildCommonClasses (26ms)
	RebuildNativeTypeToScriptingClass (9ms)
	initialDomainReloadingComplete (24ms)
	LoadAllAssembliesAndSetupDomain (386ms)
		LoadAssemblies (321ms)
		RebuildTransferFunctionScriptingTraits (0ms)
		AnalyzeDomain (141ms)
			TypeCache.Refresh (4ms)
				TypeCache.ScanAssembly (0ms)
			BuildScriptInfoCaches (126ms)
			ResolveRequiredComponents (7ms)
	FinalizeReload (559ms)
		ReleaseScriptCaches (0ms)
		RebuildScriptCaches (0ms)
		SetupLoadedEditorAssemblies (442ms)
			LogAssemblyErrors (0ms)
			InitializePlatformSupportModulesInManaged (21ms)
			SetLoadedEditorAssemblies (5ms)
			BeforeProcessingInitializeOnLoad (108ms)
			ProcessInitializeOnLoadAttributes (228ms)
			ProcessInitializeOnLoadMethodAttributes (76ms)
			AfterProcessingInitializeOnLoad (5ms)
			EditorAssembliesLoaded (0ms)
		ExecutionOrderSort2 (0ms)
		AwakeInstancesAfterBackupRestoration (11ms)
Refreshing native plugins compatible for Editor in 0.86 ms, found 2 plugins.
Preloading 0 native plugins for Editor in 0.00 ms.
Unloading 18 Unused Serialized files (Serialized files now loaded: 0)
Unloading 5373 unused Assets / (4.0 MB). Loaded Objects now: 6349.
Memory consumption went from 157.1 MB to 153.1 MB.
Total: 8.008000 ms (FindLiveObjects: 0.660000 ms CreateObjectMapping: 0.255200 ms MarkObjects: 5.245100 ms  DeleteObjects: 1.846600 ms)

Prepare: number of updated asset objects reloaded= 0
========================================================================
Received Prepare
Begin MonoManager ReloadAssembly
ADTM: Control thread waiting for realtime thread timed out, have to lock...
- Loaded All Assemblies, in  1.641 seconds
Refreshing native plugins compatible for Editor in 0.83 ms, found 2 plugins.
Native extension for LinuxStandalone target not found
Native extension for AppleTV target not found
Native extension for iOS target not found
Native extension for Android target not found
Native extension for UWP target not found
Native extension for WindowsStandalone target not found
Native extension for OSXStandalone target not found
Native extension for WebGL target not found
[Package Manager] Failed to launch server process. Reason: Unity was launched with the -noUpm command-line argument
[Package Manager] Unable to send message (not connected to server process).
[Package Manager] Cannot connect to Unity Package Manager local server
[MODES] ModeService[none].Initialize
[MODES] ModeService[none].LoadModes
ScheduleIndexationOnStartup MainProcess:False IndexOnStartup:True
Mono: successfully reloaded assembly
- Finished resetting the current domain, in  0.556 seconds
Domain Reload Profiling: 2192ms
	BeginReloadAssembly (1181ms)
		ExecutionOrderSort (0ms)
		DisableScriptedObjects (4ms)
		BackupInstance (0ms)
		ReleaseScriptingObjects (0ms)
		CreateAndSetChildDomain (1046ms)
	RebuildCommonClasses (25ms)
	RebuildNativeTypeToScriptingClass (10ms)
	initialDomainReloadingComplete (24ms)
	LoadAllAssembliesAndSetupDomain (396ms)
		LoadAssemblies (337ms)
		RebuildTransferFunctionScriptingTraits (0ms)
		AnalyzeDomain (142ms)
			TypeCache.Refresh (5ms)
				TypeCache.ScanAssembly (0ms)
			BuildScriptInfoCaches (126ms)
			ResolveRequiredComponents (8ms)
	FinalizeReload (556ms)
		ReleaseScriptCaches (0ms)
		RebuildScriptCaches (0ms)
		SetupLoadedEditorAssemblies (443ms)
			LogAssemblyErrors (0ms)
			InitializePlatformSupportModulesInManaged (19ms)
			SetLoadedEditorAssemblies (5ms)
			BeforeProcessingInitializeOnLoad (109ms)
			ProcessInitializeOnLoadAttributes (232ms)
			ProcessInitializeOnLoadMethodAttributes (73ms)
			AfterProcessingInitializeOnLoad (5ms)
			EditorAssembliesLoaded (0ms)
		ExecutionOrderSort2 (0ms)
		AwakeInstancesAfterBackupRestoration (11ms)
Refreshing native plugins compatible for Editor in 0.99 ms, found 2 plugins.
Preloading 0 native plugins for Editor in 0.00 ms.
Unloading 18 Unused Serialized files (Serialized files now loaded: 0)
Unloading 5373 unused Assets / (4.4 MB). Loaded Objects now: 6352.
Memory consumption went from 157.0 MB to 152.6 MB.
Total: 7.293500 ms (FindLiveObjects: 0.582200 ms CreateObjectMapping: 0.325000 ms MarkObjects: 4.472100 ms  DeleteObjects: 1.913000 ms)

Prepare: number of updated asset objects reloaded= 0
========================================================================
Received Import Request.
  Time since last request: 137.482154 seconds.
  path: Assets/FPS/Scenes/MainScene.unity
  artifactKey: Guid(d794a2ef8ba31d847ad3c19d03e2ddb9) Importer(815301076,1909f56bfc062723c751e8b465ee728b)
Start importing Assets/FPS/Scenes/MainScene.unity using Guid(d794a2ef8ba31d847ad3c19d03e2ddb9) Importer(815301076,1909f56bfc062723c751e8b465ee728b) (PreviewImporter) -> (artifact id: '8ef35db9fc75aa58e0542491fd8abb7b') in 0.0146233 seconds
Number of updated asset objects reloaded before import = 0Number of asset objects unloaded after import = 0

========================================================================
Received Prepare
Begin MonoManager ReloadAssembly
[Licensing::Client] Successfully resolved entitlement details
ADTM: Control thread waiting for realtime thread timed out, have to lock...
- Loaded All Assemblies, in  1.711 seconds
Refreshing native plugins compatible for Editor in 0.89 ms, found 2 plugins.
Native extension for LinuxStandalone target not found
Native extension for AppleTV target not found
Native extension for iOS target not found
Native extension for Android target not found
Native extension for UWP target not found
Native extension for WindowsStandalone target not found
Native extension for OSXStandalone target not found
Native extension for WebGL target not found
[Package Manager] Failed to launch server process. Reason: Unity was launched with the -noUpm command-line argument
[Package Manager] Unable to send message (not connected to server process).
[Package Manager] Cannot connect to Unity Package Manager local server
[MODES] ModeService[none].Initialize
[MODES] ModeService[none].LoadModes
ScheduleIndexationOnStartup MainProcess:False IndexOnStartup:True
Mono: successfully reloaded assembly
- Finished resetting the current domain, in  0.657 seconds
Domain Reload Profiling: 2362ms
	BeginReloadAssembly (1183ms)
		ExecutionOrderSort (0ms)
		DisableScriptedObjects (4ms)
		BackupInstance (0ms)
		ReleaseScriptingObjects (0ms)
		CreateAndSetChildDomain (1051ms)
	RebuildCommonClasses (30ms)
	RebuildNativeTypeToScriptingClass (12ms)
	initialDomainReloadingComplete (29ms)
	LoadAllAssembliesAndSetupDomain (450ms)
		LoadAssemblies (361ms)
		RebuildTransferFunctionScriptingTraits (0ms)
		AnalyzeDomain (165ms)
			TypeCache.Refresh (5ms)
				TypeCache.ScanAssembly (0ms)
			BuildScriptInfoCaches (148ms)
			ResolveRequiredComponents (8ms)
	FinalizeReload (657ms)
		ReleaseScriptCaches (0ms)
		RebuildScriptCaches (0ms)
		SetupLoadedEditorAssemblies (521ms)
			LogAssemblyErrors (0ms)
			InitializePlatformSupportModulesInManaged (24ms)
			SetLoadedEditorAssemblies (6ms)
			BeforeProcessingInitializeOnLoad (133ms)
			ProcessInitializeOnLoadAttributes (269ms)
			ProcessInitializeOnLoadMethodAttributes (84ms)
			AfterProcessingInitializeOnLoad (6ms)
			EditorAssembliesLoaded (0ms)
		ExecutionOrderSort2 (0ms)
		AwakeInstancesAfterBackupRestoration (12ms)
Refreshing native plugins compatible for Editor in 1.19 ms, found 2 plugins.
Preloading 0 native plugins for Editor in 0.00 ms.
Unloading 18 Unused Serialized files (Serialized files now loaded: 0)
Unloading 5373 unused Assets / (4.2 MB). Loaded Objects now: 6355.
Memory consumption went from 157.0 MB to 152.9 MB.
Total: 8.326300 ms (FindLiveObjects: 0.678200 ms CreateObjectMapping: 0.367500 ms MarkObjects: 5.264800 ms  DeleteObjects: 2.014500 ms)

Prepare: number of updated asset objects reloaded= 0
