[Licensing::Module] Trying to connect to existing licensing client channel...
Built from '6000.3/staging' branch; Version is '6000.3.8f1 (1c7db571dde0) revision 1867189'; Using compiler version '194234433'; Build Type 'Release'
OS: 'Windows 11  (10.0.26200) Education' Language: 'en' Physical Memory: 65129 MB
[Licensing::IpcConnector] Successfully connected to: "LicenseClient-nigel.morris" at "2026-06-29T14:01:39.8094996Z"
BatchMode: 1, IsHumanControllingUs: 0, StartBugReporterOnCrash: 0, Is64bit: 1
System  architecture: x64
Process architecture: x64
Date: 2026-06-29T14:01:39Z

COMMAND LINE ARGUMENTS:
C:\Program Files\Unity\Hub\Editor\6000.3.8f1\Editor\Unity.exe
-adb2
-batchMode
-noUpm
-name
AssetImportWorker3
-projectPath
C:/Users/nigel.morris/OneDrive - eastsussexcollegegroup/Documents/GitHub/FPS-Microgame-2025
-logFile
Logs/AssetImportWorker3.log
-srvPort
49947
-licensingIpc
LicenseClient-nigel.morris
-job-worker-count
11
-background-job-worker-count
8
-gc-helper-count
1
-name
AssetImport
Successfully changed project path to: C:/Users/nigel.morris/OneDrive - eastsussexcollegegroup/Documents/GitHub/FPS-Microgame-2025
C:/Users/nigel.morris/OneDrive - eastsussexcollegegroup/Documents/GitHub/FPS-Microgame-2025
[UnityMemory] Configuration Parameters - Can be set up in boot.config
    "memorysetup-temp-allocator-size-nav-mesh-worker=65536"
    "memorysetup-temp-allocator-size-audio-worker=65536"
    "memorysetup-temp-allocator-size-gfx=262144"
    "memorysetup-allocator-temp-initial-block-size-main=262144"
    "memorysetup-allocator-temp-initial-block-size-worker=262144"
    "memorysetup-temp-allocator-size-background-worker=32768"
    "memorysetup-temp-allocator-size-job-worker=262144"
    "memorysetup-temp-allocator-size-preload-manager=33554432"
    "memorysetup-temp-allocator-size-gi-baking-worker=262144"
    "memorysetup-temp-allocator-size-gi-baking-worker=262144"
    "memorysetup-temp-allocator-size-gi-baking-worker=262144"
    "memorysetup-temp-allocator-size-gi-baking-worker=262144"
    "memorysetup-temp-allocator-size-gi-baking-worker=262144"
    "memorysetup-bucket-allocator-granularity=16"
    "memorysetup-bucket-allocator-bucket-count=8"
    "memorysetup-bucket-allocator-block-size=33554432"
    "memorysetup-bucket-allocator-block-count=8"
    "memorysetup-main-allocator-block-size=16777216"
    "memorysetup-thread-allocator-block-size=16777216"
    "memorysetup-gfx-main-allocator-block-size=16777216"
    "memorysetup-gfx-thread-allocator-block-size=16777216"
    "memorysetup-cache-allocator-block-size=4194304"
    "memorysetup-typetree-allocator-block-size=2097152"
    "memorysetup-profiler-bucket-allocator-granularity=16"
    "memorysetup-profiler-bucket-allocator-bucket-count=8"
    "memorysetup-profiler-bucket-allocator-block-size=33554432"
    "memorysetup-profiler-bucket-allocator-block-count=8"
    "memorysetup-profiler-allocator-block-size=16777216"
    "memorysetup-profiler-editor-allocator-block-size=1048576"
    "memorysetup-temp-allocator-size-main=16777216"
    "memorysetup-job-temp-allocator-block-size=2097152"
    "memorysetup-job-temp-allocator-block-size-background=1048576"
    "memorysetup-job-temp-allocator-reduction-small-platforms=262144"
    "memorysetup-temp-allocator-size-cloud-worker=32768"
Player connection [33304]  Target information:

Player connection [33304]  * "[IP] 172.27.185.99 [Port] 0 [Flags] 2 [Guid] 1636746768 [EditorId] 1636746768 [Version] 1048832 [Id] WindowsEditor(7,L-CB346-16422T) [Debug] 1 [PackageName] WindowsEditor [ProjectName] Editor" 

Player connection [33304] Host joined multi-casting on [225.0.0.222:54997]...
Player connection [33304] Host joined alternative multi-casting on [225.0.0.222:34997]...
JobSystem: Creating JobQueue using job-worker-count value 11
Input System module state changed to: Initialized.
[Physics::Module] Initialized fallback backend.
[Physics::Module] Id: 0xdecafbad
Library Redirect Path: Library/
[Physics::Module] Selected backend.
[Physics::Module] Name: PhysX
[Physics::Module] Id: 0xf2b8ea05
[Physics::Module] SDK Version: 4.1.2
[Physics::Module] Integration Version: 1.0.0
[Physics::Module] Threading Mode: Multi-Threaded
Refreshing native plugins compatible for Editor in 1.77 ms, found 2 plugins.
Preloading 0 native plugins for Editor in 0.00 ms.
Initialize engine version: 6000.3.8f1 (1c7db571dde0)
[Subsystems] Discovering subsystems at path C:/Program Files/Unity/Hub/Editor/6000.3.8f1/Editor/Data/Resources/UnitySubsystems
[Subsystems] Discovering subsystems at path C:/Users/nigel.morris/OneDrive - eastsussexcollegegroup/Documents/GitHub/FPS-Microgame-2025/Assets
GfxDevice: creating device client; kGfxThreadingModeNonThreaded
Direct3D:
    Version:  Direct3D 11.0 [level 11.1]
    Renderer: NVIDIA GeForce RTX 4090 (ID=0x2684)
    Vendor:   NVIDIA
    VRAM:     24138 MB
    Driver:   32.0.15.9597
Initialize mono
Mono path[0] = 'C:/Program Files/Unity/Hub/Editor/6000.3.8f1/Editor/Data/Managed'
Mono path[1] = 'C:/Program Files/Unity/Hub/Editor/6000.3.8f1/Editor/Data/MonoBleedingEdge/lib/mono/unityjit-win32'
Mono config path = 'C:/Program Files/Unity/Hub/Editor/6000.3.8f1/Editor/Data/MonoBleedingEdge/etc'
Using monoOptions --debugger-agent=transport=dt_socket,embedding=1,server=y,suspend=n,address=127.0.0.1:56292
Begin MonoManager ReloadAssembly
Registering precompiled unity dll's ...
Register platform support module: C:/Program Files/Unity/Hub/Editor/6000.3.8f1/Editor/Data/PlaybackEngines/WebGLSupport/UnityEditor.WebGL.Extensions.dll
Register platform support module: C:/Program Files/Unity/Hub/Editor/6000.3.8f1/Editor/Data/PlaybackEngines/MacStandaloneSupport/UnityEditor.OSXStandalone.Extensions.dll
Register platform support module: C:/Program Files/Unity/Hub/Editor/6000.3.8f1/Editor/Data/PlaybackEngines/WindowsStandaloneSupport/UnityEditor.WindowsStandalone.Extensions.dll
[Licensing::Module] Licensing is not yet initialized.
[Licensing::Client] Handshaking with LicensingClient:
  Version:                 1.17.4+4293ba1
  Session Id:              f6975144be5f47728a703bc05d7a7973
  Correlation Id:          76bf0c0386612ddf2043f5e2de490992
  External correlation Id: 869486269344052015
  Machine Id:              MDg+barcQ7c7z6KV2Ua+xBe39l8=
[Licensing::Module] Successfully connected to LicensingClient on channel: "LicenseClient-nigel.morris" (connect: 0.00s, validation: 0.00s, handshake: 1.21s)
[Licensing::IpcConnector] Successfully connected to: "LicenseClient-nigel.morris-notifications" at "2026-06-29T14:01:41.0217853Z"
[Licensing::Module] Licensing Background thread has ended after 1.21s
[Licensing::Module] Licensing is initialized (took 0.23s).
[Licensing::Client] Successfully resolved entitlement details
[Licensing::Module] License group:
  Id: E4-5EVD-TUDB-EX42-UW92-XXXX
  Product: Unity Education
  Type: ULF
  Expiration: 2026-11-08T22:20:47Z
Register platform support module: C:/Program Files/Unity/Hub/Editor/6000.3.8f1/Editor/Data/PlaybackEngines/MetroSupport/UnityEditor.UWP.Extensions.dll
[Licensing::Client] Successfully resolved entitlement details
Register platform support module: C:/Program Files/Unity/Hub/Editor/6000.3.8f1/Editor/Data/PlaybackEngines/AndroidPlayer/UnityEditor.Android.Extensions.dll
[Licensing::Client] Successfully resolved entitlement details
Register platform support module: C:/Program Files/Unity/Hub/Editor/6000.3.8f1/Editor/Data/PlaybackEngines/iOSSupport/UnityEditor.iOS.Extensions.dll
Register platform support module: C:/Program Files/Unity/Hub/Editor/6000.3.8f1/Editor/Data/PlaybackEngines/AppleTVSupport/UnityEditor.AppleTV.Extensions.dll
Register platform support module: C:/Program Files/Unity/Hub/Editor/6000.3.8f1/Editor/Data/PlaybackEngines/LinuxStandaloneSupport/UnityEditor.LinuxStandalone.Extensions.dll
Registered in 0.249761 seconds.
- Loaded All Assemblies, in  0.625 seconds
Native extension for LinuxStandalone target not found
[usbmuxd] Start listen thread
[usbmuxd] Listen thread started
Native extension for AppleTV target not found
[usbmuxd] Start listen thread
[usbmuxd] Listen thread started
Native extension for iOS target not found
Native extension for Android target not found
Android Extension - Scanning For ADB Devices 2349 ms
Native extension for UWP target not found
Native extension for WindowsStandalone target not found
Native extension for OSXStandalone target not found
Native extension for WebGL target not found
Package Manager log level set to [2]
[Package Manager] Failed to launch server process. Reason: Unity was launched with the -noUpm command-line argument
[Package Manager] Unable to send message (not connected to server process).
[Package Manager] Cannot connect to Unity Package Manager local server
ScheduleIndexationOnStartup MainProcess:False IndexOnStartup:True
Mono: successfully reloaded assembly
- Finished resetting the current domain, in  2.732 seconds
Domain Reload Profiling: 3351ms
	BeginReloadAssembly (141ms)
		ExecutionOrderSort (0ms)
		DisableScriptedObjects (0ms)
		BackupInstance (0ms)
		ReleaseScriptingObjects (0ms)
		CreateAndSetChildDomain (1ms)
	RebuildCommonClasses (38ms)
	RebuildNativeTypeToScriptingClass (9ms)
	initialDomainReloadingComplete (287ms)
	LoadAllAssembliesAndSetupDomain (144ms)
		LoadAssemblies (137ms)
		RebuildTransferFunctionScriptingTraits (0ms)
		AnalyzeDomain (138ms)
			TypeCache.Refresh (137ms)
				TypeCache.ScanAssembly (127ms)
			BuildScriptInfoCaches (0ms)
			ResolveRequiredComponents (0ms)
	FinalizeReload (2732ms)
		ReleaseScriptCaches (0ms)
		RebuildScriptCaches (0ms)
		SetupLoadedEditorAssemblies (2698ms)
			LogAssemblyErrors (0ms)
			InitializePlatformSupportModulesInManaged (2459ms)
			SetLoadedEditorAssemblies (3ms)
			BeforeProcessingInitializeOnLoad (75ms)
			ProcessInitializeOnLoadAttributes (122ms)
			ProcessInitializeOnLoadMethodAttributes (39ms)
			AfterProcessingInitializeOnLoad (0ms)
			EditorAssembliesLoaded (0ms)
		ExecutionOrderSort2 (0ms)
		AwakeInstancesAfterBackupRestoration (0ms)
========================================================================
Worker process is ready to serve import requests
Import Worker Mode flag is 0x00
Begin MonoManager ReloadAssembly
[Licensing::Client] Successfully resolved entitlement details
- Loaded All Assemblies, in  0.746 seconds
Refreshing native plugins compatible for Editor in 0.97 ms, found 2 plugins.
Native extension for LinuxStandalone target not found
Native extension for AppleTV target not found
Native extension for iOS target not found
Native extension for Android target not found
Native extension for UWP target not found
Native extension for WindowsStandalone target not found
Native extension for OSXStandalone target not found
Native extension for WebGL target not found
[Package Manager] Failed to launch server process. Reason: Unity was launched with the -noUpm command-line argument
[Package Manager] Unable to send message (not connected to server process).
[Package Manager] Cannot connect to Unity Package Manager local server
[MODES] ModeService[none].Initialize
[MODES] ModeService[none].LoadModes
[MODES] Loading mode Default (0) for mode-current-id-fps
ScheduleIndexationOnStartup MainProcess:False IndexOnStartup:True
Mono: successfully reloaded assembly
- Finished resetting the current domain, in  0.629 seconds
Domain Reload Profiling: 1366ms
	BeginReloadAssembly (159ms)
		ExecutionOrderSort (0ms)
		DisableScriptedObjects (4ms)
		BackupInstance (0ms)
		ReleaseScriptingObjects (0ms)
		CreateAndSetChildDomain (32ms)
	RebuildCommonClasses (27ms)
	RebuildNativeTypeToScriptingClass (9ms)
	initialDomainReloadingComplete (35ms)
	LoadAllAssembliesAndSetupDomain (506ms)
		LoadAssemblies (398ms)
		RebuildTransferFunctionScriptingTraits (0ms)
		AnalyzeDomain (195ms)
			TypeCache.Refresh (137ms)
				TypeCache.ScanAssembly (125ms)
			BuildScriptInfoCaches (47ms)
			ResolveRequiredComponents (6ms)
	FinalizeReload (630ms)
		ReleaseScriptCaches (0ms)
		RebuildScriptCaches (0ms)
		SetupLoadedEditorAssemblies (471ms)
			LogAssemblyErrors (0ms)
			InitializePlatformSupportModulesInManaged (25ms)
			SetLoadedEditorAssemblies (3ms)
			BeforeProcessingInitializeOnLoad (126ms)
			ProcessInitializeOnLoadAttributes (238ms)
			ProcessInitializeOnLoadMethodAttributes (71ms)
			AfterProcessingInitializeOnLoad (8ms)
			EditorAssembliesLoaded (0ms)
		ExecutionOrderSort2 (0ms)
		AwakeInstancesAfterBackupRestoration (5ms)
Launched and connected shader compiler UnityShaderCompiler.exe after 0.02 seconds
Refreshing native plugins compatible for Editor in 1.08 ms, found 2 plugins.
Preloading 0 native plugins for Editor in 0.00 ms.
Unloading 17 Unused Serialized files (Serialized files now loaded: 0)
Unloading 5375 unused Assets / (4.0 MB). Loaded Objects now: 6220.
Memory consumption went from 147.7 MB to 143.6 MB.
Total: 7.328200 ms (FindLiveObjects: 0.576800 ms CreateObjectMapping: 0.206600 ms MarkObjects: 4.867500 ms  DeleteObjects: 1.676600 ms)

========================================================================
Received Import Request.
  Time since last request: 421531.162536 seconds.
  path: Assets/AddOns/Mg3D_Animated_Sci-fi/Prefabs/Pod_Assembled_Animated.prefab
  artifactKey: Guid(f1fda425dbbb20c4094d170e3bff6391) Importer(2089858483,6ccb1906827d78b5adc64f8648ee0e84)
Start importing Assets/AddOns/Mg3D_Animated_Sci-fi/Prefabs/Pod_Assembled_Animated.prefab using Guid(f1fda425dbbb20c4094d170e3bff6391) Importer(2089858483,6ccb1906827d78b5adc64f8648ee0e84) (ScriptedImporter) -> (artifact id: '2e29884e0d6e197a53c7fb4aa1b0287f') in 0.2444753 seconds
Number of updated asset objects reloaded before import = 0Number of asset objects unloaded after import = 98

========================================================================
Received Import Request.
  Time since last request: 0.000022 seconds.
  path: Assets/AddOns/MgFPS_Enemy_Boss/Prefabs/VFX_Railgun_FocusPoint.prefab
  artifactKey: Guid(7bbe635e3c15c3642b08f81b9f628972) Importer(2089858483,6ccb1906827d78b5adc64f8648ee0e84)
Start importing Assets/AddOns/MgFPS_Enemy_Boss/Prefabs/VFX_Railgun_FocusPoint.prefab using Guid(7bbe635e3c15c3642b08f81b9f628972) Importer(2089858483,6ccb1906827d78b5adc64f8648ee0e84) (ScriptedImporter) -> (artifact id: '614dfdf6d0c0ebbedd7aa1067ee2e8e0') in 0.0517226 seconds
Number of updated asset objects reloaded before import = 0Number of asset objects unloaded after import = 6

========================================================================
Received Import Request.
  Time since last request: 0.000023 seconds.
  path: Assets/AddOns/MgFPS_Thunderlight/Thunderlight_VFX/Thunderlight_BlobSparks.prefab
  artifactKey: Guid(81aa945dcafaa414a994715de3260ae9) Importer(2089858483,6ccb1906827d78b5adc64f8648ee0e84)
Start importing Assets/AddOns/MgFPS_Thunderlight/Thunderlight_VFX/Thunderlight_BlobSparks.prefab using Guid(81aa945dcafaa414a994715de3260ae9) Importer(2089858483,6ccb1906827d78b5adc64f8648ee0e84) (ScriptedImporter) -> (artifact id: '606e571c477b2f649f47f69a757b9ac3') in 0.0284747 seconds
Number of updated asset objects reloaded before import = 0Number of asset objects unloaded after import = 6

========================================================================
Received Import Request.
  Time since last request: 0.000014 seconds.
  path: Assets/TextMesh Pro/Shaders/TMP_SDF-HDRP UNLIT.shadergraph
  artifactKey: Guid(f63d574838ccfb44f84acc05fed0af48) Importer(2089858483,d624ce77472d68a35037170ec1d2d27e)
Start importing Assets/TextMesh Pro/Shaders/TMP_SDF-HDRP UNLIT.shadergraph using Guid(f63d574838ccfb44f84acc05fed0af48) Importer(2089858483,d624ce77472d68a35037170ec1d2d27e) (ScriptedImporter) -> (artifact id: '3c69118e9a12dee70e9ddfc359721d0c') in 0.0302671 seconds
Number of updated asset objects reloaded before import = 0Number of asset objects unloaded after import = 3

========================================================================
Received Import Request.
  Time since last request: 0.000013 seconds.
  path: Assets/FPS/Prefabs/Level/MainLvl/Section3/Base_Wall.prefab
  artifactKey: Guid(544fe380545febf4997d6a45e7a51642) Importer(2089858483,6ccb1906827d78b5adc64f8648ee0e84)
Start importing Assets/FPS/Prefabs/Level/MainLvl/Section3/Base_Wall.prefab using Guid(544fe380545febf4997d6a45e7a51642) Importer(2089858483,6ccb1906827d78b5adc64f8648ee0e84) (ScriptedImporter) -> (artifact id: 'fe487e13c11395a6d7bb238555debfcd') in 0.3405875 seconds
Number of updated asset objects reloaded before import = 0Number of asset objects unloaded after import = 1516

========================================================================
Received Import Request.
  Time since last request: 0.000020 seconds.
  path: Assets/Rendering/Default_PipelineAsset.asset
  artifactKey: Guid(6cbb334173594044d902c240207198f2) Importer(2089858483,d624ce77472d68a35037170ec1d2d27e)
Start importing Assets/Rendering/Default_PipelineAsset.asset using Guid(6cbb334173594044d902c240207198f2) Importer(2089858483,d624ce77472d68a35037170ec1d2d27e) (ScriptedImporter) -> (artifact id: '660b6769858a34fcc5a99783d850c9cc') in 0.0326095 seconds
Number of updated asset objects reloaded before import = 0Number of asset objects unloaded after import = 1

========================================================================
Received Import Request.
  Time since last request: 0.000024 seconds.
  path: Assets/AddOns/Mg3D_Animated_Sci-fi/Prefabs/Generator_A_Set_Animated.prefab
  artifactKey: Guid(c9e540b9b644e584692a1e7967cd53e9) Importer(2089858483,6ccb1906827d78b5adc64f8648ee0e84)
Start importing Assets/AddOns/Mg3D_Animated_Sci-fi/Prefabs/Generator_A_Set_Animated.prefab using Guid(c9e540b9b644e584692a1e7967cd53e9) Importer(2089858483,6ccb1906827d78b5adc64f8648ee0e84) (ScriptedImporter) -> (artifact id: '6a95006bb8d6086a0dbc39a02abf1f2e') in 0.0854067 seconds
Number of updated asset objects reloaded before import = 0Number of asset objects unloaded after import = 36

========================================================================
Received Import Request.
  Time since last request: 0.000019 seconds.
  path: Assets/FPS/Prefabs/Level/Walls/Wall_1m.prefab
  artifactKey: Guid(3e1dd0ea23e4fde4988edf3207e53029) Importer(2089858483,6ccb1906827d78b5adc64f8648ee0e84)
Start importing Assets/FPS/Prefabs/Level/Walls/Wall_1m.prefab using Guid(3e1dd0ea23e4fde4988edf3207e53029) Importer(2089858483,6ccb1906827d78b5adc64f8648ee0e84) (ScriptedImporter) -> (artifact id: '42acf3674e2d769744e9c7740069fea6') in 0.015636 seconds
Number of updated asset objects reloaded before import = 0Number of asset objects unloaded after import = 19

========================================================================
Received Import Request.
  Time since last request: 0.000019 seconds.
  path: Assets/AddOns/MgFPS_Fireballer/Fireballer_VFX/VFX_Fireballer_Impact.prefab
  artifactKey: Guid(cf9ed5769486df14798080bee5d38692) Importer(2089858483,6ccb1906827d78b5adc64f8648ee0e84)
Start importing Assets/AddOns/MgFPS_Fireballer/Fireballer_VFX/VFX_Fireballer_Impact.prefab using Guid(cf9ed5769486df14798080bee5d38692) Importer(2089858483,6ccb1906827d78b5adc64f8648ee0e84) (ScriptedImporter) -> (artifact id: '13aa2434019eed48d5285e67d3f2a5a9') in 0.059753 seconds
Number of updated asset objects reloaded before import = 0Number of asset objects unloaded after import = 22

========================================================================
Received Import Request.
  Time since last request: 0.000023 seconds.
  path: Assets/FPS/Prefabs/Level/Floors/Floor_6x6.prefab
  artifactKey: Guid(e37fa63419b53f34f99d1b98fda16468) Importer(2089858483,6ccb1906827d78b5adc64f8648ee0e84)
Start importing Assets/FPS/Prefabs/Level/Floors/Floor_6x6.prefab using Guid(e37fa63419b53f34f99d1b98fda16468) Importer(2089858483,6ccb1906827d78b5adc64f8648ee0e84) (ScriptedImporter) -> (artifact id: '1cff0314a2cd91edb6c6d5e051a750f3') in 0.0770393 seconds
Number of updated asset objects reloaded before import = 0Number of asset objects unloaded after import = 351

========================================================================
Received Import Request.
  Time since last request: 0.000016 seconds.
  path: Assets/CodeMonkey/KeyDoorSystem/Objects/DoorKeyUI.prefab
  artifactKey: Guid(6971116e2dd12e848a33b6663e8ae71d) Importer(2089858483,6ccb1906827d78b5adc64f8648ee0e84)
Start importing Assets/CodeMonkey/KeyDoorSystem/Objects/DoorKeyUI.prefab using Guid(6971116e2dd12e848a33b6663e8ae71d) Importer(2089858483,6ccb1906827d78b5adc64f8648ee0e84) (ScriptedImporter) -> (artifact id: '3d893d68bc65dc8fdd838d4cabd8eeba') in 0.0405758 seconds
Number of updated asset objects reloaded before import = 0Number of asset objects unloaded after import = 27

========================================================================
Received Import Request.
  Time since last request: 0.000014 seconds.
  path: Assets/TextMesh Pro/Sprites/EmojiOne.json
  artifactKey: Guid(8f05276190cf498a8153f6cbe761d4e6) Importer(2089858483,d624ce77472d68a35037170ec1d2d27e)
Start importing Assets/TextMesh Pro/Sprites/EmojiOne.json using Guid(8f05276190cf498a8153f6cbe761d4e6) Importer(2089858483,d624ce77472d68a35037170ec1d2d27e) (ScriptedImporter) -> (artifact id: '1c3c3498915f160a81e7fbe50a302bd9') in 0.0116241 seconds
Number of updated asset objects reloaded before import = 0Number of asset objects unloaded after import = 1

========================================================================
Received Import Request.
  Time since last request: 0.000022 seconds.
  path: Assets/AddOns/MgFPS_Aurous/Aurous_VFX/VFX_BlobSparks_Aurous.prefab
  artifactKey: Guid(1963faa456b54a942b4ba48143e4416f) Importer(2089858483,6ccb1906827d78b5adc64f8648ee0e84)
Start importing Assets/AddOns/MgFPS_Aurous/Aurous_VFX/VFX_BlobSparks_Aurous.prefab using Guid(1963faa456b54a942b4ba48143e4416f) Importer(2089858483,6ccb1906827d78b5adc64f8648ee0e84) (ScriptedImporter) -> (artifact id: '45b8d6d2113f74a27e58ad9d7d765497') in 0.0280282 seconds
Number of updated asset objects reloaded before import = 0Number of asset objects unloaded after import = 6

========================================================================
Received Import Request.
  Time since last request: 0.000014 seconds.
  path: Assets/TextMesh Pro/Resources/TMP Settings.asset
  artifactKey: Guid(3f5b5dff67a942289a9defa416b206f3) Importer(2089858483,d624ce77472d68a35037170ec1d2d27e)
Start importing Assets/TextMesh Pro/Resources/TMP Settings.asset using Guid(3f5b5dff67a942289a9defa416b206f3) Importer(2089858483,d624ce77472d68a35037170ec1d2d27e) (ScriptedImporter) -> (artifact id: 'b57f0dbb527378c6c13ca6399bb45f18') in 0.0293028 seconds
Number of updated asset objects reloaded before import = 0Number of asset objects unloaded after import = 16

========================================================================
Received Import Request.
  Time since last request: 0.000014 seconds.
  path: Assets/AddOns/MgFPS_Enemy_Boss/Prefabs/Detection_Module_TV_R.prefab
  artifactKey: Guid(379e7f2f1f0ed26438b516d5a77df71d) Importer(2089858483,6ccb1906827d78b5adc64f8648ee0e84)
Start importing Assets/AddOns/MgFPS_Enemy_Boss/Prefabs/Detection_Module_TV_R.prefab using Guid(379e7f2f1f0ed26438b516d5a77df71d) Importer(2089858483,6ccb1906827d78b5adc64f8648ee0e84) (ScriptedImporter) -> (artifact id: 'fe9cc4889f50df50907650b62c4da1d6') in 0.0525147 seconds
Number of updated asset objects reloaded before import = 0Number of asset objects unloaded after import = 42

========================================================================
Received Import Request.
  Time since last request: 0.000020 seconds.
  path: Assets/FPS/Prefabs/VFX/VFX_HealthPickup.prefab
  artifactKey: Guid(e44fc97440f45e946a0bdbdd460acfb9) Importer(2089858483,6ccb1906827d78b5adc64f8648ee0e84)
Start importing Assets/FPS/Prefabs/VFX/VFX_HealthPickup.prefab using Guid(e44fc97440f45e946a0bdbdd460acfb9) Importer(2089858483,6ccb1906827d78b5adc64f8648ee0e84) (ScriptedImporter) -> (artifact id: '0cd8e65004bf63f23c302ef1cea8c975') in 0.0236909 seconds
Number of updated asset objects reloaded before import = 0Number of asset objects unloaded after import = 7

========================================================================
Received Import Request.
  Time since last request: 0.000021 seconds.
  path: Assets/AddOns/MgFPS_PlasmaRain/Pickup_PlasmaRain.prefab
  artifactKey: Guid(8231feae5edcdcf49b312ef7c62bcc6b) Importer(2089858483,6ccb1906827d78b5adc64f8648ee0e84)
Start importing Assets/AddOns/MgFPS_PlasmaRain/Pickup_PlasmaRain.prefab using Guid(8231feae5edcdcf49b312ef7c62bcc6b) Importer(2089858483,6ccb1906827d78b5adc64f8648ee0e84) (ScriptedImporter) -> (artifact id: 'fbb523623c20ef40185b73816fb2b215') in 0.184006 seconds
Number of updated asset objects reloaded before import = 0Number of asset objects unloaded after import = 262

========================================================================
Received Import Request.
  Time since last request: 0.000018 seconds.
  path: Assets/ModAssets/Prefabs/BillboardPrefabs/BillboardTall.prefab
  artifactKey: Guid(eb2165edd3e7844999a55b305c92b541) Importer(2089858483,6ccb1906827d78b5adc64f8648ee0e84)
Start importing Assets/ModAssets/Prefabs/BillboardPrefabs/BillboardTall.prefab using Guid(eb2165edd3e7844999a55b305c92b541) Importer(2089858483,6ccb1906827d78b5adc64f8648ee0e84) (ScriptedImporter) -> (artifact id: '1220cfd24588e48665fe786df8669f18') in 0.0397045 seconds
Number of updated asset objects reloaded before import = 0Number of asset objects unloaded after import = 28

========================================================================
Received Import Request.
  Time since last request: 0.000024 seconds.
  path: Assets/AddOns/MgFPS_Haku/Pickup_Ammo_Haku.prefab
  artifactKey: Guid(b9941c59cf8d0254ea8a16ecae6661f7) Importer(2089858483,6ccb1906827d78b5adc64f8648ee0e84)
Start importing Assets/AddOns/MgFPS_Haku/Pickup_Ammo_Haku.prefab using Guid(b9941c59cf8d0254ea8a16ecae6661f7) Importer(2089858483,6ccb1906827d78b5adc64f8648ee0e84) (ScriptedImporter) -> (artifact id: 'abebd8395660d0ae1369cad98747c89b') in 0.1221074 seconds
Number of updated asset objects reloaded before import = 0Number of asset objects unloaded after import = 103

========================================================================
Received Import Request.
  Time since last request: 0.000014 seconds.
  path: Assets/AddOns/MgFPS_Enemy_Boss/Prefabs/Weapon_Module_Railgun_L.prefab
  artifactKey: Guid(e62dfb6c7d1aec34ba1791668bace6b7) Importer(2089858483,6ccb1906827d78b5adc64f8648ee0e84)
Start importing Assets/AddOns/MgFPS_Enemy_Boss/Prefabs/Weapon_Module_Railgun_L.prefab using Guid(e62dfb6c7d1aec34ba1791668bace6b7) Importer(2089858483,6ccb1906827d78b5adc64f8648ee0e84) (ScriptedImporter) -> (artifact id: 'b1c5ff07d7f5d123246b27c85b15c7f2') in 0.0961343 seconds
Number of updated asset objects reloaded before import = 0Number of asset objects unloaded after import = 125

========================================================================
Received Import Request.
  Time since last request: 0.000017 seconds.
  path: Assets/FPS/Prefabs/VFX/VFX_HitSparks.prefab
  artifactKey: Guid(7593818fba43c7f4c8372299ce5e893f) Importer(2089858483,6ccb1906827d78b5adc64f8648ee0e84)
Start importing Assets/FPS/Prefabs/VFX/VFX_HitSparks.prefab using Guid(7593818fba43c7f4c8372299ce5e893f) Importer(2089858483,6ccb1906827d78b5adc64f8648ee0e84) (ScriptedImporter) -> (artifact id: '9097e2113068b3fd1d0a50403e81ede6') in 0.0199123 seconds
Number of updated asset objects reloaded before import = 0Number of asset objects unloaded after import = 6

========================================================================
Received Import Request.
  Time since last request: 0.000022 seconds.
  path: Assets/AddOns/MgFPS_Quasar/Projectile_Quasar.prefab
  artifactKey: Guid(3737b3d33622f6a4d9c6aa922bd78fc4) Importer(2089858483,6ccb1906827d78b5adc64f8648ee0e84)
Start importing Assets/AddOns/MgFPS_Quasar/Projectile_Quasar.prefab using Guid(3737b3d33622f6a4d9c6aa922bd78fc4) Importer(2089858483,6ccb1906827d78b5adc64f8648ee0e84) (ScriptedImporter) -> (artifact id: 'ae10a2075d5ed5840fd578c6b3f4d4ca') in 0.0553086 seconds
Number of updated asset objects reloaded before import = 0Number of asset objects unloaded after import = 52

========================================================================
Received Import Request.
  Time since last request: 0.000016 seconds.
  path: Assets/FPS/Prefabs/Projectiles/Projectile_Turret.prefab
  artifactKey: Guid(154bfb4989fe16d439e8f3fb7c20b72b) Importer(2089858483,6ccb1906827d78b5adc64f8648ee0e84)
Start importing Assets/FPS/Prefabs/Projectiles/Projectile_Turret.prefab using Guid(154bfb4989fe16d439e8f3fb7c20b72b) Importer(2089858483,6ccb1906827d78b5adc64f8648ee0e84) (ScriptedImporter) -> (artifact id: '4d264a4c2510a24fcc67e29dc34bcf81') in 0.0139118 seconds
Number of updated asset objects reloaded before import = 0Number of asset objects unloaded after import = 18

========================================================================
Received Import Request.
  Time since last request: 0.000015 seconds.
  path: Assets/FPS/Prefabs/Level/BaseObjects/Wall_DoorLarge_Mesh.prefab
  artifactKey: Guid(7673a77408601704487f600510222da0) Importer(2089858483,6ccb1906827d78b5adc64f8648ee0e84)
Start importing Assets/FPS/Prefabs/Level/BaseObjects/Wall_DoorLarge_Mesh.prefab using Guid(7673a77408601704487f600510222da0) Importer(2089858483,6ccb1906827d78b5adc64f8648ee0e84) (ScriptedImporter) -> (artifact id: '6b455659619fb6d371b03f53aa69ff2f') in 0.0137092 seconds
Number of updated asset objects reloaded before import = 0Number of asset objects unloaded after import = 9

========================================================================
Received Import Request.
  Time since last request: 0.000017 seconds.
  path: Assets/FPS/Prefabs/GameManager.prefab
  artifactKey: Guid(c996b53e9f849234393d1e90f68d1679) Importer(2089858483,6ccb1906827d78b5adc64f8648ee0e84)
Start importing Assets/FPS/Prefabs/GameManager.prefab using Guid(c996b53e9f849234393d1e90f68d1679) Importer(2089858483,6ccb1906827d78b5adc64f8648ee0e84) (ScriptedImporter)Refreshing native plugins compatible for Editor in 1.10 ms, found 2 plugins.
Preloading 0 native plugins for Editor in 0.00 ms.
 -> (artifact id: '893f0a75728d468158d4f12ccfbb100b') in 0.3687049 seconds
Number of updated asset objects reloaded before import = 0Number of asset objects unloaded after import = 896

========================================================================
Received Import Request.
  Time since last request: 0.000029 seconds.
  path: Assets/FPS/Prefabs/Pickups/Pickup_Blaster.prefab
  artifactKey: Guid(fe0bc5bbccc19ef47a15b81c0abbb779) Importer(2089858483,6ccb1906827d78b5adc64f8648ee0e84)
Start importing Assets/FPS/Prefabs/Pickups/Pickup_Blaster.prefab using Guid(fe0bc5bbccc19ef47a15b81c0abbb779) Importer(2089858483,6ccb1906827d78b5adc64f8648ee0e84) (ScriptedImporter) -> (artifact id: '8e9c4528647b7d0102ffc50653a71a47') in 0.1281942 seconds
Number of updated asset objects reloaded before import = 0Number of asset objects unloaded after import = 201

========================================================================
Received Import Request.
  Time since last request: 0.000017 seconds.
  path: Assets/FPS/Prefabs/Level/Walls/Wall_Corner.prefab
  artifactKey: Guid(8a7b575196771b94e931b1a43820d2a5) Importer(2089858483,6ccb1906827d78b5adc64f8648ee0e84)
Start importing Assets/FPS/Prefabs/Level/Walls/Wall_Corner.prefab using Guid(8a7b575196771b94e931b1a43820d2a5) Importer(2089858483,6ccb1906827d78b5adc64f8648ee0e84) (ScriptedImporter) -> (artifact id: 'ca70cb26c6d7227d27c75d8cc4205c39') in 0.0152775 seconds
Number of updated asset objects reloaded before import = 0Number of asset objects unloaded after import = 37

========================================================================
Received Import Request.
  Time since last request: 0.000019 seconds.
  path: Assets/AddOns/MgFPS_Enemy_Boss/Prefabs/Detection_Module_Searchlight_R.prefab
  artifactKey: Guid(e93f1e25937277d41be898a6db0c4d45) Importer(2089858483,6ccb1906827d78b5adc64f8648ee0e84)
Start importing Assets/AddOns/MgFPS_Enemy_Boss/Prefabs/Detection_Module_Searchlight_R.prefab using Guid(e93f1e25937277d41be898a6db0c4d45) Importer(2089858483,6ccb1906827d78b5adc64f8648ee0e84) (ScriptedImporter) -> (artifact id: '067010b17b91378448af8b378e66f396') in 0.0401676 seconds
Number of updated asset objects reloaded before import = 0Number of asset objects unloaded after import = 64

========================================================================
Received Import Request.
  Time since last request: 0.000023 seconds.
  path: Assets/AddOns/MgFPS_Enemy_Boss/Prefabs/Weapon_Module_Railgun_R.prefab
  artifactKey: Guid(fc920f16bd0d23249beb18747354859c) Importer(2089858483,6ccb1906827d78b5adc64f8648ee0e84)
Start importing Assets/AddOns/MgFPS_Enemy_Boss/Prefabs/Weapon_Module_Railgun_R.prefab using Guid(fc920f16bd0d23249beb18747354859c) Importer(2089858483,6ccb1906827d78b5adc64f8648ee0e84) (ScriptedImporter) -> (artifact id: '97e6d8eb73696b5b05f65b16a4f3e9fc') in 0.0572698 seconds
Number of updated asset objects reloaded before import = 0Number of asset objects unloaded after import = 125

========================================================================
Received Import Request.
  Time since last request: 0.000015 seconds.
  path: Assets/AddOns/MgFPS_Quasar/Quasar_VFX/Quasar_Bolt.prefab
  artifactKey: Guid(43206ac45e9b24945bd0d4f46113077e) Importer(2089858483,6ccb1906827d78b5adc64f8648ee0e84)
Start importing Assets/AddOns/MgFPS_Quasar/Quasar_VFX/Quasar_Bolt.prefab using Guid(43206ac45e9b24945bd0d4f46113077e) Importer(2089858483,6ccb1906827d78b5adc64f8648ee0e84) (ScriptedImporter) -> (artifact id: '47fb9f42f0d5a0d8280693d020a87c13') in 0.0646452 seconds
Number of updated asset objects reloaded before import = 0Number of asset objects unloaded after import = 24

========================================================================
Received Import Request.
  Time since last request: 0.000017 seconds.
  path: Assets/AddOns/MgFPS_Boomshot/BoomShot_VFX/BoomShot_MuzzleFlash.prefab
  artifactKey: Guid(4e1fb25069622af40a8bea8f663fac10) Importer(2089858483,6ccb1906827d78b5adc64f8648ee0e84)
Start importing Assets/AddOns/MgFPS_Boomshot/BoomShot_VFX/BoomShot_MuzzleFlash.prefab using Guid(4e1fb25069622af40a8bea8f663fac10) Importer(2089858483,6ccb1906827d78b5adc64f8648ee0e84) (ScriptedImporter) -> (artifact id: 'cd53d3cebd21783e1fd0ebbd450ae3b0') in 0.0338357 seconds
Number of updated asset objects reloaded before import = 0Number of asset objects unloaded after import = 10

========================================================================
Received Import Request.
  Time since last request: 0.000023 seconds.
  path: Assets/TextMesh Pro/Shaders/TMP_SDF-HDRP LIT.shadergraph
  artifactKey: Guid(ca2ed216f98028c4dae6c5224a952b3c) Importer(2089858483,d624ce77472d68a35037170ec1d2d27e)
Start importing Assets/TextMesh Pro/Shaders/TMP_SDF-HDRP LIT.shadergraph using Guid(ca2ed216f98028c4dae6c5224a952b3c) Importer(2089858483,d624ce77472d68a35037170ec1d2d27e) (ScriptedImporter) -> (artifact id: '16be0cae6910efe2ddf22e3700624f8b') in 0.0114664 seconds
Number of updated asset objects reloaded before import = 0Number of asset objects unloaded after import = 3

========================================================================
Received Import Request.
  Time since last request: 0.000013 seconds.
  path: Assets/FPS/Scenes/SecondaryScene.unity
  artifactKey: Guid(3c58194ff7563b54f96d65cb483cc096) Importer(2089858483,6ccb1906827d78b5adc64f8648ee0e84)
Start importing Assets/FPS/Scenes/SecondaryScene.unity using Guid(3c58194ff7563b54f96d65cb483cc096) Importer(2089858483,6ccb1906827d78b5adc64f8648ee0e84) (ScriptedImporter)Opening scene 'Assets/FPS/Scenes/SecondaryScene.unity additively'
Refreshing native plugins compatible for Editor in 1.02 ms, found 2 plugins.
Preloading 0 native plugins for Editor in 0.00 ms.
Lighting data asset ‘LightingData’ is incompatible with the current Unity version because the scene it was baked for was not serialized. Please use Generate Lighting to rebuild the lighting data, or assign the target scene to the Lighting Data Asset in the inspector.
UnityEngine.Debug:ExtractStackTraceNoAlloc (byte*,int,string)
UnityEngine.StackTraceUtility:ExtractStackTrace ()
UnityEditor.SceneManagement.EditorSceneManager:OpenScene (string,UnityEditor.SceneManagement.OpenSceneMode)
UnityEditor.Search.AssetIndexer:IndexScene (string,bool)
UnityEditor.Search.AssetIndexer:IndexSceneDocument (string,bool)
UnityEditor.Search.AssetIndexer:IndexDocument (string,bool)
UnityEditor.Search.SearchIndexArtifactImporter:OnImportAsset (UnityEditor.AssetImporters.AssetImportContext)
UnityEditor.AssetImporters.ScriptedImporter:GenerateAssetData (UnityEditor.AssetImporters.AssetImportContext)

[C:\build\output\unity\unity\Editor\Src\GI\Enlighten\LightingDataAsset.cpp line 458]

Loaded scene 'Assets/FPS/Scenes/SecondaryScene.unity'
	Deserialize:            424.928 ms
	Integration:            289.118 ms
	Integration of assets:  82.207 ms
	Thread Wait Time:       -81.350 ms
	Total Operation Time:   714.903 ms
 -> (artifact id: 'ddeca93d51d578f6b31c6bc0d4f134f0') in 3.5979844 seconds
Number of updated asset objects reloaded before import = 0Number of asset objects unloaded after import = 14362

========================================================================
Received Import Request.
  Time since last request: 0.000021 seconds.
  path: Assets/AddOns/MgFPS_Enemy_Boss/Prefabs/Detection_Module_Laser02_R.prefab
  artifactKey: Guid(9a57ff4add5be2347814e29706a42db2) Importer(2089858483,6ccb1906827d78b5adc64f8648ee0e84)
Start importing Assets/AddOns/MgFPS_Enemy_Boss/Prefabs/Detection_Module_Laser02_R.prefab using Guid(9a57ff4add5be2347814e29706a42db2) Importer(2089858483,6ccb1906827d78b5adc64f8648ee0e84) (ScriptedImporter) -> (artifact id: 'aa3df40566219c38513c4bafac74a236') in 0.0422498 seconds
Number of updated asset objects reloaded before import = 0Number of asset objects unloaded after import = 60

========================================================================
Received Import Request.
  Time since last request: 0.000027 seconds.
  path: Assets/FPS/Prefabs/VFX/VFX_AngrySteamTurret.prefab
  artifactKey: Guid(80a1c11596afc5b4e99fcd0cc136f3ed) Importer(2089858483,6ccb1906827d78b5adc64f8648ee0e84)
Start importing Assets/FPS/Prefabs/VFX/VFX_AngrySteamTurret.prefab using Guid(80a1c11596afc5b4e99fcd0cc136f3ed) Importer(2089858483,6ccb1906827d78b5adc64f8648ee0e84) (ScriptedImporter) -> (artifact id: 'c7b620e93beef137c578f9d9f2c699df') in 0.0217008 seconds
Number of updated asset objects reloaded before import = 0Number of asset objects unloaded after import = 6

========================================================================
Received Import Request.
  Time since last request: 0.000014 seconds.
  path: Assets/TextMesh Pro/Shaders/TMP_Bitmap-Custom-Atlas.shader
  artifactKey: Guid(48bb5f55d8670e349b6e614913f9d910) Importer(2089858483,d624ce77472d68a35037170ec1d2d27e)
Start importing Assets/TextMesh Pro/Shaders/TMP_Bitmap-Custom-Atlas.shader using Guid(48bb5f55d8670e349b6e614913f9d910) Importer(2089858483,d624ce77472d68a35037170ec1d2d27e) (ScriptedImporter) -> (artifact id: '0c36e50359b111fa0198938953d8f19e') in 0.0110917 seconds
Number of updated asset objects reloaded before import = 0Number of asset objects unloaded after import = 1

========================================================================
Received Import Request.
  Time since last request: 0.000012 seconds.
  path: Assets/AddOns/MgFPS_Enemy_Boss/Prefabs/VFX_Railgun_MuzzleFlash.prefab
  artifactKey: Guid(c6745e43eec8eaf438dab5654972c3ab) Importer(2089858483,6ccb1906827d78b5adc64f8648ee0e84)
Start importing Assets/AddOns/MgFPS_Enemy_Boss/Prefabs/VFX_Railgun_MuzzleFlash.prefab using Guid(c6745e43eec8eaf438dab5654972c3ab) Importer(2089858483,6ccb1906827d78b5adc64f8648ee0e84) (ScriptedImporter) -> (artifact id: '4781e71b1db60117281e7d2203ba8c59') in 0.0394314 seconds
Number of updated asset objects reloaded before import = 0Number of asset objects unloaded after import = 20

========================================================================
Received Import Request.
  Time since last request: 0.000016 seconds.
  path: Assets/FPS/Prefabs/Level/MainLvl/Section3/Balcony.prefab
  artifactKey: Guid(1930017837ac8e64fb22a95f263318a5) Importer(2089858483,6ccb1906827d78b5adc64f8648ee0e84)
Start importing Assets/FPS/Prefabs/Level/MainLvl/Section3/Balcony.prefab using Guid(1930017837ac8e64fb22a95f263318a5) Importer(2089858483,6ccb1906827d78b5adc64f8648ee0e84) (ScriptedImporter) -> (artifact id: '0231928027d0192cd0870ae835bd9f64') in 0.1668554 seconds
Number of updated asset objects reloaded before import = 0Number of asset objects unloaded after import = 673

========================================================================
Received Import Request.
  Time since last request: 0.000027 seconds.
  path: Assets/TextMesh Pro/Shaders/TMP_SDF-Mobile.shader
  artifactKey: Guid(fe393ace9b354375a9cb14cdbbc28be4) Importer(2089858483,d624ce77472d68a35037170ec1d2d27e)
Start importing Assets/TextMesh Pro/Shaders/TMP_SDF-Mobile.shader using Guid(fe393ace9b354375a9cb14cdbbc28be4) Importer(2089858483,d624ce77472d68a35037170ec1d2d27e) (ScriptedImporter) -> (artifact id: 'dc756de528369dc0b8f633438df60aa9') in 0.0114664 seconds
Number of updated asset objects reloaded before import = 0Number of asset objects unloaded after import = 1

========================================================================
Received Import Request.
  Time since last request: 0.000013 seconds.
  path: Assets/FPS/Prefabs/Level/BaseObjects/Ramp_8m_Mesh.prefab
  artifactKey: Guid(01e098456aadb2c4480a8c5b62925e15) Importer(2089858483,6ccb1906827d78b5adc64f8648ee0e84)
Start importing Assets/FPS/Prefabs/Level/BaseObjects/Ramp_8m_Mesh.prefab using Guid(01e098456aadb2c4480a8c5b62925e15) Importer(2089858483,6ccb1906827d78b5adc64f8648ee0e84) (ScriptedImporter) -> (artifact id: 'a91bc75956fb30580be16ebab01d66b2') in 0.0126512 seconds
Number of updated asset objects reloaded before import = 0Number of asset objects unloaded after import = 9

========================================================================
Received Import Request.
  Time since last request: 0.000015 seconds.
  path: Assets/FPS/Prefabs/PBObjects/Floors/PBBasic_Floor.prefab
  artifactKey: Guid(355094681dd488e4bb13ff49bbcee919) Importer(2089858483,6ccb1906827d78b5adc64f8648ee0e84)
Start importing Assets/FPS/Prefabs/PBObjects/Floors/PBBasic_Floor.prefab using Guid(355094681dd488e4bb13ff49bbcee919) Importer(2089858483,6ccb1906827d78b5adc64f8648ee0e84) (ScriptedImporter) -> (artifact id: 'b88e3755998adade966c3bd9f689ee8b') in 0.0294467 seconds
Number of updated asset objects reloaded before import = 0Number of asset objects unloaded after import = 30

========================================================================
Received Import Request.
  Time since last request: 0.000016 seconds.
  path: Assets/FPS/Prefabs/Level/Dungeon/Dun_Wall.prefab
  artifactKey: Guid(cd17687759887a0438ee021e51abc9d9) Importer(2089858483,6ccb1906827d78b5adc64f8648ee0e84)
Start importing Assets/FPS/Prefabs/Level/Dungeon/Dun_Wall.prefab using Guid(cd17687759887a0438ee021e51abc9d9) Importer(2089858483,6ccb1906827d78b5adc64f8648ee0e84) (ScriptedImporter) -> (artifact id: '48c4ce49b7a69d4a9f04fd4d33620dc8') in 0.0224335 seconds
Number of updated asset objects reloaded before import = 0Number of asset objects unloaded after import = 69

========================================================================
Received Import Request.
  Time since last request: 29.814394 seconds.
  path: Assets/Settings/Very High_PipelineAsset.asset
  artifactKey: Guid(0c8499cfe9f0748dabeb75ed6c3b3ff3) Importer(2089858483,d624ce77472d68a35037170ec1d2d27e)
Start importing Assets/Settings/Very High_PipelineAsset.asset using Guid(0c8499cfe9f0748dabeb75ed6c3b3ff3) Importer(2089858483,d624ce77472d68a35037170ec1d2d27e) (ScriptedImporter) -> (artifact id: '17c859c6905da913f50c35c9634d5cac') in 0.0164952 seconds
Number of updated asset objects reloaded before import = 0Number of asset objects unloaded after import = 2

========================================================================
Received Prepare
Begin MonoManager ReloadAssembly
[Licensing::Client] Successfully resolved entitlement details
ADTM: Control thread waiting for realtime thread timed out, have to lock...
- Loaded All Assemblies, in  1.765 seconds
Refreshing native plugins compatible for Editor in 1.07 ms, found 2 plugins.
Native extension for LinuxStandalone target not found
Native extension for AppleTV target not found
Native extension for iOS target not found
Native extension for Android target not found
Native extension for UWP target not found
Native extension for WindowsStandalone target not found
Native extension for OSXStandalone target not found
Native extension for WebGL target not found
[Package Manager] Failed to launch server process. Reason: Unity was launched with the -noUpm command-line argument
[Package Manager] Unable to send message (not connected to server process).
[Package Manager] Cannot connect to Unity Package Manager local server
[MODES] ModeService[none].Initialize
[MODES] ModeService[none].LoadModes
ScheduleIndexationOnStartup MainProcess:False IndexOnStartup:True
Mono: successfully reloaded assembly
- Finished resetting the current domain, in  0.668 seconds
Domain Reload Profiling: 2426ms
	BeginReloadAssembly (1214ms)
		ExecutionOrderSort (0ms)
		DisableScriptedObjects (4ms)
		BackupInstance (0ms)
		ReleaseScriptingObjects (0ms)
		CreateAndSetChildDomain (1058ms)
	RebuildCommonClasses (26ms)
	RebuildNativeTypeToScriptingClass (11ms)
	initialDomainReloadingComplete (28ms)
	LoadAllAssembliesAndSetupDomain (479ms)
		LoadAssemblies (413ms)
		RebuildTransferFunctionScriptingTraits (0ms)
		AnalyzeDomain (163ms)
			TypeCache.Refresh (6ms)
				TypeCache.ScanAssembly (0ms)
			BuildScriptInfoCaches (146ms)
			ResolveRequiredComponents (8ms)
	FinalizeReload (668ms)
		ReleaseScriptCaches (0ms)
		RebuildScriptCaches (0ms)
		SetupLoadedEditorAssemblies (531ms)
			LogAssemblyErrors (0ms)
			InitializePlatformSupportModulesInManaged (23ms)
			SetLoadedEditorAssemblies (5ms)
			BeforeProcessingInitializeOnLoad (145ms)
			ProcessInitializeOnLoadAttributes (274ms)
			ProcessInitializeOnLoadMethodAttributes (79ms)
			AfterProcessingInitializeOnLoad (6ms)
			EditorAssembliesLoaded (0ms)
		ExecutionOrderSort2 (0ms)
		AwakeInstancesAfterBackupRestoration (12ms)
Refreshing native plugins compatible for Editor in 1.27 ms, found 2 plugins.
Preloading 0 native plugins for Editor in 0.00 ms.
Unloading 18 Unused Serialized files (Serialized files now loaded: 0)
Unloading 5378 unused Assets / (4.3 MB). Loaded Objects now: 12026.
Memory consumption went from 183.8 MB to 179.5 MB.
Total: 9.734600 ms (FindLiveObjects: 1.216700 ms CreateObjectMapping: 0.589800 ms MarkObjects: 5.769500 ms  DeleteObjects: 2.157200 ms)

Prepare: number of updated asset objects reloaded= 0
Editor requested this worker to shutdown with reason: Scaling down because of idle timeout
AssetImportWorker is now disconnected from the server
Process exiting
Exiting without the bug reporter. Application will terminate with return code 0