[Licensing::Module] Trying to connect to existing licensing client channel...
[Licensing::IpcConnector] Successfully connected to: "LicenseClient-nigel.morris" at "2026-06-29T14:01:39.8207156Z"
Built from '6000.3/staging' branch; Version is '6000.3.8f1 (1c7db571dde0) revision 1867189'; Using compiler version '194234433'; Build Type 'Release'
OS: 'Windows 11  (10.0.26200) Education' Language: 'en' Physical Memory: 65129 MB
BatchMode: 1, IsHumanControllingUs: 0, StartBugReporterOnCrash: 0, Is64bit: 1
System  architecture: x64
Process architecture: x64
Date: 2026-06-29T14:01:39Z

COMMAND LINE ARGUMENTS:
C:\Program Files\Unity\Hub\Editor\6000.3.8f1\Editor\Unity.exe
-adb2
-batchMode
-noUpm
-name
AssetImportWorker5
-projectPath
C:/Users/nigel.morris/OneDrive - eastsussexcollegegroup/Documents/GitHub/FPS-Microgame-2025
-logFile
Logs/AssetImportWorker5.log
-srvPort
49947
-licensingIpc
LicenseClient-nigel.morris
-job-worker-count
11
-background-job-worker-count
8
-gc-helper-count
1
-name
AssetImport
Successfully changed project path to: C:/Users/nigel.morris/OneDrive - eastsussexcollegegroup/Documents/GitHub/FPS-Microgame-2025
C:/Users/nigel.morris/OneDrive - eastsussexcollegegroup/Documents/GitHub/FPS-Microgame-2025
[UnityMemory] Configuration Parameters - Can be set up in boot.config
    "memorysetup-temp-allocator-size-nav-mesh-worker=65536"
    "memorysetup-temp-allocator-size-audio-worker=65536"
    "memorysetup-temp-allocator-size-gfx=262144"
    "memorysetup-allocator-temp-initial-block-size-main=262144"
    "memorysetup-allocator-temp-initial-block-size-worker=262144"
    "memorysetup-temp-allocator-size-background-worker=32768"
    "memorysetup-temp-allocator-size-job-worker=262144"
    "memorysetup-temp-allocator-size-preload-manager=33554432"
    "memorysetup-temp-allocator-size-gi-baking-worker=262144"
    "memorysetup-temp-allocator-size-gi-baking-worker=262144"
    "memorysetup-temp-allocator-size-gi-baking-worker=262144"
    "memorysetup-temp-allocator-size-gi-baking-worker=262144"
    "memorysetup-temp-allocator-size-gi-baking-worker=262144"
    "memorysetup-bucket-allocator-granularity=16"
    "memorysetup-bucket-allocator-bucket-count=8"
    "memorysetup-bucket-allocator-block-size=33554432"
    "memorysetup-bucket-allocator-block-count=8"
    "memorysetup-main-allocator-block-size=16777216"
    "memorysetup-thread-allocator-block-size=16777216"
    "memorysetup-gfx-main-allocator-block-size=16777216"
    "memorysetup-gfx-thread-allocator-block-size=16777216"
    "memorysetup-cache-allocator-block-size=4194304"
    "memorysetup-typetree-allocator-block-size=2097152"
    "memorysetup-profiler-bucket-allocator-granularity=16"
    "memorysetup-profiler-bucket-allocator-bucket-count=8"
    "memorysetup-profiler-bucket-allocator-block-size=33554432"
    "memorysetup-profiler-bucket-allocator-block-count=8"
    "memorysetup-profiler-allocator-block-size=16777216"
    "memorysetup-profiler-editor-allocator-block-size=1048576"
    "memorysetup-temp-allocator-size-main=16777216"
    "memorysetup-job-temp-allocator-block-size=2097152"
    "memorysetup-job-temp-allocator-block-size-background=1048576"
    "memorysetup-job-temp-allocator-reduction-small-platforms=262144"
    "memorysetup-temp-allocator-size-cloud-worker=32768"
Player connection [5640]  Target information:

Player connection [5640]  * "[IP] 172.27.185.99 [Port] 0 [Flags] 2 [Guid] 126522475 [EditorId] 126522475 [Version] 1048832 [Id] WindowsEditor(7,L-CB346-16422T) [Debug] 1 [PackageName] WindowsEditor [ProjectName] Editor" 

Player connection [5640] Host joined multi-casting on [225.0.0.222:54997]...
Player connection [5640] Host joined alternative multi-casting on [225.0.0.222:34997]...
JobSystem: Creating JobQueue using job-worker-count value 11
Input System module state changed to: Initialized.
[Physics::Module] Initialized fallback backend.
[Physics::Module] Id: 0xdecafbad
Library Redirect Path: Library/
[Physics::Module] Selected backend.
[Physics::Module] Name: PhysX
[Physics::Module] Id: 0xf2b8ea05
[Physics::Module] SDK Version: 4.1.2
[Physics::Module] Integration Version: 1.0.0
[Physics::Module] Threading Mode: Multi-Threaded
Refreshing native plugins compatible for Editor in 1.91 ms, found 2 plugins.
Preloading 0 native plugins for Editor in 0.00 ms.
Initialize engine version: 6000.3.8f1 (1c7db571dde0)
[Subsystems] Discovering subsystems at path C:/Program Files/Unity/Hub/Editor/6000.3.8f1/Editor/Data/Resources/UnitySubsystems
[Subsystems] Discovering subsystems at path C:/Users/nigel.morris/OneDrive - eastsussexcollegegroup/Documents/GitHub/FPS-Microgame-2025/Assets
GfxDevice: creating device client; kGfxThreadingModeNonThreaded
Direct3D:
    Version:  Direct3D 11.0 [level 11.1]
    Renderer: NVIDIA GeForce RTX 4090 (ID=0x2684)
    Vendor:   NVIDIA
    VRAM:     24138 MB
    Driver:   32.0.15.9597
Initialize mono
Mono path[0] = 'C:/Program Files/Unity/Hub/Editor/6000.3.8f1/Editor/Data/Managed'
Mono path[1] = 'C:/Program Files/Unity/Hub/Editor/6000.3.8f1/Editor/Data/MonoBleedingEdge/lib/mono/unityjit-win32'
Mono config path = 'C:/Program Files/Unity/Hub/Editor/6000.3.8f1/Editor/Data/MonoBleedingEdge/etc'
Using monoOptions --debugger-agent=transport=dt_socket,embedding=1,server=y,suspend=n,address=127.0.0.1:56368
Begin MonoManager ReloadAssembly
Registering precompiled unity dll's ...
Register platform support module: C:/Program Files/Unity/Hub/Editor/6000.3.8f1/Editor/Data/PlaybackEngines/WebGLSupport/UnityEditor.WebGL.Extensions.dll
Register platform support module: C:/Program Files/Unity/Hub/Editor/6000.3.8f1/Editor/Data/PlaybackEngines/MacStandaloneSupport/UnityEditor.OSXStandalone.Extensions.dll
Register platform support module: C:/Program Files/Unity/Hub/Editor/6000.3.8f1/Editor/Data/PlaybackEngines/WindowsStandaloneSupport/UnityEditor.WindowsStandalone.Extensions.dll
[Licensing::Module] Licensing is not yet initialized.
[Licensing::Client] Handshaking with LicensingClient:
  Version:                 1.17.4+4293ba1
  Session Id:              7409c9fc50834e48b320dc3b6c10218b
  Correlation Id:          76bf0c0386612ddf2043f5e2de490992
  External correlation Id: 4591148541445919710
  Machine Id:              MDg+barcQ7c7z6KV2Ua+xBe39l8=
[Licensing::Module] Successfully connected to LicensingClient on channel: "LicenseClient-nigel.morris" (connect: 0.00s, validation: 0.00s, handshake: 1.21s)
[Licensing::IpcConnector] Successfully connected to: "LicenseClient-nigel.morris-notifications" at "2026-06-29T14:01:41.0323074Z"
[Licensing::Module] Licensing Background thread has ended after 1.21s
[Licensing::Module] Licensing is initialized (took 0.24s).
[Licensing::Client] Successfully resolved entitlement details
[Licensing::Module] License group:
  Id: E4-5EVD-TUDB-EX42-UW92-XXXX
  Product: Unity Education
  Type: ULF
  Expiration: 2026-11-08T22:20:47Z
Register platform support module: C:/Program Files/Unity/Hub/Editor/6000.3.8f1/Editor/Data/PlaybackEngines/MetroSupport/UnityEditor.UWP.Extensions.dll
[Licensing::Client] Successfully resolved entitlement details
Register platform support module: C:/Program Files/Unity/Hub/Editor/6000.3.8f1/Editor/Data/PlaybackEngines/AndroidPlayer/UnityEditor.Android.Extensions.dll
[Licensing::Client] Successfully resolved entitlement details
Register platform support module: C:/Program Files/Unity/Hub/Editor/6000.3.8f1/Editor/Data/PlaybackEngines/iOSSupport/UnityEditor.iOS.Extensions.dll
Register platform support module: C:/Program Files/Unity/Hub/Editor/6000.3.8f1/Editor/Data/PlaybackEngines/AppleTVSupport/UnityEditor.AppleTV.Extensions.dll
Register platform support module: C:/Program Files/Unity/Hub/Editor/6000.3.8f1/Editor/Data/PlaybackEngines/LinuxStandaloneSupport/UnityEditor.LinuxStandalone.Extensions.dll
Registered in 0.258151 seconds.
- Loaded All Assemblies, in  0.626 seconds
Native extension for LinuxStandalone target not found
[usbmuxd] Start listen thread
[usbmuxd] Listen thread started
Native extension for AppleTV target not found
[usbmuxd] Start listen thread
[usbmuxd] Listen thread started
Native extension for iOS target not found
Native extension for Android target not found
Android Extension - Scanning For ADB Devices 2346 ms
Native extension for UWP target not found
Native extension for WindowsStandalone target not found
Native extension for OSXStandalone target not found
Native extension for WebGL target not found
Package Manager log level set to [2]
[Package Manager] Failed to launch server process. Reason: Unity was launched with the -noUpm command-line argument
[Package Manager] Unable to send message (not connected to server process).
[Package Manager] Cannot connect to Unity Package Manager local server
ScheduleIndexationOnStartup MainProcess:False IndexOnStartup:True
Mono: successfully reloaded assembly
- Finished resetting the current domain, in  2.728 seconds
Domain Reload Profiling: 3351ms
	BeginReloadAssembly (133ms)
		ExecutionOrderSort (0ms)
		DisableScriptedObjects (0ms)
		BackupInstance (0ms)
		ReleaseScriptingObjects (0ms)
		CreateAndSetChildDomain (1ms)
	RebuildCommonClasses (38ms)
	RebuildNativeTypeToScriptingClass (10ms)
	initialDomainReloadingComplete (299ms)
	LoadAllAssembliesAndSetupDomain (142ms)
		LoadAssemblies (130ms)
		RebuildTransferFunctionScriptingTraits (0ms)
		AnalyzeDomain (136ms)
			TypeCache.Refresh (134ms)
				TypeCache.ScanAssembly (124ms)
			BuildScriptInfoCaches (0ms)
			ResolveRequiredComponents (1ms)
	FinalizeReload (2729ms)
		ReleaseScriptCaches (0ms)
		RebuildScriptCaches (0ms)
		SetupLoadedEditorAssemblies (2697ms)
			LogAssemblyErrors (0ms)
			InitializePlatformSupportModulesInManaged (2460ms)
			SetLoadedEditorAssemblies (3ms)
			BeforeProcessingInitializeOnLoad (75ms)
			ProcessInitializeOnLoadAttributes (120ms)
			ProcessInitializeOnLoadMethodAttributes (38ms)
			AfterProcessingInitializeOnLoad (0ms)
			EditorAssembliesLoaded (0ms)
		ExecutionOrderSort2 (0ms)
		AwakeInstancesAfterBackupRestoration (0ms)
========================================================================
Worker process is ready to serve import requests
Import Worker Mode flag is 0x00
Begin MonoManager ReloadAssembly
[Licensing::Client] Successfully resolved entitlement details
- Loaded All Assemblies, in  0.750 seconds
Refreshing native plugins compatible for Editor in 0.89 ms, found 2 plugins.
Native extension for LinuxStandalone target not found
Native extension for AppleTV target not found
Native extension for iOS target not found
Native extension for Android target not found
Native extension for UWP target not found
Native extension for WindowsStandalone target not found
Native extension for OSXStandalone target not found
Native extension for WebGL target not found
[Package Manager] Failed to launch server process. Reason: Unity was launched with the -noUpm command-line argument
[Package Manager] Unable to send message (not connected to server process).
[Package Manager] Cannot connect to Unity Package Manager local server
[MODES] ModeService[none].Initialize
[MODES] ModeService[none].LoadModes
[MODES] Loading mode Default (0) for mode-current-id-fps
ScheduleIndexationOnStartup MainProcess:False IndexOnStartup:True
Mono: successfully reloaded assembly
- Finished resetting the current domain, in  0.624 seconds
Domain Reload Profiling: 1364ms
	BeginReloadAssembly (160ms)
		ExecutionOrderSort (0ms)
		DisableScriptedObjects (5ms)
		BackupInstance (0ms)
		ReleaseScriptingObjects (0ms)
		CreateAndSetChildDomain (32ms)
	RebuildCommonClasses (27ms)
	RebuildNativeTypeToScriptingClass (9ms)
	initialDomainReloadingComplete (35ms)
	LoadAllAssembliesAndSetupDomain (508ms)
		LoadAssemblies (400ms)
		RebuildTransferFunctionScriptingTraits (0ms)
		AnalyzeDomain (196ms)
			TypeCache.Refresh (134ms)
				TypeCache.ScanAssembly (123ms)
			BuildScriptInfoCaches (50ms)
			ResolveRequiredComponents (7ms)
	FinalizeReload (625ms)
		ReleaseScriptCaches (0ms)
		RebuildScriptCaches (0ms)
		SetupLoadedEditorAssemblies (466ms)
			LogAssemblyErrors (0ms)
			InitializePlatformSupportModulesInManaged (22ms)
			SetLoadedEditorAssemblies (4ms)
			BeforeProcessingInitializeOnLoad (126ms)
			ProcessInitializeOnLoadAttributes (239ms)
			ProcessInitializeOnLoadMethodAttributes (71ms)
			AfterProcessingInitializeOnLoad (5ms)
			EditorAssembliesLoaded (0ms)
		ExecutionOrderSort2 (0ms)
		AwakeInstancesAfterBackupRestoration (6ms)
Launched and connected shader compiler UnityShaderCompiler.exe after 0.01 seconds
Refreshing native plugins compatible for Editor in 1.04 ms, found 2 plugins.
Preloading 0 native plugins for Editor in 0.00 ms.
Unloading 17 Unused Serialized files (Serialized files now loaded: 0)
Unloading 5375 unused Assets / (3.8 MB). Loaded Objects now: 6220.
Memory consumption went from 145.8 MB to 142.0 MB.
Total: 7.738900 ms (FindLiveObjects: 0.605200 ms CreateObjectMapping: 0.238800 ms MarkObjects: 5.067000 ms  DeleteObjects: 1.827200 ms)

========================================================================
Received Import Request.
  Time since last request: 421531.152829 seconds.
  path: Assets/TextMesh Pro/Shaders/TMP_Sprite.shader
  artifactKey: Guid(cf81c85f95fe47e1a27f6ae460cf182c) Importer(2089858483,d624ce77472d68a35037170ec1d2d27e)
Start importing Assets/TextMesh Pro/Shaders/TMP_Sprite.shader using Guid(cf81c85f95fe47e1a27f6ae460cf182c) Importer(2089858483,d624ce77472d68a35037170ec1d2d27e) (ScriptedImporter) -> (artifact id: 'ed10964dc7840c935c4760d0c87ccf42') in 0.0601105 seconds
Number of updated asset objects reloaded before import = 0Number of asset objects unloaded after import = 1

========================================================================
Received Import Request.
  Time since last request: 0.000022 seconds.
  path: Assets/AddOns/MgFPS_Enemy_Boss/Prefabs/Weapon_Module_RocketLauncher_L.prefab
  artifactKey: Guid(fef62916f927ed64d85664e344814fe6) Importer(2089858483,6ccb1906827d78b5adc64f8648ee0e84)
Start importing Assets/AddOns/MgFPS_Enemy_Boss/Prefabs/Weapon_Module_RocketLauncher_L.prefab using Guid(fef62916f927ed64d85664e344814fe6) Importer(2089858483,6ccb1906827d78b5adc64f8648ee0e84) (ScriptedImporter) -> (artifact id: '3d3709e8bb6fa2edd8cd33d28de96c1e') in 0.186522 seconds
Number of updated asset objects reloaded before import = 0Number of asset objects unloaded after import = 226

========================================================================
Received Import Request.
  Time since last request: 0.000032 seconds.
  path: Assets/AddOns/MgFPS_Fireballer/Pickup_Fireballer.prefab
  artifactKey: Guid(3151b3e2844bc3c459e144a9df40f05d) Importer(2089858483,6ccb1906827d78b5adc64f8648ee0e84)
Start importing Assets/AddOns/MgFPS_Fireballer/Pickup_Fireballer.prefab using Guid(3151b3e2844bc3c459e144a9df40f05d) Importer(2089858483,6ccb1906827d78b5adc64f8648ee0e84) (ScriptedImporter) -> (artifact id: 'fd6e888122c724191bbe63148e80a6ab') in 0.2653707 seconds
Number of updated asset objects reloaded before import = 0Number of asset objects unloaded after import = 191

========================================================================
Received Import Request.
  Time since last request: 0.000017 seconds.
  path: Assets/FPS/Prefabs/Level/Walls/Wall_4m.prefab
  artifactKey: Guid(7ba64c0944716c24f911914e2e6af7a4) Importer(2089858483,6ccb1906827d78b5adc64f8648ee0e84)
Start importing Assets/FPS/Prefabs/Level/Walls/Wall_4m.prefab using Guid(7ba64c0944716c24f911914e2e6af7a4) Importer(2089858483,6ccb1906827d78b5adc64f8648ee0e84) (ScriptedImporter) -> (artifact id: 'ba0a3c609a88e6bd74dae9786f4743d8') in 0.0144815 seconds
Number of updated asset objects reloaded before import = 0Number of asset objects unloaded after import = 19

========================================================================
Received Import Request.
  Time since last request: 0.000025 seconds.
  path: Assets/AddOns/MgFPS_PlasmaRain/PlasmaRain_VFX/VFX_Projectile_PlasmaRain.prefab
  artifactKey: Guid(90a63e40f584a7b43a7c546bb854ba11) Importer(2089858483,6ccb1906827d78b5adc64f8648ee0e84)
Start importing Assets/AddOns/MgFPS_PlasmaRain/PlasmaRain_VFX/VFX_Projectile_PlasmaRain.prefab using Guid(90a63e40f584a7b43a7c546bb854ba11) Importer(2089858483,6ccb1906827d78b5adc64f8648ee0e84) (ScriptedImporter) -> (artifact id: '1527dc7db9c062c331accc781a812c7b') in 0.0899072 seconds
Number of updated asset objects reloaded before import = 0Number of asset objects unloaded after import = 32

========================================================================
Received Import Request.
  Time since last request: 0.000015 seconds.
  path: Assets/AddOns/MgFPS_Enemy_Boss/Prefabs/Enemy_Boss.prefab
  artifactKey: Guid(15258371177e93745ad14ae7369a24cb) Importer(2089858483,6ccb1906827d78b5adc64f8648ee0e84)
Start importing Assets/AddOns/MgFPS_Enemy_Boss/Prefabs/Enemy_Boss.prefab using Guid(15258371177e93745ad14ae7369a24cb) Importer(2089858483,6ccb1906827d78b5adc64f8648ee0e84) (ScriptedImporter) -> (artifact id: 'a8d841b4ccebec818e8cc2cbfbc3def5') in 0.0873161 seconds
Number of updated asset objects reloaded before import = 0Number of asset objects unloaded after import = 245

========================================================================
Received Import Request.
  Time since last request: 0.000018 seconds.
  path: Assets/FPS/Prefabs/Level/Rooms/Room_Small_T.prefab
  artifactKey: Guid(75bc57e6a3cbdf24fabc12b67cc778e6) Importer(2089858483,6ccb1906827d78b5adc64f8648ee0e84)
Start importing Assets/FPS/Prefabs/Level/Rooms/Room_Small_T.prefab using Guid(75bc57e6a3cbdf24fabc12b67cc778e6) Importer(2089858483,6ccb1906827d78b5adc64f8648ee0e84) (ScriptedImporter) -> (artifact id: '87c69fa298088ef2aebd1f5b021d02fe') in 0.1319713 seconds
Number of updated asset objects reloaded before import = 0Number of asset objects unloaded after import = 554

========================================================================
Received Import Request.
  Time since last request: 0.000026 seconds.
  path: Assets/FPS/Prefabs/Pickups/Pickup_Shotgun.prefab
  artifactKey: Guid(66d579771ab0ab94a92b3411ba179621) Importer(2089858483,6ccb1906827d78b5adc64f8648ee0e84)
Start importing Assets/FPS/Prefabs/Pickups/Pickup_Shotgun.prefab using Guid(66d579771ab0ab94a92b3411ba179621) Importer(2089858483,6ccb1906827d78b5adc64f8648ee0e84) (ScriptedImporter) -> (artifact id: '653b661f06e1cf910d92a30c40d749ba') in 0.1065164 seconds
Number of updated asset objects reloaded before import = 0Number of asset objects unloaded after import = 169

========================================================================
Received Import Request.
  Time since last request: 0.000016 seconds.
  path: Assets/FPS/Prefabs/Level/Steps/ShortSteps_Corner_Inverted.prefab
  artifactKey: Guid(89ba3c7a14290654fb1dd3b4e0df768b) Importer(2089858483,6ccb1906827d78b5adc64f8648ee0e84)
Start importing Assets/FPS/Prefabs/Level/Steps/ShortSteps_Corner_Inverted.prefab using Guid(89ba3c7a14290654fb1dd3b4e0df768b) Importer(2089858483,6ccb1906827d78b5adc64f8648ee0e84) (ScriptedImporter) -> (artifact id: 'ecc9fe5db6b26350d27f8f599bab52cb') in 0.053913 seconds
Number of updated asset objects reloaded before import = 0Number of asset objects unloaded after import = 148

========================================================================
Received Import Request.
  Time since last request: 0.000019 seconds.
  path: Assets/ModAssets/Prefabs/Hat Prefabs/PartyHat.prefab
  artifactKey: Guid(332a6a14085b74fdd9c8f81357a61185) Importer(2089858483,6ccb1906827d78b5adc64f8648ee0e84)
Start importing Assets/ModAssets/Prefabs/Hat Prefabs/PartyHat.prefab using Guid(332a6a14085b74fdd9c8f81357a61185) Importer(2089858483,6ccb1906827d78b5adc64f8648ee0e84) (ScriptedImporter) -> (artifact id: '36e86031a510b0672070105341c0395b') in 0.0239392 seconds
Number of updated asset objects reloaded before import = 0Number of asset objects unloaded after import = 28

========================================================================
Received Import Request.
  Time since last request: 0.000029 seconds.
  path: Assets/FPS/Prefabs/UI/ObjectiveToastSecondary.prefab
  artifactKey: Guid(418abff609b9b754ba25e34faf58edf4) Importer(2089858483,6ccb1906827d78b5adc64f8648ee0e84)
Start importing Assets/FPS/Prefabs/UI/ObjectiveToastSecondary.prefab using Guid(418abff609b9b754ba25e34faf58edf4) Importer(2089858483,6ccb1906827d78b5adc64f8648ee0e84) (ScriptedImporter) -> (artifact id: 'c96cc773d4d1d308f7eb6c37fc495402') in 0.1091025 seconds
Number of updated asset objects reloaded before import = 0Number of asset objects unloaded after import = 42

========================================================================
Received Import Request.
  Time since last request: 0.000013 seconds.
  path: Assets/FPS/Prefabs/Level/Dungeon/Dun_Fork.prefab
  artifactKey: Guid(0a5a49e8197f8d34e90e825e26c9ecb2) Importer(2089858483,6ccb1906827d78b5adc64f8648ee0e84)
Start importing Assets/FPS/Prefabs/Level/Dungeon/Dun_Fork.prefab using Guid(0a5a49e8197f8d34e90e825e26c9ecb2) Importer(2089858483,6ccb1906827d78b5adc64f8648ee0e84) (ScriptedImporter) -> (artifact id: '4a6ebfa68d80bb314b6a419afaad0de2') in 0.1358466 seconds
Number of updated asset objects reloaded before import = 0Number of asset objects unloaded after import = 748

========================================================================
Received Import Request.
  Time since last request: 0.000016 seconds.
  path: Assets/CodeMonkey/KeyDoorSystem/Objects/KeyPrefabRed.prefab
  artifactKey: Guid(a89412eb5b0077343b71c186052003d1) Importer(2089858483,6ccb1906827d78b5adc64f8648ee0e84)
Start importing Assets/CodeMonkey/KeyDoorSystem/Objects/KeyPrefabRed.prefab using Guid(a89412eb5b0077343b71c186052003d1) Importer(2089858483,6ccb1906827d78b5adc64f8648ee0e84) (ScriptedImporter) -> (artifact id: '2c222bd42729884d98e58ef5346fbbe9') in 0.0456434 seconds
Number of updated asset objects reloaded before import = 0Number of asset objects unloaded after import = 29

========================================================================
Received Import Request.
  Time since last request: 0.000022 seconds.
  path: Assets/FPS/Prefabs/Level/MainLvl/Section3/Pit_Walls.prefab
  artifactKey: Guid(6f72a8daf2a7b2d4d8c0e3438358a8f1) Importer(2089858483,6ccb1906827d78b5adc64f8648ee0e84)
Start importing Assets/FPS/Prefabs/Level/MainLvl/Section3/Pit_Walls.prefab using Guid(6f72a8daf2a7b2d4d8c0e3438358a8f1) Importer(2089858483,6ccb1906827d78b5adc64f8648ee0e84) (ScriptedImporter) -> (artifact id: '07af7430783f7227b3b33b4d11b8331e') in 0.0506002 seconds
Number of updated asset objects reloaded before import = 0Number of asset objects unloaded after import = 186

========================================================================
Received Import Request.
  Time since last request: 0.000017 seconds.
  path: Assets/AddOns/MgFPS_Thunderlight/Weapon_Thunderlight.prefab
  artifactKey: Guid(39e941eea1f9b0c4481a1150b51c07e2) Importer(2089858483,6ccb1906827d78b5adc64f8648ee0e84)
Start importing Assets/AddOns/MgFPS_Thunderlight/Weapon_Thunderlight.prefab using Guid(39e941eea1f9b0c4481a1150b51c07e2) Importer(2089858483,6ccb1906827d78b5adc64f8648ee0e84) (ScriptedImporter) -> (artifact id: 'bd0615fe67637804afcc02cd8ad6c747') in 0.2200951 seconds
Number of updated asset objects reloaded before import = 0Number of asset objects unloaded after import = 188

========================================================================
Received Import Request.
  Time since last request: 0.000017 seconds.
  path: Assets/AddOns/MgFPS_Haku/Haku_VFX/Haku_BulletImpact.prefab
  artifactKey: Guid(808f2150bc50f2242b956e20f3e882ee) Importer(2089858483,6ccb1906827d78b5adc64f8648ee0e84)
Start importing Assets/AddOns/MgFPS_Haku/Haku_VFX/Haku_BulletImpact.prefab using Guid(808f2150bc50f2242b956e20f3e882ee) Importer(2089858483,6ccb1906827d78b5adc64f8648ee0e84) (ScriptedImporter) -> (artifact id: 'c67e3f6221e903431c0df42cdd4df659') in 0.0293975 seconds
Number of updated asset objects reloaded before import = 0Number of asset objects unloaded after import = 10

========================================================================
Received Import Request.
  Time since last request: 0.000022 seconds.
  path: Assets/FPS/Prefabs/ObjectiveReachPoint.prefab
  artifactKey: Guid(d401b602eddc4e449b385a053f012a4c) Importer(2089858483,6ccb1906827d78b5adc64f8648ee0e84)
Start importing Assets/FPS/Prefabs/ObjectiveReachPoint.prefab using Guid(d401b602eddc4e449b385a053f012a4c) Importer(2089858483,6ccb1906827d78b5adc64f8648ee0e84) (ScriptedImporter) -> (artifact id: '51af2068202cdb19bb8036819c6a7b17') in 0.027115 seconds
Number of updated asset objects reloaded before import = 0Number of asset objects unloaded after import = 19

========================================================================
Received Import Request.
  Time since last request: 0.000018 seconds.
  path: Assets/FPS/Prefabs/Level/Stairwell/Stairwell_Large.prefab
  artifactKey: Guid(b99385add00dc1b41b58bf5cd9bafd5c) Importer(2089858483,6ccb1906827d78b5adc64f8648ee0e84)
Start importing Assets/FPS/Prefabs/Level/Stairwell/Stairwell_Large.prefab using Guid(b99385add00dc1b41b58bf5cd9bafd5c) Importer(2089858483,6ccb1906827d78b5adc64f8648ee0e84) (ScriptedImporter) -> (artifact id: '9ec5dd30a728eaae1b1563b431df401d') in 0.0946252 seconds
Number of updated asset objects reloaded before import = 0Number of asset objects unloaded after import = 404

========================================================================
Received Import Request.
  Time since last request: 0.000018 seconds.
  path: Assets/AddOns/MgFPS_Quasar/Quasar_VFX/Quasar_Overheat.prefab
  artifactKey: Guid(1823f40ba0fd70a408e67e0751f517b7) Importer(2089858483,6ccb1906827d78b5adc64f8648ee0e84)
Start importing Assets/AddOns/MgFPS_Quasar/Quasar_VFX/Quasar_Overheat.prefab using Guid(1823f40ba0fd70a408e67e0751f517b7) Importer(2089858483,6ccb1906827d78b5adc64f8648ee0e84) (ScriptedImporter) -> (artifact id: 'e59eeb609c832b8a86f82d9cff475804') in 0.0273558 seconds
Number of updated asset objects reloaded before import = 0Number of asset objects unloaded after import = 6

========================================================================
Received Import Request.
  Time since last request: 0.000025 seconds.
  path: Assets/FPS/Prefabs/Level/MainLvl/Section1/Observatory_Hall.prefab
  artifactKey: Guid(a3c82ee5effb7634f949be4798cda766) Importer(2089858483,6ccb1906827d78b5adc64f8648ee0e84)
Start importing Assets/FPS/Prefabs/Level/MainLvl/Section1/Observatory_Hall.prefab using Guid(a3c82ee5effb7634f949be4798cda766) Importer(2089858483,6ccb1906827d78b5adc64f8648ee0e84) (ScriptedImporter) -> (artifact id: '5ffc55a5723858a6a4027a8ce6ae7087') in 0.1387778 seconds
Number of updated asset objects reloaded before import = 0Number of asset objects unloaded after import = 525

========================================================================
Received Import Request.
  Time since last request: 0.000015 seconds.
  path: Assets/AddOns/MgFPS_Enemy_Boss/Prefabs/Weapon_Module_RocketLauncher_R.prefab
  artifactKey: Guid(7408074a3164d2e42b1d498c8c9ae858) Importer(2089858483,6ccb1906827d78b5adc64f8648ee0e84)
Start importing Assets/AddOns/MgFPS_Enemy_Boss/Prefabs/Weapon_Module_RocketLauncher_R.prefab using Guid(7408074a3164d2e42b1d498c8c9ae858) Importer(2089858483,6ccb1906827d78b5adc64f8648ee0e84) (ScriptedImporter) -> (artifact id: '8926668cd4dc3ce192d803b911c11403') in 0.0605339 seconds
Number of updated asset objects reloaded before import = 0Number of asset objects unloaded after import = 230

========================================================================
Received Import Request.
  Time since last request: 0.000016 seconds.
  path: Assets/FPS/Prefabs/Level/MainLvl/Section1/Observatory_Ramp.prefab
  artifactKey: Guid(cf150224d27671b43b579910ad5ce98c) Importer(2089858483,6ccb1906827d78b5adc64f8648ee0e84)
Start importing Assets/FPS/Prefabs/Level/MainLvl/Section1/Observatory_Ramp.prefab using Guid(cf150224d27671b43b579910ad5ce98c) Importer(2089858483,6ccb1906827d78b5adc64f8648ee0e84) (ScriptedImporter) -> (artifact id: '8150f1fd82a717c5caa879750cec100f') in 0.0989975 seconds
Number of updated asset objects reloaded before import = 0Number of asset objects unloaded after import = 362

========================================================================
Received Import Request.
  Time since last request: 0.000020 seconds.
  path: Assets/AddOns/MgFPS_Boomshot/BoomShot_VFX/Boomshot_GunCylinder.prefab
  artifactKey: Guid(8b4c7e66b13ee4448bca2891b7ae3a31) Importer(2089858483,6ccb1906827d78b5adc64f8648ee0e84)
Start importing Assets/AddOns/MgFPS_Boomshot/BoomShot_VFX/Boomshot_GunCylinder.prefab using Guid(8b4c7e66b13ee4448bca2891b7ae3a31) Importer(2089858483,6ccb1906827d78b5adc64f8648ee0e84) (ScriptedImporter) -> (artifact id: 'a8d2badc941acd43dc411315af7f51e4') in 0.0194157 seconds
Number of updated asset objects reloaded before import = 0Number of asset objects unloaded after import = 6

========================================================================
Received Import Request.
  Time since last request: 0.000017 seconds.
  path: Assets/AddOns/MgFPS_Fireballer/Weapon_Fireballer.prefab
  artifactKey: Guid(7f3830f66f76b2b49a41ab412cce8f96) Importer(2089858483,6ccb1906827d78b5adc64f8648ee0e84)
Start importing Assets/AddOns/MgFPS_Fireballer/Weapon_Fireballer.prefab using Guid(7f3830f66f76b2b49a41ab412cce8f96) Importer(2089858483,6ccb1906827d78b5adc64f8648ee0e84) (ScriptedImporter) -> (artifact id: '41940abe1aeb4b6024210bf356cc8112') in 0.064059 seconds
Number of updated asset objects reloaded before import = 0Number of asset objects unloaded after import = 143

========================================================================
Received Import Request.
  Time since last request: 0.000016 seconds.
  path: Assets/FPS/Prefabs/VFX/VFX_OverheatPrimary.prefab
  artifactKey: Guid(21c8bd050f24da54285f8a3987ee6253) Importer(2089858483,6ccb1906827d78b5adc64f8648ee0e84)
Start importing Assets/FPS/Prefabs/VFX/VFX_OverheatPrimary.prefab using Guid(21c8bd050f24da54285f8a3987ee6253) Importer(2089858483,6ccb1906827d78b5adc64f8648ee0e84) (ScriptedImporter) -> (artifact id: 'e84c131ec027a411d350281dd9282098') in 0.0208457 seconds
Number of updated asset objects reloaded before import = 0Number of asset objects unloaded after import = 6

========================================================================
Received Import Request.
  Time since last request: 0.000020 seconds.
  path: Assets/Scenes/SampleScene.unity
  artifactKey: Guid(7ed70b31e78b8f1429a28cd781344a52) Importer(2089858483,6ccb1906827d78b5adc64f8648ee0e84)
Start importing Assets/Scenes/SampleScene.unity using Guid(7ed70b31e78b8f1429a28cd781344a52) Importer(2089858483,6ccb1906827d78b5adc64f8648ee0e84) (ScriptedImporter)Opening scene 'Assets/Scenes/SampleScene.unity additively'
Loaded scene 'Assets/Scenes/SampleScene.unity'
	Deserialize:            1.704 ms
	Integration:            0.682 ms
	Integration of assets:  0.003 ms
	Thread Wait Time:       0.008 ms
	Total Operation Time:   2.397 ms
 -> (artifact id: '7f61d9c10287d2a667104b4a437c518c') in 0.0283352 seconds
Number of updated asset objects reloaded before import = 0Number of asset objects unloaded after import = 1

========================================================================
Received Import Request.
  Time since last request: 0.000012 seconds.
  path: Assets/TextMesh Pro/Shaders/TMP_SDF-Mobile Masking.shader
  artifactKey: Guid(bc1ede39bf3643ee8e493720e4259791) Importer(2089858483,d624ce77472d68a35037170ec1d2d27e)
Start importing Assets/TextMesh Pro/Shaders/TMP_SDF-Mobile Masking.shader using Guid(bc1ede39bf3643ee8e493720e4259791) Importer(2089858483,d624ce77472d68a35037170ec1d2d27e) (ScriptedImporter) -> (artifact id: 'ddebc914d0b9406c865d0dc5f2e1895f') in 0.0103041 seconds
Number of updated asset objects reloaded before import = 0Number of asset objects unloaded after import = 1

========================================================================
Received Import Request.
  Time since last request: 0.000014 seconds.
  path: Assets/AddOns/MgFPS_Vaporizer/Projectile_Vaporizer.prefab
  artifactKey: Guid(1f09300285d7cda4bac714dace582dda) Importer(2089858483,6ccb1906827d78b5adc64f8648ee0e84)
Start importing Assets/AddOns/MgFPS_Vaporizer/Projectile_Vaporizer.prefab using Guid(1f09300285d7cda4bac714dace582dda) Importer(2089858483,6ccb1906827d78b5adc64f8648ee0e84) (ScriptedImporter) -> (artifact id: '63e88e580a0bd8a9b247d02db4d4a471') in 0.0158751 seconds
Number of updated asset objects reloaded before import = 0Number of asset objects unloaded after import = 18

========================================================================
Received Import Request.
  Time since last request: 0.000017 seconds.
  path: Assets/CodeMonkey/KeyDoorSystem/Objects/DoorPrefab Red.prefab
  artifactKey: Guid(40a90cad705d70542a3895fd114a425f) Importer(2089858483,6ccb1906827d78b5adc64f8648ee0e84)
Start importing Assets/CodeMonkey/KeyDoorSystem/Objects/DoorPrefab Red.prefab using Guid(40a90cad705d70542a3895fd114a425f) Importer(2089858483,6ccb1906827d78b5adc64f8648ee0e84) (ScriptedImporter) -> (artifact id: 'acec9c18d417166d1dffb03323e5c0a1') in 0.0252986 seconds
Number of updated asset objects reloaded before import = 0Number of asset objects unloaded after import = 85

========================================================================
Received Import Request.
  Time since last request: 0.000023 seconds.
  path: Assets/TextMesh Pro/Shaders/TMP_SDF Overlay.shader
  artifactKey: Guid(dd89cf5b9246416f84610a006f916af7) Importer(2089858483,d624ce77472d68a35037170ec1d2d27e)
Start importing Assets/TextMesh Pro/Shaders/TMP_SDF Overlay.shader using Guid(dd89cf5b9246416f84610a006f916af7) Importer(2089858483,d624ce77472d68a35037170ec1d2d27e) (ScriptedImporter) -> (artifact id: '21354b56747cfbadd8196b89721cc408') in 0.0105258 seconds
Number of updated asset objects reloaded before import = 0Number of asset objects unloaded after import = 1

========================================================================
Received Import Request.
  Time since last request: 0.000014 seconds.
  path: Assets/FPS/Prefabs/VFX/VFX_LazerSparksGreen.prefab
  artifactKey: Guid(a7d68b1a502e02a49b8efb1b86a8c931) Importer(2089858483,6ccb1906827d78b5adc64f8648ee0e84)
Start importing Assets/FPS/Prefabs/VFX/VFX_LazerSparksGreen.prefab using Guid(a7d68b1a502e02a49b8efb1b86a8c931) Importer(2089858483,6ccb1906827d78b5adc64f8648ee0e84) (ScriptedImporter) -> (artifact id: 'ce278216b52387ed43f3ded2f3ab6edb') in 0.0205515 seconds
Number of updated asset objects reloaded before import = 0Number of asset objects unloaded after import = 6

========================================================================
Received Import Request.
  Time since last request: 0.000014 seconds.
  path: Assets/AddOns/MgFPS_Enemy_Boss/Prefabs/Enemy_Boss_Variant04.prefab
  artifactKey: Guid(b803d286bcaf6da49ae3e33a431346b2) Importer(2089858483,6ccb1906827d78b5adc64f8648ee0e84)
Start importing Assets/AddOns/MgFPS_Enemy_Boss/Prefabs/Enemy_Boss_Variant04.prefab using Guid(b803d286bcaf6da49ae3e33a431346b2) Importer(2089858483,6ccb1906827d78b5adc64f8648ee0e84) (ScriptedImporter) -> (artifact id: 'ea86f7fffa25d176f8ef657a0863910e') in 0.1576629 seconds
Number of updated asset objects reloaded before import = 0Number of asset objects unloaded after import = 1026

========================================================================
Received Import Request.
  Time since last request: 0.000015 seconds.
  path: Assets/FPS/Prefabs/Projectiles/Projectile_Shotgun.prefab
  artifactKey: Guid(f05c7e6fbbfbe824388456bb4abff9d4) Importer(2089858483,6ccb1906827d78b5adc64f8648ee0e84)
Start importing Assets/FPS/Prefabs/Projectiles/Projectile_Shotgun.prefab using Guid(f05c7e6fbbfbe824388456bb4abff9d4) Importer(2089858483,6ccb1906827d78b5adc64f8648ee0e84) (ScriptedImporter) -> (artifact id: 'bb79a2961ec06cbe189b4b94537cf735') in 0.0138567 seconds
Number of updated asset objects reloaded before import = 0Number of asset objects unloaded after import = 18

========================================================================
Received Import Request.
  Time since last request: 0.000023 seconds.
  path: Assets/FPS/Prefabs/Level/Walls/Wall_Window.prefab
  artifactKey: Guid(726c5e13e3c5f3144bf1cabe65f5a638) Importer(2089858483,6ccb1906827d78b5adc64f8648ee0e84)
Start importing Assets/FPS/Prefabs/Level/Walls/Wall_Window.prefab using Guid(726c5e13e3c5f3144bf1cabe65f5a638) Importer(2089858483,6ccb1906827d78b5adc64f8648ee0e84) (ScriptedImporter) -> (artifact id: '0fee1489abd59774bf9dabb27191541d') in 0.0130619 seconds
Number of updated asset objects reloaded before import = 0Number of asset objects unloaded after import = 18

========================================================================
Received Import Request.
  Time since last request: 0.000015 seconds.
  path: Assets/TextMesh Pro/Shaders/TMP_SDF SSD.shader
  artifactKey: Guid(14eb328de4b8eb245bb7cea29e4ac00b) Importer(2089858483,d624ce77472d68a35037170ec1d2d27e)
Start importing Assets/TextMesh Pro/Shaders/TMP_SDF SSD.shader using Guid(14eb328de4b8eb245bb7cea29e4ac00b) Importer(2089858483,d624ce77472d68a35037170ec1d2d27e) (ScriptedImporter) -> (artifact id: '8610681e42e62d1ea13c48cc4953598d') in 0.0117142 seconds
Number of updated asset objects reloaded before import = 0Number of asset objects unloaded after import = 1

========================================================================
Received Import Request.
  Time since last request: 0.000014 seconds.
  path: Assets/AddOns/MgFPS_Enemy_Boss/Prefabs/Weapon_Module_PhotonCannon_R.prefab
  artifactKey: Guid(c955c0d8fb4514e4f981069f22a0039a) Importer(2089858483,6ccb1906827d78b5adc64f8648ee0e84)
Start importing Assets/AddOns/MgFPS_Enemy_Boss/Prefabs/Weapon_Module_PhotonCannon_R.prefab using Guid(c955c0d8fb4514e4f981069f22a0039a) Importer(2089858483,6ccb1906827d78b5adc64f8648ee0e84) (ScriptedImporter) -> (artifact id: 'ea1863c7fbdbb5129146ff99fdc2d13c') in 0.0325794 seconds
Number of updated asset objects reloaded before import = 0Number of asset objects unloaded after import = 141

========================================================================
Received Import Request.
  Time since last request: 0.000017 seconds.
  path: Assets/FPS/Prefabs/Level/Rooms/Room_Small_Y.prefab
  artifactKey: Guid(5c1f92430588e114db439f8f71ad58e5) Importer(2089858483,6ccb1906827d78b5adc64f8648ee0e84)
Start importing Assets/FPS/Prefabs/Level/Rooms/Room_Small_Y.prefab using Guid(5c1f92430588e114db439f8f71ad58e5) Importer(2089858483,6ccb1906827d78b5adc64f8648ee0e84) (ScriptedImporter) -> (artifact id: '3020d01d746c3a2bdaa6ec5e283ed252') in 0.1085253 seconds
Number of updated asset objects reloaded before import = 0Number of asset objects unloaded after import = 554

========================================================================
Received Import Request.
  Time since last request: 0.000023 seconds.
  path: Assets/FPS/Prefabs/VFX/VFX_HoverBot_Explosion.prefab
  artifactKey: Guid(2a8f5052fe50f7b41b17149abb0f7414) Importer(2089858483,6ccb1906827d78b5adc64f8648ee0e84)
Start importing Assets/FPS/Prefabs/VFX/VFX_HoverBot_Explosion.prefab using Guid(2a8f5052fe50f7b41b17149abb0f7414) Importer(2089858483,6ccb1906827d78b5adc64f8648ee0e84) (ScriptedImporter) -> (artifact id: 'eb27b316dcb8bb9c9e314bdef1a0c2f3') in 0.0698923 seconds
Number of updated asset objects reloaded before import = 0Number of asset objects unloaded after import = 22

========================================================================
Received Import Request.
  Time since last request: 0.000016 seconds.
  path: Assets/FPS/Prefabs/Level/Floors/Floor_HalfIndented.prefab
  artifactKey: Guid(f0b642223a6a4d549bb9882da04969c7) Importer(2089858483,6ccb1906827d78b5adc64f8648ee0e84)
Start importing Assets/FPS/Prefabs/Level/Floors/Floor_HalfIndented.prefab using Guid(f0b642223a6a4d549bb9882da04969c7) Importer(2089858483,6ccb1906827d78b5adc64f8648ee0e84) (ScriptedImporter) -> (artifact id: 'af345f09141f771978ec14c2e3a912b9') in 0.0139757 seconds
Number of updated asset objects reloaded before import = 0Number of asset objects unloaded after import = 19

========================================================================
Received Import Request.
  Time since last request: 0.000014 seconds.
  path: Assets/ModAssets/Prefabs/Hat Prefabs/WizardHat.prefab
  artifactKey: Guid(942c2c1bb4e544cb09d3494e89bb8041) Importer(2089858483,6ccb1906827d78b5adc64f8648ee0e84)
Start importing Assets/ModAssets/Prefabs/Hat Prefabs/WizardHat.prefab using Guid(942c2c1bb4e544cb09d3494e89bb8041) Importer(2089858483,6ccb1906827d78b5adc64f8648ee0e84) (ScriptedImporter) -> (artifact id: 'a486173f98cb5145bbd881fd2f80a536') in 0.0191353 seconds
Number of updated asset objects reloaded before import = 0Number of asset objects unloaded after import = 16

========================================================================
Received Import Request.
  Time since last request: 0.000015 seconds.
  path: Assets/AddOns/MgFPS_Thunderlight/Pickup_Thunderlight.prefab
  artifactKey: Guid(608caff71a6b37341a4b925115154544) Importer(2089858483,6ccb1906827d78b5adc64f8648ee0e84)
Start importing Assets/AddOns/MgFPS_Thunderlight/Pickup_Thunderlight.prefab using Guid(608caff71a6b37341a4b925115154544) Importer(2089858483,6ccb1906827d78b5adc64f8648ee0e84) (ScriptedImporter) -> (artifact id: 'f18bda0b933132ac4a3250adbda5feaa') in 0.1597161 seconds
Number of updated asset objects reloaded before import = 0Number of asset objects unloaded after import = 260

========================================================================
Received Import Request.
  Time since last request: 0.000023 seconds.
  path: Assets/FPS/Prefabs/VFX/VFX_MuzzleFlashGreen.prefab
  artifactKey: Guid(9f671b22f25370048a18fb1f821294ec) Importer(2089858483,6ccb1906827d78b5adc64f8648ee0e84)
Start importing Assets/FPS/Prefabs/VFX/VFX_MuzzleFlashGreen.prefab using Guid(9f671b22f25370048a18fb1f821294ec) Importer(2089858483,6ccb1906827d78b5adc64f8648ee0e84) (ScriptedImporter) -> (artifact id: '4ede9c7ed0605a5e82e8c12b96777f18') in 0.0196804 seconds
Number of updated asset objects reloaded before import = 0Number of asset objects unloaded after import = 6

========================================================================
Received Import Request.
  Time since last request: 0.000015 seconds.
  path: Assets/CodeMonkey/KeyDoorSystem/Objects/DoorPrefab Blue.prefab
  artifactKey: Guid(644381e696adddf47af29eeefb3a0375) Importer(2089858483,6ccb1906827d78b5adc64f8648ee0e84)
Start importing Assets/CodeMonkey/KeyDoorSystem/Objects/DoorPrefab Blue.prefab using Guid(644381e696adddf47af29eeefb3a0375) Importer(2089858483,6ccb1906827d78b5adc64f8648ee0e84) (ScriptedImporter) -> (artifact id: '32f2a5d3312b9341b0d116d6fe8c24f5') in 0.0259145 seconds
Number of updated asset objects reloaded before import = 0Number of asset objects unloaded after import = 86

========================================================================
Received Import Request.
  Time since last request: 0.000014 seconds.
  path: Assets/AddOns/MgFPS_Quasar/Weapon_Quasar.prefab
  artifactKey: Guid(10078a1461d24744f8765850c99569df) Importer(2089858483,6ccb1906827d78b5adc64f8648ee0e84)
Start importing Assets/AddOns/MgFPS_Quasar/Weapon_Quasar.prefab using Guid(10078a1461d24744f8765850c99569df) Importer(2089858483,6ccb1906827d78b5adc64f8648ee0e84) (ScriptedImporter) -> (artifact id: '27f8e99a2d6667f420fe4a39c1c7c14d') in 0.1184524 seconds
Number of updated asset objects reloaded before import = 0Number of asset objects unloaded after import = 128

========================================================================
Received Import Request.
  Time since last request: 0.000018 seconds.
  path: Assets/TextMesh Pro/Sprites/EmojiOne.png
  artifactKey: Guid(dffef66376be4fa480fb02b19edbe903) Importer(2089858483,d624ce77472d68a35037170ec1d2d27e)
Start importing Assets/TextMesh Pro/Sprites/EmojiOne.png using Guid(dffef66376be4fa480fb02b19edbe903) Importer(2089858483,d624ce77472d68a35037170ec1d2d27e) (ScriptedImporter) -> (artifact id: 'de6eb98a0251bc73c9ed4e93d96b23df') in 0.0327791 seconds
Number of updated asset objects reloaded before import = 0Number of asset objects unloaded after import = 1

========================================================================
Received Import Request.
  Time since last request: 0.000024 seconds.
  path: Assets/AddOns/MgFPS_Quasar/Pickup_Quasar.prefab
  artifactKey: Guid(6a4f1bcd9aa220846895336ff0cb1648) Importer(2089858483,6ccb1906827d78b5adc64f8648ee0e84)
Start importing Assets/AddOns/MgFPS_Quasar/Pickup_Quasar.prefab using Guid(6a4f1bcd9aa220846895336ff0cb1648) Importer(2089858483,6ccb1906827d78b5adc64f8648ee0e84) (ScriptedImporter) -> (artifact id: '204f013c4c2b35d2de6c7188b83a7f30') in 0.0822169 seconds
Number of updated asset objects reloaded before import = 0Number of asset objects unloaded after import = 185

========================================================================
Received Import Request.
  Time since last request: 0.000016 seconds.
  path: Assets/AddOns/MgFPS_Molt/Pickup_Molt.prefab
  artifactKey: Guid(efe90a0b32c55404ba88f1fc43282b98) Importer(2089858483,6ccb1906827d78b5adc64f8648ee0e84)
Start importing Assets/AddOns/MgFPS_Molt/Pickup_Molt.prefab using Guid(efe90a0b32c55404ba88f1fc43282b98) Importer(2089858483,6ccb1906827d78b5adc64f8648ee0e84) (ScriptedImporter) -> (artifact id: '277fd8b9792d2c0b556619ef08517133') in 0.1446557 seconds
Number of updated asset objects reloaded before import = 0Number of asset objects unloaded after import = 177

========================================================================
Received Import Request.
  Time since last request: 0.000019 seconds.
  path: Assets/AddOns/MgFPS_Enemy_Boss/Prefabs/Weapon_Module_PhotonCannon_L.prefab
  artifactKey: Guid(a0c937823c964f44d9f9b0471bbfce9d) Importer(2089858483,6ccb1906827d78b5adc64f8648ee0e84)
Start importing Assets/AddOns/MgFPS_Enemy_Boss/Prefabs/Weapon_Module_PhotonCannon_L.prefab using Guid(a0c937823c964f44d9f9b0471bbfce9d) Importer(2089858483,6ccb1906827d78b5adc64f8648ee0e84) (ScriptedImporter) -> (artifact id: '0d21c0460a46f7181dedf3ccd9a70fbc') in 0.0557561 seconds
Number of updated asset objects reloaded before import = 0Number of asset objects unloaded after import = 141

========================================================================
Received Import Request.
  Time since last request: 0.000026 seconds.
  path: Assets/TextMesh Pro/Shaders/TMP_SDF-Surface.shader
  artifactKey: Guid(f7ada0af4f174f0694ca6a487b8f543d) Importer(2089858483,d624ce77472d68a35037170ec1d2d27e)
Start importing Assets/TextMesh Pro/Shaders/TMP_SDF-Surface.shader using Guid(f7ada0af4f174f0694ca6a487b8f543d) Importer(2089858483,d624ce77472d68a35037170ec1d2d27e) (ScriptedImporter) -> (artifact id: '11611616fe142852803a676ea2623d36') in 0.0104965 seconds
Number of updated asset objects reloaded before import = 0Number of asset objects unloaded after import = 1

========================================================================
Received Import Request.
  Time since last request: 0.000013 seconds.
  path: Assets/TextMesh Pro/Shaders/TMP_SDF.shader
  artifactKey: Guid(68e6db2ebdc24f95958faec2be5558d6) Importer(2089858483,d624ce77472d68a35037170ec1d2d27e)
Start importing Assets/TextMesh Pro/Shaders/TMP_SDF.shader using Guid(68e6db2ebdc24f95958faec2be5558d6) Importer(2089858483,d624ce77472d68a35037170ec1d2d27e) (ScriptedImporter) -> (artifact id: 'ddbf329c6e5da5306a136732cdb5d9e2') in 0.0113041 seconds
Number of updated asset objects reloaded before import = 0Number of asset objects unloaded after import = 1

========================================================================
Received Import Request.
  Time since last request: 0.000014 seconds.
  path: Assets/FPS/Prefabs/Level/Dungeon/Dun_Hall.prefab
  artifactKey: Guid(fc17ef824b45b2d4f8067b22da77a8d5) Importer(2089858483,6ccb1906827d78b5adc64f8648ee0e84)
Start importing Assets/FPS/Prefabs/Level/Dungeon/Dun_Hall.prefab using Guid(fc17ef824b45b2d4f8067b22da77a8d5) Importer(2089858483,6ccb1906827d78b5adc64f8648ee0e84) (ScriptedImporter) -> (artifact id: '8683ab34f07d5b97f4e7854314010010') in 0.0324671 seconds
Number of updated asset objects reloaded before import = 0Number of asset objects unloaded after import = 156

========================================================================
Received Import Request.
  Time since last request: 0.000017 seconds.
  path: Assets/CodeMonkey/KeyDoorSystem/Objects/KeyPrefabBlue.prefab
  artifactKey: Guid(153b48c1a8887d44ab10780bec4533d1) Importer(2089858483,6ccb1906827d78b5adc64f8648ee0e84)
Start importing Assets/CodeMonkey/KeyDoorSystem/Objects/KeyPrefabBlue.prefab using Guid(153b48c1a8887d44ab10780bec4533d1) Importer(2089858483,6ccb1906827d78b5adc64f8648ee0e84) (ScriptedImporter) -> (artifact id: '6e6397951382516f9c80b10deac217fb') in 0.0185796 seconds
Number of updated asset objects reloaded before import = 0Number of asset objects unloaded after import = 30

========================================================================
Received Import Request.
  Time since last request: 0.000023 seconds.
  path: Assets/FPS/Prefabs/Weapons/Weapon_Launcher.prefab
  artifactKey: Guid(3439b4874b7b44e4eb2216314c46b85c) Importer(2089858483,6ccb1906827d78b5adc64f8648ee0e84)
Start importing Assets/FPS/Prefabs/Weapons/Weapon_Launcher.prefab using Guid(3439b4874b7b44e4eb2216314c46b85c) Importer(2089858483,6ccb1906827d78b5adc64f8648ee0e84) (ScriptedImporter) -> (artifact id: 'c0f5068ebdf013d42423b9b957a8d2ff') in 0.0748356 seconds
Number of updated asset objects reloaded before import = 0Number of asset objects unloaded after import = 123

========================================================================
Received Import Request.
  Time since last request: 0.000014 seconds.
  path: Assets/FPS/Prefabs/Level/Steps/HighStep.prefab
  artifactKey: Guid(e3a6816b03ceb084b837f8669a888407) Importer(2089858483,6ccb1906827d78b5adc64f8648ee0e84)
Start importing Assets/FPS/Prefabs/Level/Steps/HighStep.prefab using Guid(e3a6816b03ceb084b837f8669a888407) Importer(2089858483,6ccb1906827d78b5adc64f8648ee0e84) (ScriptedImporter) -> (artifact id: '6fa9402f56da75e722a9e5ae228a7ac4') in 0.0232975 seconds
Number of updated asset objects reloaded before import = 0Number of asset objects unloaded after import = 78

========================================================================
Received Import Request.
  Time since last request: 0.000016 seconds.
  path: Assets/AddOns/MgFPS_Enemy_Boss/Prefabs/Weapon_Module_EyeLazers.prefab
  artifactKey: Guid(28b1e9e049128d24a907a85571c64ee3) Importer(2089858483,6ccb1906827d78b5adc64f8648ee0e84)
Start importing Assets/AddOns/MgFPS_Enemy_Boss/Prefabs/Weapon_Module_EyeLazers.prefab using Guid(28b1e9e049128d24a907a85571c64ee3) Importer(2089858483,6ccb1906827d78b5adc64f8648ee0e84) (ScriptedImporter) -> (artifact id: '6411b6a95c8942b099e638817594ef02') in 0.0172897 seconds
Number of updated asset objects reloaded before import = 0Number of asset objects unloaded after import = 27

========================================================================
Received Import Request.
  Time since last request: 0.000017 seconds.
  path: Assets/ModAssets/Prefabs/Trail Prefabs/FireTrail.prefab
  artifactKey: Guid(dfa71f3ca0c2e408c855c56585bfbaad) Importer(2089858483,6ccb1906827d78b5adc64f8648ee0e84)
Start importing Assets/ModAssets/Prefabs/Trail Prefabs/FireTrail.prefab using Guid(dfa71f3ca0c2e408c855c56585bfbaad) Importer(2089858483,6ccb1906827d78b5adc64f8648ee0e84) (ScriptedImporter) -> (artifact id: '79a9be8e0fe82cedd0493123e84fd9ae') in 0.0195562 seconds
Number of updated asset objects reloaded before import = 0Number of asset objects unloaded after import = 5

========================================================================
Received Import Request.
  Time since last request: 0.000023 seconds.
  path: Assets/FPS/Prefabs/Level/Ramps/Ramp_8m.prefab
  artifactKey: Guid(5c72ddea2f895514baf15cd7a04249d4) Importer(2089858483,6ccb1906827d78b5adc64f8648ee0e84)
Start importing Assets/FPS/Prefabs/Level/Ramps/Ramp_8m.prefab using Guid(5c72ddea2f895514baf15cd7a04249d4) Importer(2089858483,6ccb1906827d78b5adc64f8648ee0e84) (ScriptedImporter) -> (artifact id: 'b9aaf508c291589e439cd1d27ab8a9f9') in 0.0138107 seconds
Number of updated asset objects reloaded before import = 0Number of asset objects unloaded after import = 18

========================================================================
Received Import Request.
  Time since last request: 0.000015 seconds.
  path: Assets/FPS/Prefabs/Projectiles/Projectile_Hoverbot.prefab
  artifactKey: Guid(ec753d54f333bb944b8b04884ad63828) Importer(2089858483,6ccb1906827d78b5adc64f8648ee0e84)
Start importing Assets/FPS/Prefabs/Projectiles/Projectile_Hoverbot.prefab using Guid(ec753d54f333bb944b8b04884ad63828) Importer(2089858483,6ccb1906827d78b5adc64f8648ee0e84) (ScriptedImporter) -> (artifact id: '832e524ad3b9f3d9db30076e89985a92') in 0.0145338 seconds
Number of updated asset objects reloaded before import = 0Number of asset objects unloaded after import = 18

========================================================================
Received Import Request.
  Time since last request: 0.000015 seconds.
  path: Assets/FPS/Prefabs/VFX/VFX_JetpackTrail.prefab
  artifactKey: Guid(7468cd18030a0204ab08baf7ac36ff1e) Importer(2089858483,6ccb1906827d78b5adc64f8648ee0e84)
Start importing Assets/FPS/Prefabs/VFX/VFX_JetpackTrail.prefab using Guid(7468cd18030a0204ab08baf7ac36ff1e) Importer(2089858483,6ccb1906827d78b5adc64f8648ee0e84) (ScriptedImporter) -> (artifact id: '120efb535631f25b5d2d6407a1b2951c') in 0.0193018 seconds
Number of updated asset objects reloaded before import = 0Number of asset objects unloaded after import = 6

========================================================================
Received Import Request.
  Time since last request: 0.000015 seconds.
  path: Assets/AddOns/MgFPS_Molt/Projectile_Molt.prefab
  artifactKey: Guid(0b52628ed8463a442a45df2ab852ad7b) Importer(2089858483,6ccb1906827d78b5adc64f8648ee0e84)
Start importing Assets/AddOns/MgFPS_Molt/Projectile_Molt.prefab using Guid(0b52628ed8463a442a45df2ab852ad7b) Importer(2089858483,6ccb1906827d78b5adc64f8648ee0e84) (ScriptedImporter) -> (artifact id: 'c7ec681b6006535319ffded722e00645') in 0.1113641 seconds
Number of updated asset objects reloaded before import = 0Number of asset objects unloaded after import = 81

========================================================================
Received Import Request.
  Time since last request: 0.000017 seconds.
  path: Assets/FPS/Prefabs/Level/Signs/Sign_Triangle.prefab
  artifactKey: Guid(406361925eb618a49b3e29d64b5b734d) Importer(2089858483,6ccb1906827d78b5adc64f8648ee0e84)
Start importing Assets/FPS/Prefabs/Level/Signs/Sign_Triangle.prefab using Guid(406361925eb618a49b3e29d64b5b734d) Importer(2089858483,6ccb1906827d78b5adc64f8648ee0e84) (ScriptedImporter) -> (artifact id: 'a67db479be5d71d86b94b51c53f0b84b') in 0.0120836 seconds
Number of updated asset objects reloaded before import = 0Number of asset objects unloaded after import = 8

========================================================================
Received Import Request.
  Time since last request: 0.000025 seconds.
  path: Assets/FPS/Prefabs/UI/GameMessageGeneric.prefab
  artifactKey: Guid(dbfc7742a2f49bf42a9a012e4ec4b773) Importer(2089858483,6ccb1906827d78b5adc64f8648ee0e84)
Start importing Assets/FPS/Prefabs/UI/GameMessageGeneric.prefab using Guid(dbfc7742a2f49bf42a9a012e4ec4b773) Importer(2089858483,6ccb1906827d78b5adc64f8648ee0e84) (ScriptedImporter) -> (artifact id: '2f023e08e6b43269e969ab07d574cd67') in 0.0203283 seconds
Number of updated asset objects reloaded before import = 0Number of asset objects unloaded after import = 19

========================================================================
Received Import Request.
  Time since last request: 0.000015 seconds.
  path: Assets/TextMesh Pro/Shaders/TMP_SDF-Mobile Overlay.shader
  artifactKey: Guid(a02a7d8c237544f1962732b55a9aebf1) Importer(2089858483,d624ce77472d68a35037170ec1d2d27e)
Start importing Assets/TextMesh Pro/Shaders/TMP_SDF-Mobile Overlay.shader using Guid(a02a7d8c237544f1962732b55a9aebf1) Importer(2089858483,d624ce77472d68a35037170ec1d2d27e) (ScriptedImporter) -> (artifact id: '95d21ed53f9f63c8d107831f786f6f20') in 0.0122257 seconds
Number of updated asset objects reloaded before import = 0Number of asset objects unloaded after import = 1

========================================================================
Received Import Request.
  Time since last request: 0.000013 seconds.
  path: Assets/AddOns/MgFPS_Vaporizer/Weapon_Vaporizer.prefab
  artifactKey: Guid(309c2f522237008469f37d1c741e940c) Importer(2089858483,6ccb1906827d78b5adc64f8648ee0e84)
Start importing Assets/AddOns/MgFPS_Vaporizer/Weapon_Vaporizer.prefab using Guid(309c2f522237008469f37d1c741e940c) Importer(2089858483,6ccb1906827d78b5adc64f8648ee0e84) (ScriptedImporter) -> (artifact id: '80d07600a9a46706e6969d05e34a783b') in 0.0803373 seconds
Number of updated asset objects reloaded before import = 0Number of asset objects unloaded after import = 109

========================================================================
Received Import Request.
  Time since last request: 0.000018 seconds.
  path: Assets/FPS/Prefabs/Level/MainLvl/Section1/Observatory.prefab
  artifactKey: Guid(659fddafec3ba284aaa98efbc1d55aed) Importer(2089858483,6ccb1906827d78b5adc64f8648ee0e84)
Start importing Assets/FPS/Prefabs/Level/MainLvl/Section1/Observatory.prefab using Guid(659fddafec3ba284aaa98efbc1d55aed) Importer(2089858483,6ccb1906827d78b5adc64f8648ee0e84) (ScriptedImporter) -> (artifact id: '7502a005a68fd6565e0e54c59d44a0c6') in 0.0879692 seconds
Number of updated asset objects reloaded before import = 0Number of asset objects unloaded after import = 452

========================================================================
Received Import Request.
  Time since last request: 0.000023 seconds.
  path: Assets/FPS/Prefabs/Level/MainLvl/Section3/Open_Ceiling.prefab
  artifactKey: Guid(c0ceff72c62fad8459244ab9aa143285) Importer(2089858483,6ccb1906827d78b5adc64f8648ee0e84)
Start importing Assets/FPS/Prefabs/Level/MainLvl/Section3/Open_Ceiling.prefab using Guid(c0ceff72c62fad8459244ab9aa143285) Importer(2089858483,6ccb1906827d78b5adc64f8648ee0e84) (ScriptedImporter) -> (artifact id: '7b838c6f97e30a3e35dc3c844d548ffd') in 0.3514684 seconds
Number of updated asset objects reloaded before import = 0Number of asset objects unloaded after import = 1751

========================================================================
Received Import Request.
  Time since last request: 0.000018 seconds.
  path: Assets/ModAssets/Prefabs/BillboardPrefabs/BillboardWide.prefab
  artifactKey: Guid(87a6cea72ce7247a2814467dab442418) Importer(2089858483,6ccb1906827d78b5adc64f8648ee0e84)
Start importing Assets/ModAssets/Prefabs/BillboardPrefabs/BillboardWide.prefab using Guid(87a6cea72ce7247a2814467dab442418) Importer(2089858483,6ccb1906827d78b5adc64f8648ee0e84) (ScriptedImporter) -> (artifact id: 'a899415b57f1143a65e7dde2c7272a90') in 0.0313093 seconds
Number of updated asset objects reloaded before import = 0Number of asset objects unloaded after import = 28

========================================================================
Received Import Request.
  Time since last request: 0.000023 seconds.
  path: Assets/TextMesh Pro/Shaders/TMPro_Surface.cginc
  artifactKey: Guid(d930090c0cd643c7b55f19a38538c162) Importer(2089858483,d624ce77472d68a35037170ec1d2d27e)
Start importing Assets/TextMesh Pro/Shaders/TMPro_Surface.cginc using Guid(d930090c0cd643c7b55f19a38538c162) Importer(2089858483,d624ce77472d68a35037170ec1d2d27e) (ScriptedImporter) -> (artifact id: 'b8e0fdcd7c357111591b1c3c8a4d33c0') in 0.0169004 seconds
Number of updated asset objects reloaded before import = 0Number of asset objects unloaded after import = 1

========================================================================
Received Import Request.
  Time since last request: 0.000014 seconds.
  path: Assets/TextMesh Pro/Resources/LineBreaking Leading Characters.txt
  artifactKey: Guid(d82c1b31c7e74239bff1220585707d2b) Importer(2089858483,d624ce77472d68a35037170ec1d2d27e)
Start importing Assets/TextMesh Pro/Resources/LineBreaking Leading Characters.txt using Guid(d82c1b31c7e74239bff1220585707d2b) Importer(2089858483,d624ce77472d68a35037170ec1d2d27e) (ScriptedImporter) -> (artifact id: 'b0b9e40e403716dc9ede4cbc8b3ae4ce') in 0.0108477 seconds
Number of updated asset objects reloaded before import = 0Number of asset objects unloaded after import = 1

========================================================================
Received Import Request.
  Time since last request: 0.000013 seconds.
  path: Assets/ModAssets/Prefabs/Totems/Statue_Wall.prefab
  artifactKey: Guid(edeaf041d2df0314eb55e3bf76b1b3a5) Importer(2089858483,6ccb1906827d78b5adc64f8648ee0e84)
Start importing Assets/ModAssets/Prefabs/Totems/Statue_Wall.prefab using Guid(edeaf041d2df0314eb55e3bf76b1b3a5) Importer(2089858483,6ccb1906827d78b5adc64f8648ee0e84) (ScriptedImporter) -> (artifact id: 'c0213a95fd30499690c93144b3b6c468') in 0.0134735 seconds
Number of updated asset objects reloaded before import = 0Number of asset objects unloaded after import = 9

========================================================================
Received Import Request.
  Time since last request: 0.000019 seconds.
  path: Assets/AddOns/MgFPS_Molt/Weapon_Molt.prefab
  artifactKey: Guid(d6a1befbed563f04f892fc096959b96c) Importer(2089858483,6ccb1906827d78b5adc64f8648ee0e84)
Start importing Assets/AddOns/MgFPS_Molt/Weapon_Molt.prefab using Guid(d6a1befbed563f04f892fc096959b96c) Importer(2089858483,6ccb1906827d78b5adc64f8648ee0e84) (ScriptedImporter) -> (artifact id: '36a5af8b1f01fbe4a481206e95b0fe14') in 0.0478411 seconds
Number of updated asset objects reloaded before import = 0Number of asset objects unloaded after import = 142

========================================================================
Received Import Request.
  Time since last request: 0.000024 seconds.
  path: Assets/TextMesh Pro/Resources/Fonts & Materials/LiberationSans SDF - Drop Shadow.mat
  artifactKey: Guid(e73a58f6e2794ae7b1b7e50b7fb811b0) Importer(2089858483,d624ce77472d68a35037170ec1d2d27e)
Start importing Assets/TextMesh Pro/Resources/Fonts & Materials/LiberationSans SDF - Drop Shadow.mat using Guid(e73a58f6e2794ae7b1b7e50b7fb811b0) Importer(2089858483,d624ce77472d68a35037170ec1d2d27e) (ScriptedImporter) -> (artifact id: 'f9ba54cc0e9be86002032bf2f14c55ad') in 0.0245671 seconds
Number of updated asset objects reloaded before import = 0Number of asset objects unloaded after import = 3

========================================================================
Received Import Request.
  Time since last request: 0.000013 seconds.
  path: Assets/FPS/Prefabs/VFX/VFX_MuzzleFlashRed.prefab
  artifactKey: Guid(3f5b545b9a1e74c418b061bba5bb9e2c) Importer(2089858483,6ccb1906827d78b5adc64f8648ee0e84)
Start importing Assets/FPS/Prefabs/VFX/VFX_MuzzleFlashRed.prefab using Guid(3f5b545b9a1e74c418b061bba5bb9e2c) Importer(2089858483,6ccb1906827d78b5adc64f8648ee0e84) (ScriptedImporter) -> (artifact id: 'a9c631958d2cb0423b51997e095a5572') in 0.0219617 seconds
Number of updated asset objects reloaded before import = 0Number of asset objects unloaded after import = 6

========================================================================
Received Import Request.
  Time since last request: 0.000013 seconds.
  path: Assets/AddOns/MgFPS_Aurous/Pickup_Aurous.prefab
  artifactKey: Guid(f85df061af5c57b4ca7ed69c180a3cd5) Importer(2089858483,6ccb1906827d78b5adc64f8648ee0e84)
Start importing Assets/AddOns/MgFPS_Aurous/Pickup_Aurous.prefab using Guid(f85df061af5c57b4ca7ed69c180a3cd5) Importer(2089858483,6ccb1906827d78b5adc64f8648ee0e84) (ScriptedImporter) -> (artifact id: 'b9551924adb145b66d8de60edeaecc05') in 0.0583615 seconds
Number of updated asset objects reloaded before import = 0Number of asset objects unloaded after import = 136

========================================================================
Received Import Request.
  Time since last request: 29.821984 seconds.
  path: Assets/Settings/Very Low_PipelineAsset.asset
  artifactKey: Guid(cc4e6aefd2cea419a97ff735d43ebbd3) Importer(2089858483,d624ce77472d68a35037170ec1d2d27e)
Start importing Assets/Settings/Very Low_PipelineAsset.asset using Guid(cc4e6aefd2cea419a97ff735d43ebbd3) Importer(2089858483,d624ce77472d68a35037170ec1d2d27e) (ScriptedImporter) -> (artifact id: '760eb0241de4c16cfb4deff9bd642d73') in 0.0345254 seconds
Number of updated asset objects reloaded before import = 0Number of asset objects unloaded after import = 2

========================================================================
Received Prepare
Begin MonoManager ReloadAssembly
[Licensing::Client] Successfully resolved entitlement details
ADTM: Control thread waiting for realtime thread timed out, have to lock...
- Loaded All Assemblies, in  1.777 seconds
Refreshing native plugins compatible for Editor in 0.83 ms, found 2 plugins.
Native extension for LinuxStandalone target not found
Native extension for AppleTV target not found
Native extension for iOS target not found
Native extension for Android target not found
Native extension for UWP target not found
Native extension for WindowsStandalone target not found
Native extension for OSXStandalone target not found
Native extension for WebGL target not found
[Package Manager] Failed to launch server process. Reason: Unity was launched with the -noUpm command-line argument
[Package Manager] Unable to send message (not connected to server process).
[Package Manager] Cannot connect to Unity Package Manager local server
[MODES] ModeService[none].Initialize
[MODES] ModeService[none].LoadModes
ScheduleIndexationOnStartup MainProcess:False IndexOnStartup:True
Mono: successfully reloaded assembly
- Finished resetting the current domain, in  0.665 seconds
Domain Reload Profiling: 2435ms
	BeginReloadAssembly (1220ms)
		ExecutionOrderSort (0ms)
		DisableScriptedObjects (5ms)
		BackupInstance (0ms)
		ReleaseScriptingObjects (0ms)
		CreateAndSetChildDomain (1067ms)
	RebuildCommonClasses (28ms)
	RebuildNativeTypeToScriptingClass (11ms)
	initialDomainReloadingComplete (30ms)
	LoadAllAssembliesAndSetupDomain (480ms)
		LoadAssemblies (408ms)
		RebuildTransferFunctionScriptingTraits (0ms)
		AnalyzeDomain (164ms)
			TypeCache.Refresh (5ms)
				TypeCache.ScanAssembly (0ms)
			BuildScriptInfoCaches (148ms)
			ResolveRequiredComponents (7ms)
	FinalizeReload (665ms)
		ReleaseScriptCaches (0ms)
		RebuildScriptCaches (0ms)
		SetupLoadedEditorAssemblies (524ms)
			LogAssemblyErrors (0ms)
			InitializePlatformSupportModulesInManaged (25ms)
			SetLoadedEditorAssemblies (6ms)
			BeforeProcessingInitializeOnLoad (144ms)
			ProcessInitializeOnLoadAttributes (263ms)
			ProcessInitializeOnLoadMethodAttributes (80ms)
			AfterProcessingInitializeOnLoad (7ms)
			EditorAssembliesLoaded (0ms)
		ExecutionOrderSort2 (0ms)
		AwakeInstancesAfterBackupRestoration (12ms)
Refreshing native plugins compatible for Editor in 1.04 ms, found 2 plugins.
Preloading 0 native plugins for Editor in 0.00 ms.
Unloading 18 Unused Serialized files (Serialized files now loaded: 0)
Unloading 5373 unused Assets / (4.1 MB). Loaded Objects now: 6246.
Memory consumption went from 151.7 MB to 147.6 MB.
Total: 7.567700 ms (FindLiveObjects: 0.647600 ms CreateObjectMapping: 0.244500 ms MarkObjects: 5.063100 ms  DeleteObjects: 1.611400 ms)

Prepare: number of updated asset objects reloaded= 0
Editor requested this worker to shutdown with reason: Scaling down because of idle timeout
AssetImportWorker is now disconnected from the server
Process exiting
Exiting without the bug reporter. Application will terminate with return code 0