
=== Wed Jun 28 11:47:19 2023

Packages were changed.
Update Mode: mergeDefaultDependencies

The following packages were added:
  com.unity.ide.rider@3.0.15
  com.unity.ide.visualstudio@2.0.16
  com.unity.ide.vscode@1.2.5
  com.unity.modules.ai@1.0.0
  com.unity.modules.androidjni@1.0.0
  com.unity.modules.animation@1.0.0
  com.unity.modules.assetbundle@1.0.0
  com.unity.modules.audio@1.0.0
  com.unity.modules.cloth@1.0.0
  com.unity.modules.director@1.0.0
  com.unity.modules.imageconversion@1.0.0
  com.unity.modules.imgui@1.0.0
  com.unity.modules.jsonserialize@1.0.0
  com.unity.modules.particlesystem@1.0.0
  com.unity.modules.physics@1.0.0
  com.unity.modules.physics2d@1.0.0
  com.unity.modules.screencapture@1.0.0
  com.unity.modules.terrain@1.0.0
  com.unity.modules.terrainphysics@1.0.0
  com.unity.modules.tilemap@1.0.0
  com.unity.modules.ui@1.0.0
  com.unity.modules.uielements@1.0.0
  com.unity.modules.umbra@1.0.0
  com.unity.modules.unityanalytics@1.0.0
  com.unity.modules.unitywebrequest@1.0.0
  com.unity.modules.unitywebrequestassetbundle@1.0.0
  com.unity.modules.unitywebrequestaudio@1.0.0
  com.unity.modules.unitywebrequesttexture@1.0.0
  com.unity.modules.unitywebrequestwww@1.0.0
  com.unity.modules.vehicles@1.0.0
  com.unity.modules.video@1.0.0
  com.unity.modules.vr@1.0.0
  com.unity.modules.wind@1.0.0
  com.unity.modules.xr@1.0.0
  com.unity.test-framework@1.1.33
The following packages were updated:
  com.unity.collab-proxy from version 1.13.5 to 1.17.2
  com.unity.timeline from version 1.6.2 to 1.7.1
  com.unity.visualscripting from version 1.7.6 to 1.7.8

=== Sun Jun 22 18:05:29 2025

Packages were changed.
Update Mode: updateDependencies

The following packages were added:
  com.unity.ai.navigation@2.0.6
  com.unity.modules.accessibility@1.0.0
  com.unity.multiplayer.center@1.0.0
The following packages were updated:
  com.unity.collab-proxy from version 1.17.2 to 2.7.1
  com.unity.feature.development from version 1.0.1 to 1.0.2
  com.unity.ide.rider from version 3.0.15 to 3.0.31
  com.unity.ide.visualstudio from version 2.0.16 to 2.0.22
  com.unity.test-framework from version 1.1.33 to 1.4.6
  com.unity.timeline from version 1.7.1 to 1.8.7
  com.unity.ugui from version 1.0.0 to 2.0.0
  com.unity.visualscripting from version 1.7.8 to 1.9.5
The following packages were removed:
  com.unity.textmeshpro@3.0.6

=== Sun Jun 22 18:16:05 2025

Packages were changed.
Update Mode: updateDependencies

The following packages were updated:
  com.unity.probuilder from version 5.0.7 to 6.0.4
  com.unity.render-pipelines.universal from version 14.0.7 to 17.0.4
  com.unity.ugui from version 1.0.0 to 2.0.0
  com.unity.learn.iet-framework from version 3.1.3 to 4.0.4
  com.unity.render-pipelines.core from version 14.0.7 to 17.0.4
The following packages were removed:
  com.unity.textmeshpro@3.0.6

=== Sun Jun 22 18:16:05 2025

Packages were changed.
Update Mode: mergeDefaultDependencies

The following packages were added:
  com.unity.connect.share@4.2.3
  com.unity.learn.iet-framework@4.0.4
  com.unity.probuilder@6.0.4
  com.unity.render-pipelines.core@17.0.4
  com.unity.render-pipelines.universal@17.0.4

=== Fri Jun 19 11:23:34 2026

Packages were changed.
Update Mode: updateDependencies

The following packages were added:
  com.unity.modules.adaptiveperformance@1.0.0
  com.unity.modules.vectorgraphics@1.0.0
The following packages were updated:
  com.unity.ai.navigation from version 2.0.8 to 2.0.10
  com.unity.collab-proxy from version 2.9.3 to 2.11.3
  com.unity.connect.share from version 4.2.3 to 4.2.4
  com.unity.inputsystem from version 1.14.2 to 1.18.0
  com.unity.learn.iet-framework from version 4.0.4 to 5.0.2
  com.unity.multiplayer.center from version 1.0.0 to 1.0.1
  com.unity.probuilder from version 6.0.6 to 6.0.8
  com.unity.render-pipelines.universal from version 17.0.4 to 17.3.0
  com.unity.test-framework from version 1.5.1 to 1.6.0
  com.unity.timeline from version 1.8.9 to 1.8.10
